
Merging program properties


As-needed library included to satisfy reference by file (symbol)

libcurl.so.4                  _build/utils.o (curl_easy_cleanup@@CURL_OPENSSL_4)
libcrypto.so.3                _build/utils.o (OPENSSL_init_crypto@@OPENSSL_3.0.0)
libmosquittopp.so.1           _build/mqtt.o (mosqpp::mosquittopp::loop_start())
libmosquitto.so.1             _build/mqtt.o (mosquitto_strerror@@MOSQ_1.0)
libstdc++.so.6                _build/mqtt.o (std::__cxx11::basic_string<char, std::char_traits<char>, std::allocator<char> >::compare(char const*) const@@GLIBCXX_3.4.21)
libgcc_s.so.1                 _build/app.o (_Unwind_Resume@@GCC_3.0)
libc.so.6                     _build/utils.o (fgets@@GLIBC_2.2.5)

Discarded input sections

 .note.GNU-stack
                0x0000000000000000        0x0 /usr/lib/gcc/x86_64-linux-gnu/11/../../../x86_64-linux-gnu/Scrt1.o
 .note.gnu.property
                0x0000000000000000       0x20 /usr/lib/gcc/x86_64-linux-gnu/11/../../../x86_64-linux-gnu/crti.o
 .note.GNU-stack
                0x0000000000000000        0x0 /usr/lib/gcc/x86_64-linux-gnu/11/../../../x86_64-linux-gnu/crti.o
 .note.GNU-stack
                0x0000000000000000        0x0 /usr/lib/gcc/x86_64-linux-gnu/11/crtbeginS.o
 .note.gnu.property
                0x0000000000000000       0x20 /usr/lib/gcc/x86_64-linux-gnu/11/crtbeginS.o
 .debug_info    0x0000000000000000     0xa0aa _build/ak.o
 .debug_abbrev  0x0000000000000000      0xab3 _build/ak.o
 .debug_loclists
                0x0000000000000000     0x31f5 _build/ak.o
 .debug_aranges
                0x0000000000000000       0x40 _build/ak.o
 .debug_rnglists
                0x0000000000000000      0x832 _build/ak.o
 .debug_line    0x0000000000000000     0x1f3e _build/ak.o
 .debug_str     0x0000000000000000     0x7fae _build/ak.o
 .debug_line_str
                0x0000000000000000      0x4cf _build/ak.o
 .note.GNU-stack
                0x0000000000000000        0x0 _build/ak.o
 .note.gnu.property
                0x0000000000000000       0x20 _build/ak.o
 .debug_info    0x0000000000000000      0xcd5 _build/message.o
 .debug_abbrev  0x0000000000000000      0x2cb _build/message.o
 .debug_loclists
                0x0000000000000000      0x15c _build/message.o
 .debug_aranges
                0x0000000000000000       0x30 _build/message.o
 .debug_line    0x0000000000000000      0x262 _build/message.o
 .debug_str     0x0000000000000000      0x588 _build/message.o
 .debug_line_str
                0x0000000000000000      0x215 _build/message.o
 .note.GNU-stack
                0x0000000000000000        0x0 _build/message.o
 .note.gnu.property
                0x0000000000000000       0x20 _build/message.o
 .debug_info    0x0000000000000000     0x60bb _build/timer.o
 .debug_abbrev  0x0000000000000000      0x938 _build/timer.o
 .debug_loclists
                0x0000000000000000      0x3cb _build/timer.o
 .debug_aranges
                0x0000000000000000       0x30 _build/timer.o
 .debug_line    0x0000000000000000      0x6ba _build/timer.o
 .debug_str     0x0000000000000000     0x787e _build/timer.o
 .debug_line_str
                0x0000000000000000      0x51c _build/timer.o
 .note.GNU-stack
                0x0000000000000000        0x0 _build/timer.o
 .note.gnu.property
                0x0000000000000000       0x20 _build/timer.o
 .debug_info    0x0000000000000000      0x235 _build/fsm.o
 .debug_abbrev  0x0000000000000000       0xe3 _build/fsm.o
 .debug_loclists
                0x0000000000000000       0x37 _build/fsm.o
 .debug_aranges
                0x0000000000000000       0x30 _build/fsm.o
 .debug_line    0x0000000000000000       0x73 _build/fsm.o
 .debug_str     0x0000000000000000      0x22e _build/fsm.o
 .debug_line_str
                0x0000000000000000       0xe1 _build/fsm.o
 .note.GNU-stack
                0x0000000000000000        0x0 _build/fsm.o
 .note.gnu.property
                0x0000000000000000       0x20 _build/fsm.o
 .debug_info    0x0000000000000000      0x40e _build/tsm.o
 .debug_abbrev  0x0000000000000000      0x164 _build/tsm.o
 .debug_loclists
                0x0000000000000000       0xf2 _build/tsm.o
 .debug_aranges
                0x0000000000000000       0x30 _build/tsm.o
 .debug_line    0x0000000000000000      0x13f _build/tsm.o
 .debug_str     0x0000000000000000      0x33e _build/tsm.o
 .debug_line_str
                0x0000000000000000       0xf9 _build/tsm.o
 .note.GNU-stack
                0x0000000000000000        0x0 _build/tsm.o
 .note.gnu.property
                0x0000000000000000       0x20 _build/tsm.o
 .debug_info    0x0000000000000000      0xc69 _build/sys_dbg.o
 .debug_abbrev  0x0000000000000000      0x30e _build/sys_dbg.o
 .debug_loclists
                0x0000000000000000       0xae _build/sys_dbg.o
 .debug_aranges
                0x0000000000000000       0x30 _build/sys_dbg.o
 .debug_rnglists
                0x0000000000000000       0x2e _build/sys_dbg.o
 .debug_line    0x0000000000000000      0x1b9 _build/sys_dbg.o
[...]
Memory Configuration

Name             Origin             Length             Attributes
*default*        0x0000000000000000 0xffffffffffffffff

Linker script and memory map

LOAD /usr/lib/gcc/x86_64-linux-gnu/11/../../../x86_64-linux-gnu/Scrt1.o
LOAD /usr/lib/gcc/x86_64-linux-gnu/11/../../../x86_64-linux-gnu/crti.o
LOAD /usr/lib/gcc/x86_64-linux-gnu/11/crtbeginS.o
LOAD _build/ak.o
LOAD _build/message.o
LOAD _build/timer.o
LOAD _build/fsm.o
LOAD _build/tsm.o
LOAD _build/sys_dbg.o
LOAD _build/app.o
LOAD _build/task_list.o
LOAD _build/task_webrtc.o
LOAD _build/app_config.o
LOAD _build/app_data.o
LOAD _build/mqtt.o
LOAD _build/cmd_line.o
LOAD _build/jsmn.o
LOAD _build/firmware.o
LOAD _build/utils.o
LOAD _build/fifo.o
LOAD sources/libraries/linux64/lib/libdatachannel.a
LOAD sources/libraries/linux64/lib/libjuice.a
LOAD sources/libraries/linux64/lib/libsrtp2.a
LOAD sources/libraries/linux64/lib/libusrsctp.a
LOAD /usr/lib/gcc/x86_64-linux-gnu/11/../../../x86_64-linux-gnu/libpthread.a
LOAD /usr/lib/gcc/x86_64-linux-gnu/11/../../../x86_64-linux-gnu/librt.a
LOAD /usr/lib/gcc/x86_64-linux-gnu/11/../../../x86_64-linux-gnu/libcurl.so
LOAD /usr/lib/gcc/x86_64-linux-gnu/11/../../../x86_64-linux-gnu/libcrypto.so
LOAD /usr/lib/gcc/x86_64-linux-gnu/11/../../../x86_64-linux-gnu/libssl.so
LOAD /usr/lib/gcc/x86_64-linux-gnu/11/../../../x86_64-linux-gnu/libmosquittopp.so
LOAD /usr/lib/gcc/x86_64-linux-gnu/11/../../../x86_64-linux-gnu/libmosquitto.so
LOAD /usr/lib/gcc/x86_64-linux-gnu/11/libstdc++.so
LOAD /usr/lib/gcc/x86_64-linux-gnu/11/../../../x86_64-linux-gnu/libm.so
START GROUP
LOAD /lib/x86_64-linux-gnu/libm.so.6
LOAD /lib/x86_64-linux-gnu/libmvec.so.1
END GROUP
LOAD /usr/lib/gcc/x86_64-linux-gnu/11/libgcc_s.so
START GROUP
LOAD /usr/lib/gcc/x86_64-linux-gnu/11/../../../x86_64-linux-gnu/libgcc_s.so.1
LOAD /usr/lib/gcc/x86_64-linux-gnu/11/libgcc.a
END GROUP
LOAD /usr/lib/gcc/x86_64-linux-gnu/11/libgcc.a
LOAD /usr/lib/gcc/x86_64-linux-gnu/11/../../../x86_64-linux-gnu/libc.so
START GROUP
LOAD /lib/x86_64-linux-gnu/libc.so.6
LOAD /usr/lib/x86_64-linux-gnu/libc_nonshared.a
LOAD /lib64/ld-linux-x86-64.so.2
END GROUP
LOAD /usr/lib/gcc/x86_64-linux-gnu/11/libgcc_s.so
START GROUP
LOAD /usr/lib/gcc/x86_64-linux-gnu/11/../../../x86_64-linux-gnu/libgcc_s.so.1
LOAD /usr/lib/gcc/x86_64-linux-gnu/11/libgcc.a
END GROUP
LOAD /usr/lib/gcc/x86_64-linux-gnu/11/libgcc.a
LOAD /usr/lib/gcc/x86_64-linux-gnu/11/crtendS.o
LOAD /usr/lib/gcc/x86_64-linux-gnu/11/../../../x86_64-linux-gnu/crtn.o
                [!provide]                        PROVIDE (__executable_start = SEGMENT_START ("text-segment", 0x0))
                0x0000000000000318                . = (SEGMENT_START ("text-segment", 0x0) + SIZEOF_HEADERS)

.interp         0x0000000000000318       0x1c
 *(.interp)
 .interp        0x0000000000000318       0x1c /usr/lib/gcc/x86_64-linux-gnu/11/../../../x86_64-linux-gnu/Scrt1.o

.note.gnu.property
                0x0000000000000338       0x30
 .note.gnu.property
                0x0000000000000338       0x30 /usr/lib/gcc/x86_64-linux-gnu/11/../../../x86_64-linux-gnu/Scrt1.o

.note.gnu.build-id
                0x0000000000000368       0x24
 *(.note.gnu.build-id)
 .note.gnu.build-id
                0x0000000000000368       0x24 /usr/lib/gcc/x86_64-linux-gnu/11/../../../x86_64-linux-gnu/Scrt1.o

.note.ABI-tag   0x000000000000038c       0x20
 .note.ABI-tag  0x000000000000038c       0x20 /usr/lib/gcc/x86_64-linux-gnu/11/../../../x86_64-linux-gnu/Scrt1.o

.hash
 *(.hash)

.gnu.hash       0x00000000000003b0       0xc0
 *(.gnu.hash)
 .gnu.hash      0x00000000000003b0       0xc0 /usr/lib/gcc/x86_64-linux-gnu/11/../../../x86_64-linux-gnu/Scrt1.o

.dynsym         0x0000000000000470     0x13b0
 *(.dynsym)
 .dynsym        0x0000000000000470     0x13b0 /usr/lib/gcc/x86_64-linux-gnu/11/../../../x86_64-linux-gnu/Scrt1.o

.dynstr         0x0000000000001820     0x18d4
 *(.dynstr)
 .dynstr        0x0000000000001820     0x18d4 /usr/lib/gcc/x86_64-linux-gnu/11/../../../x86_64-linux-gnu/Scrt1.o

.gnu.version    0x00000000000030f4      0x1a4
 *(.gnu.version)
 .gnu.version   0x00000000000030f4      0x1a4 /usr/lib/gcc/x86_64-linux-gnu/11/../../../x86_64-linux-gnu/Scrt1.o

.gnu.version_d  0x0000000000003298        0x0
 *(.gnu.version_d)
 .gnu.version_d
                0x0000000000003298        0x0 /usr/lib/gcc/x86_64-linux-gnu/11/../../../x86_64-linux-gnu/Scrt1.o

.gnu.version_r  0x0000000000003298      0x200
 *(.gnu.version_r)
 .gnu.version_r
                0x0000000000003298      0x200 /usr/lib/gcc/x86_64-linux-gnu/11/../../../x86_64-linux-gnu/Scrt1.o

.rela.dyn       0x0000000000003498      0xc60
 *(.rela.init)
 *(.rela.text .rela.text.* .rela.gnu.linkonce.t.*)
 .rela.text     0x0000000000003498        0x0 /usr/lib/gcc/x86_64-linux-gnu/11/../../../x86_64-linux-gnu/Scrt1.o
 .rela.text._ZNSt6thread11_State_implINS_8_InvokerISt5tupleIJZN7CppTime5TimerC4EvEUlvE_EEEEED2Ev
                0x0000000000003498        0x0 /usr/lib/gcc/x86_64-linux-gnu/11/../../../x86_64-linux-gnu/Scrt1.o
 .rela.text._ZNSt6thread11_State_implINS_8_InvokerISt5tupleIJZN7CppTime5TimerC4EvEUlvE_EEEEED0Ev
                0x0000000000003498        0x0 /usr/lib/gcc/x86_64-linux-gnu/11/../../../x86_64-linux-gnu/Scrt1.o
 .rela.text._ZN7CppTime5TimerC2Ev
                0x0000000000003498        0x0 /usr/lib/gcc/x86_64-linux-gnu/11/../../../x86_64-linux-gnu/Scrt1.o
 .rela.text.startup
                0x0000000000003498        0x0 /usr/lib/gcc/x86_64-linux-gnu/11/../../../x86_64-linux-gnu/Scrt1.o
 .rela.text._ZNSt6thread11_State_implINS_8_InvokerISt5tupleIJM4mqttFvvEPS3_EEEEED2Ev
                0x0000000000003498        0x0 /usr/lib/gcc/x86_64-linux-gnu/11/../../../x86_64-linux-gnu/Scrt1.o
 .rela.text._ZNSt6thread11_State_implINS_8_InvokerISt5tupleIJM4mqttFvvEPS3_EEEEED0Ev
                0x0000000000003498        0x0 /usr/lib/gcc/x86_64-linux-gnu/11/../../../x86_64-linux-gnu/Scrt1.o
 .rela.text.unlikely
                0x0000000000003498        0x0 /usr/lib/gcc/x86_64-linux-gnu/11/../../../x86_64-linux-gnu/Scrt1.o
 .rela.text._ZN4mqttD0Ev
                0x0000000000003498        0x0 /usr/lib/gcc/x86_64-linux-gnu/11/../../../x86_64-linux-gnu/Scrt1.o
 .rela.text._ZNSt10unique_ptrI4mqttSt14default_deleteIS0_EED2Ev
                0x0000000000003498        0x0 /usr/lib/gcc/x86_64-linux-gnu/11/../../../x86_64-linux-gnu/Scrt1.o
 .rela.text._ZN4mqttD2Ev
                0x0000000000003498        0x0 /usr/lib/gcc/x86_64-linux-gnu/11/../../../x86_64-linux-gnu/Scrt1.o
 .rela.text._ZN8nlohmann6detail11parse_error6createINS_10basic_jsonISt3mapSt6vectorNSt7__cxx1112basic_stringIcSt11char_traitsIcESaIcEEEblmdSaNS_14adl_serializerES5_IhSaIhEEEEEES1_iRKNS0_10position_tERKSB_RKT_
                0x0000000000003498        0x0 /usr/lib/gcc/x86_64-linux-gnu/11/../../../x86_64-linux-gnu/Scrt1.o
 .rela.text._ZN8nlohmann6detail12out_of_range6createINS_10basic_jsonISt3mapSt6vectorNSt7__cxx1112basic_stringIcSt11char_traitsIcESaIcEEEblmdSaNS_14adl_serializerES5_IhSaIhEEEEEES1_iRKSB_RKT_
                0x0000000000003498        0x0 /usr/lib/gcc/x86_64-linux-gnu/11/../../../x86_64-linux-gnu/Scrt1.o
 .rela.text._ZN8nlohmann10basic_jsonISt3mapSt6vectorNSt7__cxx1112basic_stringIcSt11char_traitsIcESaIcEEEblmdSaNS_14adl_serializerES2_IhSaIhEEE5eraseINS_6detail9iter_implISC_EELi0EEET_SH_
                0x0000000000003498        0x0 /usr/lib/gcc/x86_64-linux-gnu/11/../../../x86_64-linux-gnu/Scrt1.o
 .rela.text._ZN8nlohmann6detail28json_sax_dom_callback_parserINS_10basic_jsonISt3mapSt6vectorNSt7__cxx1112basic_stringIcSt11char_traitsIcESaIcEEEblmdSaNS_14adl_serializerES4_IhSaIhEEEEE10end_objectEv
                0x0000000000003498        0x0 /usr/lib/gcc/x86_64-linux-gnu/11/../../../x86_64-linux-gnu/Scrt1.o
 .rela.text._ZN8nlohmann6detail9from_jsonINS_10basic_jsonISt3mapSt6vectorNSt7__cxx1112basic_stringIcSt11char_traitsIcESaIcEEEblmdSaNS_14adl_serializerES4_IhSaIhEEEEEEvRKT_RNSF_8string_tE
                0x0000000000003498        0x0 /usr/lib/gcc/x86_64-linux-gnu/11/../../../x86_64-linux-gnu/Scrt1.o
 .rela.text._ZNK8nlohmann10basic_jsonISt3mapSt6vectorNSt7__cxx1112basic_stringIcSt11char_traitsIcESaIcEEEblmdSaNS_14adl_serializerES2_IhSaIhEEE5valueIS8_Li0EEET_RKS8_RKSE_
                0x0000000000003498        0x0 /usr/lib/gcc/x86_64-linux-gnu/11/../../../x86_64-linux-gnu/Scrt1.o
 .rela.text._ZN8nlohmann6detail9exceptionD2Ev
                0x0000000000003498        0x0 /usr/lib/gcc/x86_64-linux-gnu/11/../../../x86_64-linux-gnu/Scrt1.o
 .rela.text._ZN8nlohmann6detail9exceptionD0Ev
                0x0000000000003498        0x0 /usr/lib/gcc/x86_64-linux-gnu/11/../../../x86_64-linux-gnu/Scrt1.o
 .rela.text._ZN8nlohmann6detail11other_errorD2Ev
                0x0000000000003498        0x0 /usr/lib/gcc/x86_64-linux-gnu/11/../../../x86_64-linux-gnu/Scrt1.o
 .rela.text._ZN8nlohmann6detail11other_errorD0Ev
                0x0000000000003498        0x0 /usr/lib/gcc/x86_64-linux-gnu/11/../../../x86_64-linux-gnu/Scrt1.o
 .rela.text._ZN8nlohmann6detail12out_of_rangeD2Ev
                0x0000000000003498        0x0 /usr/lib/gcc/x86_64-linux-gnu/11/../../../x86_64-linux-gnu/Scrt1.o
 .rela.text._ZN8nlohmann6detail12out_of_rangeD0Ev
                0x0000000000003498        0x0 /usr/lib/gcc/x86_64-linux-gnu/11/../../../x86_64-linux-gnu/Scrt1.o
 .rela.text._ZN8nlohmann6detail16invalid_iteratorD2Ev
                0x0000000000003498        0x0 /usr/lib/gcc/x86_64-linux-gnu/11/../../../x86_64-linux-gnu/Scrt1.o
 .rela.text._ZN8nlohmann6detail16invalid_iteratorD0Ev
                0x0000000000003498        0x0 /usr/lib/gcc/x86_64-linux-gnu/11/../../../x86_64-linux-gnu/Scrt1.o
 .rela.text._ZN8nlohmann6detail10type_errorD2Ev
                0x0000000000003498        0x0 /usr/lib/gcc/x86_64-linux-gnu/11/../../../x86_64-linux-gnu/Scrt1.o
 .rela.text._ZN8nlohmann6detail10type_errorD0Ev
                0x0000000000003498        0x0 /usr/lib/gcc/x86_64-linux-gnu/11/../../../x86_64-linux-gnu/Scrt1.o
 .rela.text._ZN8nlohmann6detail11parse_errorD2Ev
                0x0000000000003498        0x0 /usr/lib/gcc/x86_64-linux-gnu/11/../../../x86_64-linux-gnu/Scrt1.o
 .rela.text._ZN8nlohmann6detail6parserINS_10basic_jsonISt3mapSt6vectorNSt7__cxx1112basic_stringIcSt11char_traitsIcESaIcEEEblmdSaNS_14adl_serializerES4_IhSaIhEEEENS0_22iterator_input_adapterIN9__gnu_cxx17__normal_iteratorIPKcSA_EEEEE18sax_parse_internalINS0_28json_sax_dom_callback_parserISE_EEEEbPT_
                0x0000000000003498        0x0 /usr/lib/gcc/x86_64-linux-gnu/11/../../../x86_64-linux-gnu/Scrt1.o
 .rela.text._ZN8nlohmann6detail11parse_errorD0Ev
                0x0000000000003498        0x0 /usr/lib/gcc/x86_64-linux-gnu/11/../../../x86_64-linux-gnu/Scrt1.o
 .rela.text._ZN8nlohmann6detail6parserINS_10basic_jsonISt3mapSt6vectorNSt7__cxx1112basic_stringIcSt11char_traitsIcESaIcEEEblmdSaNS_14adl_serializerES4_IhSaIhEEEENS0_22iterator_input_adapterIN9__gnu_cxx17__normal_iteratorIPKcSA_EEEEE18sax_parse_internalINS0_19json_sax_dom_parserISE_EEEEbPT_
                0x0000000000003498        0x0 /usr/lib/gcc/x86_64-linux-gnu/11/../../../x86_64-linux-gnu/Scrt1.o
 .rela.text._ZN8nlohmann6detail6parserINS_10basic_jsonISt3mapSt6vectorNSt7__cxx1112basic_stringIcSt11char_traitsIcESaIcEEEblmdSaNS_14adl_serializerES4_IhSaIhEEEENS0_22iterator_input_adapterIN9__gnu_cxx17__normal_iteratorIPKcSA_EEEEE5parseEbRSE_
                0x0000000000003498        0x0 /usr/lib/gcc/x86_64-linux-gnu/11/../../../x86_64-linux-gnu/Scrt1.o
 .rela.text._ZNSt23_Sp_counted_ptr_inplaceIN8nlohmann6detail21output_string_adapterIcNSt7__cxx1112basic_stringIcSt11char_traitsIcESaIcEEEEESaIS9_ELN9__gnu_cxx12_Lock_policyE2EE14_M_get_deleterERKSt9type_info
                0x0000000000003498        0x0 /usr/lib/gcc/x86_64-linux-gnu/11/../../../x86_64-linux-gnu/Scrt1.o
 .rela.text._ZNSt7__cxx1115basic_stringbufIcSt11char_traitsIcESaIcEED2Ev
                0x0000000000003498        0x0 /usr/lib/gcc/x86_64-linux-gnu/11/../../../x86_64-linux-gnu/Scrt1.o
 .rela.text._ZNSt7__cxx1115basic_stringbufIcSt11char_traitsIcESaIcEED0Ev
                0x0000000000003498        0x0 /usr/lib/gcc/x86_64-linux-gnu/11/../../../x86_64-linux-gnu/Scrt1.o
 .rela.text._ZN8nlohmann6detail10serializerINS_10basic_jsonISt3mapSt6vectorNSt7__cxx1112basic_stringIcSt11char_traitsIcESaIcEEEblmdSaNS_14adl_serializerES4_IhSaIhEEEEED2Ev
                0x0000000000003498        0x0 /usr/lib/gcc/x86_64-linux-gnu/11/../../../x86_64-linux-gnu/Scrt1.o
 .rela.text._ZNSt16_Sp_counted_baseILN9__gnu_cxx12_Lock_policyE2EE10_M_releaseEv
                0x0000000000003498        0x0 /usr/lib/gcc/x86_64-linux-gnu/11/../../../x86_64-linux-gnu/Scrt1.o
 .rela.text._ZN8nlohmann6detail10type_error6createINS_10basic_jsonISt3mapSt6vectorNSt7__cxx1112basic_stringIcSt11char_traitsIcESaIcEEEblmdSaNS_14adl_serializerES5_IhSaIhEEEEEES1_iRKSB_RKT_
                0x0000000000003498        0x0 /usr/lib/gcc/x86_64-linux-gnu/11/../../../x86_64-linux-gnu/Scrt1.o
 .rela.text._ZN8nlohmann6detail10serializerINS_10basic_jsonISt3mapSt6vectorNSt7__cxx1112basic_stringIcSt11char_traitsIcESaIcEEEblmdSaNS_14adl_serializerES4_IhSaIhEEEEE12dump_escapedERKSA_b
                0x0000000000003498        0x0 /usr/lib/gcc/x86_64-linux-gnu/11/../../../x86_64-linux-gnu/Scrt1.o
 .rela.text._ZN8nlohmann6detail10serializerINS_10basic_jsonISt3mapSt6vectorNSt7__cxx1112basic_stringIcSt11char_traitsIcESaIcEEEblmdSaNS_14adl_serializerES4_IhSaIhEEEEE12dump_integerIhLi0EEEvT_
                0x0000000000003498        0x0 /usr/lib/gcc/x86_64-linux-gnu/11/../../../x86_64-linux-gnu/Scrt1.o
 .rela.text._ZN8nlohmann6detail10serializerINS_10basic_jsonISt3mapSt6vectorNSt7__cxx1112basic_stringIcSt11char_traitsIcESaIcEEEblmdSaNS_14adl_serializerES4_IhSaIhEEEEE12dump_integerImLi0EEEvT_
                0x0000000000003498        0x0 /usr/lib/gcc/x86_64-linux-gnu/11/../../../x86_64-linux-gnu/Scrt1.o
 .rela.text._ZN8nlohmann10basic_jsonISt3mapSt6vectorNSt7__cxx1112basic_stringIcSt11char_traitsIcESaIcEEEblmdSaNS_14adl_serializerES2_IhSaIhEEEixIKcEERSC_PT_
                0x0000000000003498        0x0 /usr/lib/gcc/x86_64-linux-gnu/11/../../../x86_64-linux-gnu/Scrt1.o
 .rela.text._ZN8nlohmann6detail10serializerINS_10basic_jsonISt3mapSt6vectorNSt7__cxx1112basic_stringIcSt11char_traitsIcESaIcEEEblmdSaNS_14adl_serializerES4_IhSaIhEEEEE4dumpERKSE_bbjj
                0x0000000000003498        0x0 /usr/lib/gcc/x86_64-linux-gnu/11/../../../x86_64-linux-gnu/Scrt1.o
 .rela.text._ZNK8nlohmann10basic_jsonISt3mapSt6vectorNSt7__cxx1112basic_stringIcSt11char_traitsIcESaIcEEEblmdSaNS_14adl_serializerES2_IhSaIhEEE4dumpEicbNS_6detail15error_handler_tE
                0x0000000000003498        0x0 /usr/lib/gcc/x86_64-linux-gnu/11/../../../x86_64-linux-gnu/Scrt1.o
 .rela.text._ZN8nlohmann10basic_jsonISt3mapSt6vectorNSt7__cxx1112basic_stringIcSt11char_traitsIcESaIcEEEblmdSaNS_14adl_serializerES2_IhSaIhEEEC2ESt16initializer_listINS_6detail8json_refISC_EEEbNSE_7value_tE
                0x0000000000003498        0x0 /usr/lib/gcc/x86_64-linux-gnu/11/../../../x86_64-linux-gnu/Scrt1.o
 .rela.text._ZN8nlohmann6detail28json_sax_dom_callback_parserINS_10basic_jsonISt3mapSt6vectorNSt7__cxx1112basic_stringIcSt11char_traitsIcESaIcEEEblmdSaNS_14adl_serializerES4_IhSaIhEEEEE11start_arrayEm
                0x0000000000003498        0x0 /usr/lib/gcc/x86_64-linux-gnu/11/../../../x86_64-linux-gnu/Scrt1.o
 .rela.text._ZN8nlohmann6detail28json_sax_dom_callback_parserINS_10basic_jsonISt3mapSt6vectorNSt7__cxx1112basic_stringIcSt11char_traitsIcESaIcEEEblmdSaNS_14adl_serializerES4_IhSaIhEEEEE12start_objectEm
                0x0000000000003498        0x0 /usr/lib/gcc/x86_64-linux-gnu/11/../../../x86_64-linux-gnu/Scrt1.o
 .rela.text._ZN8nlohmann6detail19json_sax_dom_parserINS_10basic_jsonISt3mapSt6vectorNSt7__cxx1112basic_stringIcSt11char_traitsIcESaIcEEEblmdSaNS_14adl_serializerES4_IhSaIhEEEEE11start_arrayEm
                0x0000000000003498        0x0 /usr/lib/gcc/x86_64-linux-gnu/11/../../../x86_64-linux-gnu/Scrt1.o
 .rela.text._ZN8nlohmann6detail19json_sax_dom_parserINS_10basic_jsonISt3mapSt6vectorNSt7__cxx1112basic_stringIcSt11char_traitsIcESaIcEEEblmdSaNS_14adl_serializerES4_IhSaIhEEEEE12start_objectEm
                0x0000000000003498        0x0 /usr/lib/gcc/x86_64-linux-gnu/11/../../../x86_64-linux-gnu/Scrt1.o
 .rela.text._ZN8nlohmann6detail6parserINS_10basic_jsonISt3mapSt6vectorNSt7__cxx1112basic_stringIcSt11char_traitsIcESaIcEEEblmdSaNS_14adl_serializerES4_IhSaIhEEEENS0_22iterator_input_adapterIPKcEEE18sax_parse_internalINS0_28json_sax_dom_callback_parserISE_EEEEbPT_
                0x0000000000003498        0x0 /usr/lib/gcc/x86_64-linux-gnu/11/../../../x86_64-linux-gnu/Scrt1.o
 .rela.text._ZN8nlohmann6detail6parserINS_10basic_jsonISt3mapSt6vectorNSt7__cxx1112basic_stringIcSt11char_traitsIcESaIcEEEblmdSaNS_14adl_serializerES4_IhSaIhEEEENS0_22iterator_input_adapterIPKcEEE18sax_parse_internalINS0_19json_sax_dom_parserISE_EEEEbPT_
                0x0000000000003498        0x0 /usr/lib/gcc/x86_64-linux-gnu/11/../../../x86_64-linux-gnu/Scrt1.o
 .rela.text._ZN8nlohmann6detail6parserINS_10basic_jsonISt3mapSt6vectorNSt7__cxx1112basic_stringIcSt11char_traitsIcESaIcEEEblmdSaNS_14adl_serializerES4_IhSaIhEEEENS0_22iterator_input_adapterIPKcEEE5parseEbRSE_
                0x0000000000003498        0x0 /usr/lib/gcc/x86_64-linux-gnu/11/../../../x86_64-linux-gnu/Scrt1.o
 *(.rela.fini)
 *(.rela.rodata .rela.rodata.* .rela.gnu.linkonce.r.*)
 *(.rela.data .rela.data.* .rela.gnu.linkonce.d.*)
 .rela.data.rel.ro
                0x0000000000003498      0x150 /usr/lib/gcc/x86_64-linux-gnu/11/../../../x86_64-linux-gnu/Scrt1.o
 .rela.data.rel.local
                0x00000000000035e8       0x18 /usr/lib/gcc/x86_64-linux-gnu/11/../../../x86_64-linux-gnu/Scrt1.o
 .rela.data.rel.ro._ZTINSt6thread11_State_implINS_8_InvokerISt5tupleIJZN7CppTime5TimerC4EvEUlvE_EEEEEE
                0x0000000000003600       0x48 /usr/lib/gcc/x86_64-linux-gnu/11/../../../x86_64-linux-gnu/Scrt1.o
 .rela.data.rel.ro.local._ZTVNSt6thread11_State_implINS_8_InvokerISt5tupleIJZN7CppTime5TimerC4EvEUlvE_EEEEEE
                0x0000000000003648       0x60 /usr/lib/gcc/x86_64-linux-gnu/11/../../../x86_64-linux-gnu/Scrt1.o
 .rela.data.rel.local.DW.ref.__gxx_personality_v0
                0x00000000000036a8       0x18 /usr/lib/gcc/x86_64-linux-gnu/11/../../../x86_64-linux-gnu/Scrt1.o
 .rela.data.rel
                0x00000000000036c0       0x90 /usr/lib/gcc/x86_64-linux-gnu/11/../../../x86_64-linux-gnu/Scrt1.o
 .rela.data.rel.ro._ZTIN8nlohmann6detail9exceptionE
                0x0000000000003750       0x48 /usr/lib/gcc/x86_64-linux-gnu/11/../../../x86_64-linux-gnu/Scrt1.o
 .rela.data.rel.ro._ZTIN8nlohmann6detail11parse_errorE
                0x0000000000003798       0x48 /usr/lib/gcc/x86_64-linux-gnu/11/../../../x86_64-linux-gnu/Scrt1.o
 .rela.data.rel.ro._ZTIN8nlohmann6detail16invalid_iteratorE
                0x00000000000037e0       0x48 /usr/lib/gcc/x86_64-linux-gnu/11/../../../x86_64-linux-gnu/Scrt1.o
 .rela.data.rel.ro._ZTIN8nlohmann6detail10type_errorE
                0x0000000000003828       0x48 /usr/lib/gcc/x86_64-linux-gnu/11/../../../x86_64-linux-gnu/Scrt1.o
 .rela.data.rel.ro._ZTIN8nlohmann6detail12out_of_rangeE
                0x0000000000003870       0x48 /usr/lib/gcc/x86_64-linux-gnu/11/../../../x86_64-linux-gnu/Scrt1.o
 .rela.data.rel.ro._ZTINSt6thread11_State_implINS_8_InvokerISt5tupleIJM4mqttFvvEPS3_EEEEEE
                0x00000000000038b8       0x48 /usr/lib/gcc/x86_64-linux-gnu/11/../../../x86_64-linux-gnu/Scrt1.o
 .rela.data.rel.ro.local._ZTVN8nlohmann6detail9exceptionE
                0x0000000000003900       0x60 /usr/lib/gcc/x86_64-linux-gnu/11/../../../x86_64-linux-gnu/Scrt1.o
 .rela.data.rel.ro.local._ZTVN8nlohmann6detail11parse_errorE
                0x0000000000003960       0x60 /usr/lib/gcc/x86_64-linux-gnu/11/../../../x86_64-linux-gnu/Scrt1.o
 .rela.data.rel.ro.local._ZTVN8nlohmann6detail16invalid_iteratorE
                0x00000000000039c0       0x60 /usr/lib/gcc/x86_64-linux-gnu/11/../../../x86_64-linux-gnu/Scrt1.o
 .rela.data.rel.ro.local._ZTVN8nlohmann6detail10type_errorE
                0x0000000000003a20       0x60 /usr/lib/gcc/x86_64-linux-gnu/11/../../../x86_64-linux-gnu/Scrt1.o
 .rela.data.rel.ro.local._ZTVN8nlohmann6detail12out_of_rangeE
                0x0000000000003a80       0x60 /usr/lib/gcc/x86_64-linux-gnu/11/../../../x86_64-linux-gnu/Scrt1.o
 .rela.data.rel.ro.local._ZTVNSt6thread11_State_implINS_8_InvokerISt5tupleIJM4mqttFvvEPS3_EEEEEE
                0x0000000000003ae0       0x60 /usr/lib/gcc/x86_64-linux-gnu/11/../../../x86_64-linux-gnu/Scrt1.o
 .rela.data.rel.local.DW.ref._ZTIN8nlohmann6detail10type_errorE
                0x0000000000003b40       0x18 /usr/lib/gcc/x86_64-linux-gnu/11/../../../x86_64-linux-gnu/Scrt1.o
 .rela.data.rel.local.DW.ref._ZTIN8nlohmann6detail11parse_errorE
                0x0000000000003b58       0x18 /usr/lib/gcc/x86_64-linux-gnu/11/../../../x86_64-linux-gnu/Scrt1.o
 .rela.data.rel.local.DW.ref._ZTISt9exception
                0x0000000000003b70       0x18 /usr/lib/gcc/x86_64-linux-gnu/11/../../../x86_64-linux-gnu/Scrt1.o
 .rela.data.rel.ro._ZTISt11_Mutex_baseILN9__gnu_cxx12_Lock_policyE2EE
                0x0000000000003b88       0x30 /usr/lib/gcc/x86_64-linux-gnu/11/../../../x86_64-linux-gnu/Scrt1.o
 .rela.data.rel.ro._ZTISt16_Sp_counted_baseILN9__gnu_cxx12_Lock_policyE2EE
                0x0000000000003bb8       0x48 /usr/lib/gcc/x86_64-linux-gnu/11/../../../x86_64-linux-gnu/Scrt1.o
 .rela.data.rel.ro._ZTIN8nlohmann6detail23output_adapter_protocolIcEE
                0x0000000000003c00       0x30 /usr/lib/gcc/x86_64-linux-gnu/11/../../../x86_64-linux-gnu/Scrt1.o
 .rela.data.rel.ro._ZTI4mqtt
                0x0000000000003c30       0x48 /usr/lib/gcc/x86_64-linux-gnu/11/../../../x86_64-linux-gnu/Scrt1.o
 .rela.data.rel.ro._ZTIN8nlohmann6detail21output_string_adapterIcNSt7__cxx1112basic_stringIcSt11char_traitsIcESaIcEEEEE
                0x0000000000003c78       0x48 /usr/lib/gcc/x86_64-linux-gnu/11/../../../x86_64-linux-gnu/Scrt1.o
 .rela.data.rel.ro._ZTISt23_Sp_counted_ptr_inplaceIN8nlohmann6detail21output_string_adapterIcNSt7__cxx1112basic_stringIcSt11char_traitsIcESaIcEEEEESaIS9_ELN9__gnu_cxx12_Lock_policyE2EE
                0x0000000000003cc0       0x48 /usr/lib/gcc/x86_64-linux-gnu/11/../../../x86_64-linux-gnu/Scrt1.o
 .rela.data.rel.ro.local._ZTV4mqtt
                0x0000000000003d08      0x120 /usr/lib/gcc/x86_64-linux-gnu/11/../../../x86_64-linux-gnu/Scrt1.o
 .rela.data.rel.ro.local._ZTVN8nlohmann6detail21output_string_adapterIcNSt7__cxx1112basic_stringIcSt11char_traitsIcESaIcEEEEE
                0x0000000000003e28       0x78 /usr/lib/gcc/x86_64-linux-gnu/11/../../../x86_64-linux-gnu/Scrt1.o
 .rela.data.rel.ro.local._ZTVSt23_Sp_counted_ptr_inplaceIN8nlohmann6detail21output_string_adapterIcNSt7__cxx1112basic_stringIcSt11char_traitsIcESaIcEEEEESaIS9_ELN9__gnu_cxx12_Lock_policyE2EE
                0x0000000000003ea0       0x90 /usr/lib/gcc/x86_64-linux-gnu/11/../../../x86_64-linux-gnu/Scrt1.o
 *(.rela.tdata .rela.tdata.* .rela.gnu.linkonce.td.*)
 *(.rela.tbss .rela.tbss.* .rela.gnu.linkonce.tb.*)
 *(.rela.ctors)
 *(.rela.dtors)
 *(.rela.got)
 .rela.got      0x0000000000003f30       0xa8 /usr/lib/gcc/x86_64-linux-gnu/11/../../../x86_64-linux-gnu/Scrt1.o
 *(.rela.bss .rela.bss.* .rela.gnu.linkonce.b.*)
 .rela.bss      0x0000000000003fd8       0x48 /usr/lib/gcc/x86_64-linux-gnu/11/../../../x86_64-linux-gnu/Scrt1.o
 *(.rela.ldata .rela.ldata.* .rela.gnu.linkonce.l.*)
 *(.rela.lbss .rela.lbss.* .rela.gnu.linkonce.lb.*)
 *(.rela.lrodata .rela.lrodata.* .rela.gnu.linkonce.lr.*)
 *(.rela.ifunc)
 .rela.ifunc    0x0000000000004020        0x0 /usr/lib/gcc/x86_64-linux-gnu/11/../../../x86_64-linux-gnu/Scrt1.o
 .rela.fini_array
                0x0000000000004020       0x18 /usr/lib/gcc/x86_64-linux-gnu/11/../../../x86_64-linux-gnu/Scrt1.o
 .rela.init_array
                0x0000000000004038       0xc0 /usr/lib/gcc/x86_64-linux-gnu/11/../../../x86_64-linux-gnu/Scrt1.o
 .rela.eh_frame
                0x00000000000040f8        0x0 /usr/lib/gcc/x86_64-linux-gnu/11/../../../x86_64-linux-gnu/Scrt1.o
 .rela.gcc_except_table
                0x00000000000040f8        0x0 /usr/lib/gcc/x86_64-linux-gnu/11/../../../x86_64-linux-gnu/Scrt1.o

.rela.plt       0x00000000000040f8     0x1050
 *(.rela.plt)
 .rela.plt      0x00000000000040f8     0x1050 /usr/lib/gcc/x86_64-linux-gnu/11/../../../x86_64-linux-gnu/Scrt1.o
 *(.rela.iplt)

.relr.dyn
 *(.relr.dyn)
                0x0000000000006000                . = ALIGN (CONSTANT (MAXPAGESIZE))

.init           0x0000000000006000       0x1b
 *(SORT_NONE(.init))
 .init          0x0000000000006000       0x16 /usr/lib/gcc/x86_64-linux-gnu/11/../../../x86_64-linux-gnu/crti.o
                0x0000000000006000                _init
 .init          0x0000000000006016        0x5 /usr/lib/gcc/x86_64-linux-gnu/11/../../../x86_64-linux-gnu/crtn.o

.plt            0x0000000000006020      0xaf0
 *(.plt)
 .plt           0x0000000000006020      0xaf0 /usr/lib/gcc/x86_64-linux-gnu/11/../../../x86_64-linux-gnu/Scrt1.o
 *(.iplt)

.plt.got        0x0000000000006b10       0x10
 *(.plt.got)
 .plt.got       0x0000000000006b10       0x10 /usr/lib/gcc/x86_64-linux-gnu/11/../../../x86_64-linux-gnu/Scrt1.o
                0x0000000000006b10                __cxa_finalize@@GLIBC_2.2.5

.plt.sec        0x0000000000006b20      0xae0
 *(.plt.sec)
 .plt.sec       0x0000000000006b20      0xae0 /usr/lib/gcc/x86_64-linux-gnu/11/../../../x86_64-linux-gnu/Scrt1.o
                0x0000000000006b20                std::basic_istream<char, std::char_traits<char> >& std::getline<char, std::char_traits<char>, std::allocator<char> >(std::basic_istream<char, std::char_traits<char> >&, std::__cxx11::basic_string<char, std::char_traits<char>, std::allocator<char> >&, char)@@GLIBCXX_3.4.21
                0x0000000000006b30                std::basic_ifstream<char, std::char_traits<char> >::~basic_ifstream()@@GLIBCXX_3.4
                0x0000000000006b40                std::__throw_out_of_range_fmt(char const*, ...)@@GLIBCXX_3.4.20
                0x0000000000006b50                std::__throw_logic_error(char const*)@@GLIBCXX_3.4
                0x0000000000006b60                __cxa_begin_catch@@CXXABI_1.3
                0x0000000000006b70                MD5_Update@@OPENSSL_3.0.0
                0x0000000000006b80                std::exception::~exception()@@GLIBCXX_3.4
                0x0000000000006b90                pclose@@GLIBC_2.2.5
                0x0000000000006ba0                memcpy@@GLIBC_2.14
                0x0000000000006bb0                localeconv@@GLIBC_2.2.5
                0x0000000000006bc0                std::__throw_bad_alloc()@@GLIBCXX_3.4
                0x0000000000006bd0                stat@@GLIBC_2.33
                0x0000000000006be0                operator delete(void*, unsigned long)@@CXXABI_1.3.9
                0x0000000000006bf0                curl_easy_cleanup@@CURL_OPENSSL_4
                0x0000000000006c00                access@@GLIBC_2.2.5
                0x0000000000006c10                operator new(unsigned long)@@GLIBCXX_3.4
                0x0000000000006c20                memmove@@GLIBC_2.2.5
                0x0000000000006c30                std::__throw_invalid_argument(char const*)@@GLIBCXX_3.4
                0x0000000000006c40                __assert_fail@@GLIBC_2.2.5
                0x0000000000006c50                pthread_attr_init@@GLIBC_2.2.5
                0x0000000000006c60                free@@GLIBC_2.2.5
                0x0000000000006c70                std::basic_filebuf<char, std::char_traits<char> >::close()@@GLIBCXX_3.4
                0x0000000000006c80                std::runtime_error::what() const@@GLIBCXX_3.4
                0x0000000000006c90                close@@GLIBC_2.2.5
                0x0000000000006ca0                pthread_mutex_unlock@@GLIBC_2.2.5
                0x0000000000006cb0                std::runtime_error::runtime_error(char const*)@@GLIBCXX_3.4.21
                0x0000000000006cc0                pthread_mutex_lock@@GLIBC_2.2.5
                0x0000000000006cd0                strtok@@GLIBC_2.2.5
                0x0000000000006ce0                std::thread::join()@@GLIBCXX_3.4.11
                0x0000000000006cf0                __stack_chk_fail@@GLIBC_2.4
                0x0000000000006d00                pthread_join@@GLIBC_2.34
                0x0000000000006d10                memset@@GLIBC_2.2.5
                0x0000000000006d20                std::ostream::operator<<(int)@@GLIBCXX_3.4
                0x0000000000006d30                std::__throw_bad_cast()@@GLIBCXX_3.4
                0x0000000000006d40                __cxa_guard_acquire@@CXXABI_1.3
                0x0000000000006d50                std::__cxx11::basic_string<char, std::char_traits<char>, std::allocator<char> >::find(char const*, unsigned long, unsigned long) const@@GLIBCXX_3.4.21
                0x0000000000006d60                std::basic_ios<char, std::char_traits<char> >::init(std::basic_streambuf<char, std::char_traits<char> >*)@@GLIBCXX_3.4
                0x0000000000006d70                std::ostream& std::ostream::_M_insert<long>(long)@@GLIBCXX_3.4.9
                0x0000000000006d80                std::__cxx11::basic_stringstream<char, std::char_traits<char>, std::allocator<char> >::~basic_stringstream()@@GLIBCXX_3.4.21
                0x0000000000006d90                __cxa_allocate_exception@@CXXABI_1.3
                0x0000000000006da0                mosquitto_strerror@@MOSQ_1.0
                0x0000000000006db0                strlen@@GLIBC_2.2.5
                0x0000000000006dc0                std::thread::_State::~_State()@@GLIBCXX_3.4.22
                0x0000000000006dd0                std::__throw_system_error(int)@@GLIBCXX_3.4.11
                0x0000000000006de0                __cxa_guard_abort@@CXXABI_1.3
                0x0000000000006df0                pthread_cond_init@@GLIBC_2.3.2
                0x0000000000006e00                fclose@@GLIBC_2.2.5
                0x0000000000006e10                curl_easy_strerror@@CURL_OPENSSL_4
                0x0000000000006e20                MD5_Final@@OPENSSL_3.0.0
                0x0000000000006e30                open@@GLIBC_2.2.5
                0x0000000000006e40                std::__throw_bad_array_new_length()@@GLIBCXX_3.4.29
                0x0000000000006e50                std::_Hash_bytes(void const*, unsigned long, unsigned long)@@CXXABI_1.3.5
                0x0000000000006e60                std::ctype<char>::_M_widen_init() const@@GLIBCXX_3.4.11
                0x0000000000006e70                std::istream::read(char*, long)@@GLIBCXX_3.4
                0x0000000000006e80                std::_Rb_tree_decrement(std::_Rb_tree_node_base*)@@GLIBCXX_3.4
                0x0000000000006e90                std::ostream::flush()@@GLIBCXX_3.4
                0x0000000000006ea0                gettimeofday@@GLIBC_2.2.5
                0x0000000000006eb0                std::__cxx11::basic_string<char, std::char_traits<char>, std::allocator<char> >::_M_replace(unsigned long, unsigned long, char const*, unsigned long)@@GLIBCXX_3.4.21
                0x0000000000006ec0                std::__basic_file<char>::~__basic_file()@@GLIBCXX_3.4
                0x0000000000006ed0                std::__cxx11::basic_string<char, std::char_traits<char>, std::allocator<char> >::_M_mutate(unsigned long, unsigned long, char const*, unsigned long)@@GLIBCXX_3.4.21
                0x0000000000006ee0                pthread_cond_wait@@GLIBC_2.3.2
                0x0000000000006ef0                tcsetattr@@GLIBC_2.2.5
                0x0000000000006f00                std::ostream::put(char)@@GLIBCXX_3.4
                0x0000000000006f10                closedir@@GLIBC_2.2.5
                0x0000000000006f20                __cxa_guard_release@@CXXABI_1.3
                0x0000000000006f30                tcgetattr@@GLIBC_2.2.5
                0x0000000000006f40                opendir@@GLIBC_2.2.5
                0x0000000000006f50                std::__cxx11::basic_string<char, std::char_traits<char>, std::allocator<char> >::_M_construct(unsigned long, char)@@GLIBCXX_3.4.21
                0x0000000000006f60                pthread_attr_setschedparam@@GLIBC_2.2.5
                0x0000000000006f70                std::__throw_length_error(char const*)@@GLIBCXX_3.4
                0x0000000000006f80                std::__throw_out_of_range(char const*)@@GLIBCXX_3.4
                0x0000000000006f90                __cxa_throw@@CXXABI_1.3
                0x0000000000006fa0                fgets@@GLIBC_2.2.5
                0x0000000000006fb0                std::condition_variable::wait(std::unique_lock<std::mutex>&)@@GLIBCXX_3.4.30
                0x0000000000006fc0                mosqpp::mosquittopp::~mosquittopp()
                0x0000000000006fd0                _Unwind_Resume@@GCC_3.0
                0x0000000000006fe0                localtime@@GLIBC_2.2.5
                0x0000000000006ff0                exit@@GLIBC_2.2.5
                0x0000000000007000                std::__cxx11::basic_string<char, std::char_traits<char>, std::allocator<char> >::resize(unsigned long, char)@@GLIBCXX_3.4.21
                0x0000000000007010                curl_easy_perform@@CURL_OPENSSL_4
                0x0000000000007020                std::__cxx11::basic_string<char, std::char_traits<char>, std::allocator<char> >::_M_create(unsigned long&, unsigned long)@@GLIBCXX_3.4.21
                0x0000000000007030                std::condition_variable::~condition_variable()@@GLIBCXX_3.4.11
                0x0000000000007040                mosqpp::mosquittopp::mosquittopp(char const*, bool)
                0x0000000000007050                pthread_self@@GLIBC_2.2.5
                0x0000000000007060                std::ios_base::~ios_base()@@GLIBCXX_3.4
                0x0000000000007070                pthread_cond_signal@@GLIBC_2.3.2
                0x0000000000007080                std::chrono::_V2::system_clock::now()@@GLIBCXX_3.4.19
                0x0000000000007090                MD5_Init@@OPENSSL_3.0.0
                0x00000000000070a0                time@@GLIBC_2.2.5
                0x00000000000070b0                std::__cxx11::basic_string<char, std::char_traits<char>, std::allocator<char> >::_M_append(char const*, unsigned long)@@GLIBCXX_3.4.21
                0x00000000000070c0                mosqpp::mosquittopp::loop_start()
                0x00000000000070d0                readdir@@GLIBC_2.2.5
                0x00000000000070e0                std::thread::_M_start_thread(std::unique_ptr<std::thread::_State, std::default_delete<std::thread::_State> >, void (*)())@@GLIBCXX_3.4.22
                0x00000000000070f0                __strcat_chk@@GLIBC_2.3.4
                0x0000000000007100                strtoll@@GLIBC_2.2.5
                0x0000000000007110                __cxa_end_catch@@CXXABI_1.3
                0x0000000000007120                std::locale::locale()@@GLIBCXX_3.4
                0x0000000000007130                gmtime_r@@GLIBC_2.2.5
                0x0000000000007140                strtoull@@GLIBC_2.2.5
                0x0000000000007150                __strcpy_chk@@GLIBC_2.3.4
                0x0000000000007160                __cxa_rethrow@@CXXABI_1.3
                0x0000000000007170                mosqpp::lib_init()
                0x0000000000007180                std::__cxx11::basic_string<char, std::char_traits<char>, std::allocator<char> >::reserve(unsigned long)@@GLIBCXX_3.4.21
                0x0000000000007190                mosqpp::mosquittopp::subscribe(int*, char const*, int)
                0x00000000000071a0                popen@@GLIBC_2.2.5
                0x00000000000071b0                fsync@@GLIBC_2.2.5
                0x00000000000071c0                strcmp@@GLIBC_2.2.5
                0x00000000000071d0                std::runtime_error::~runtime_error()@@GLIBCXX_3.4
                0x00000000000071e0                std::basic_filebuf<char, std::char_traits<char> >::basic_filebuf()@@GLIBCXX_3.4
                0x00000000000071f0                strtol@@GLIBC_2.2.5
                0x0000000000007200                std::condition_variable::condition_variable()@@GLIBCXX_3.4.11
                0x0000000000007210                timer_settime@@GLIBC_2.34
                0x0000000000007220                curl_easy_setopt@@CURL_OPENSSL_4
                0x0000000000007230                std::_Rb_tree_rebalance_for_erase(std::_Rb_tree_node_base*, std::_Rb_tree_node_base&)@@GLIBCXX_3.4
                0x0000000000007240                __cxa_atexit@@GLIBC_2.2.5
                0x0000000000007250                fstat@@GLIBC_2.33
                0x0000000000007260                __cxa_free_exception@@CXXABI_1.3
                0x0000000000007270                mosqpp::mosquittopp::publish(int*, char const*, int, void const*, int, bool)
                0x0000000000007280                strftime@@GLIBC_2.2.5
                0x0000000000007290                std::__cxx11::basic_ostringstream<char, std::char_traits<char>, std::allocator<char> >::~basic_ostringstream()@@GLIBCXX_3.4.21
                0x00000000000072a0                malloc@@GLIBC_2.2.5
                0x00000000000072b0                std::__cxx11::basic_string<char, std::char_traits<char>, std::allocator<char> >::compare(char const*) const@@GLIBCXX_3.4.21
                0x00000000000072c0                std::_Rb_tree_increment(std::_Rb_tree_node_base const*)@@GLIBCXX_3.4
                0x00000000000072d0                std::basic_filebuf<char, std::char_traits<char> >::~basic_filebuf()@@GLIBCXX_3.4
                0x00000000000072e0                std::__cxx11::basic_string<char, std::char_traits<char>, std::allocator<char> >::_M_erase(unsigned long, unsigned long)@@GLIBCXX_3.4.21
                0x00000000000072f0                mosqpp::mosquittopp::username_pw_set(char const*, char const*)
                0x0000000000007300                std::thread::detach()@@GLIBCXX_3.4.11
                0x0000000000007310                waitpid@@GLIBC_2.2.5
                0x0000000000007320                std::condition_variable::notify_all()@@GLIBCXX_3.4.11
                0x0000000000007330                std::chrono::_V2::steady_clock::now()@@GLIBCXX_3.4.19
                0x0000000000007340                mosqpp::lib_cleanup()
                0x0000000000007350                std::basic_filebuf<char, std::char_traits<char> >::open(char const*, std::_Ios_Openmode)@@GLIBCXX_3.4
                0x0000000000007360                OPENSSL_init_crypto@@OPENSSL_3.0.0
                0x0000000000007370                std::_Rb_tree_increment(std::_Rb_tree_node_base*)@@GLIBCXX_3.4
                0x0000000000007380                curl_easy_getinfo@@CURL_OPENSSL_4
                0x0000000000007390                std::basic_ostream<char, std::char_traits<char> >& std::__ostream_insert<char, std::char_traits<char> >(std::basic_ostream<char, std::char_traits<char> >&, char const*, long)@@GLIBCXX_3.4.9
                0x00000000000073a0                rand@@GLIBC_2.2.5
                0x00000000000073b0                std::ios_base::ios_base()@@GLIBCXX_3.4
                0x00000000000073c0                curl_easy_init@@CURL_OPENSSL_4
                0x00000000000073d0                fork@@GLIBC_2.2.5
                0x00000000000073e0                std::locale::~locale()@@GLIBCXX_3.4
                0x00000000000073f0                std::__detail::_Prime_rehash_policy::_M_need_rehash(unsigned long, unsigned long, unsigned long) const@@GLIBCXX_3.4.18
                0x0000000000007400                mosqpp::mosquittopp::connect_async(char const*, int, int)
                0x0000000000007410                std::ios_base::Init::Init()@@GLIBCXX_3.4
                0x0000000000007420                __errno_location@@GLIBC_2.2.5
                0x0000000000007430                __printf_chk@@GLIBC_2.3.4
                0x0000000000007440                std::__basic_file<char>::is_open() const@@GLIBCXX_3.4
                0x0000000000007450                execve@@GLIBC_2.2.5
                0x0000000000007460                mosqpp::mosquittopp::loop_stop(bool)
                0x0000000000007470                __pread_chk@@GLIBC_2.4
                0x0000000000007480                timer_create@@GLIBC_2.34
                0x0000000000007490                nanosleep@@GLIBC_2.2.5
                0x00000000000074a0                usleep@@GLIBC_2.2.5
                0x00000000000074b0                std::_Rb_tree_insert_and_rebalance(bool, std::_Rb_tree_node_base*, std::_Rb_tree_node_base*, std::_Rb_tree_node_base&)@@GLIBCXX_3.4
                0x00000000000074c0                std::__cxx11::basic_string<char, std::char_traits<char>, std::allocator<char> >::find(char, unsigned long) const@@GLIBCXX_3.4.21
                0x00000000000074d0                fwrite@@GLIBC_2.2.5
                0x00000000000074e0                memcmp@@GLIBC_2.2.5
                0x00000000000074f0                OPENSSL_config@@OPENSSL_3.0.0
                0x0000000000007500                std::__throw_bad_function_call()@@GLIBCXX_3.4.14
                0x0000000000007510                std::basic_ios<char, std::char_traits<char> >::clear(std::_Ios_Iostate)@@GLIBCXX_3.4
                0x0000000000007520                sleep@@GLIBC_2.2.5
                0x0000000000007530                std::runtime_error::runtime_error(std::runtime_error const&)@@GLIBCXX_3.4.21
                0x0000000000007540                pthread_create@@GLIBC_2.34
                0x0000000000007550                std::terminate()@@GLIBCXX_3.4
                0x0000000000007560                std::__cxx11::basic_string<char, std::char_traits<char>, std::allocator<char> >::_M_assign(std::__cxx11::basic_string<char, std::char_traits<char>, std::allocator<char> > const&)@@GLIBCXX_3.4.21
                0x0000000000007570                pthread_cond_clockwait@@GLIBC_2.34
                0x0000000000007580                fileno@@GLIBC_2.2.5
                0x0000000000007590                std::__cxx11::basic_string<char, std::char_traits<char>, std::allocator<char> >::push_back(char)@@GLIBCXX_3.4.21
                0x00000000000075a0                pread@@GLIBC_2.2.5
                0x00000000000075b0                __sprintf_chk@@GLIBC_2.3.4
                0x00000000000075c0                fopen@@GLIBC_2.2.5
                0x00000000000075d0                __snprintf_chk@@GLIBC_2.3.4
                0x00000000000075e0                pthread_attr_setschedpolicy@@GLIBC_2.2.5
                0x00000000000075f0                strtod@@GLIBC_2.2.5

.text           0x0000000000007600    0x2e8eb
 *(.text.unlikely .text.*_unlikely .text.unlikely.*)
 .text.unlikely
                0x0000000000007600      0xa97 _build/task_webrtc.o
 *fill*         0x0000000000008097        0x1 
 .text.unlikely
                0x0000000000008098     0x1080 _build/mqtt.o
 .text.unlikely
                0x0000000000009118      0x1ea _build/firmware.o
 .text.unlikely
                0x0000000000009302      0xa13 _build/utils.o
 *(.text.exit .text.exit.*)
 *(.text.startup .text.startup.*)
 *fill*         0x0000000000009d15        0xb 
 .text.startup  0x0000000000009d20      0x140 _build/ak.o
                0x0000000000009d20                main
 .text.startup  0x0000000000009e60       0x5b _build/app.o
 *fill*         0x0000000000009ebb        0x5 
 .text.startup  0x0000000000009ec0       0x50 _build/task_webrtc.o
 .text.startup  0x0000000000009f10       0x2b _build/app_config.o
 *fill*         0x0000000000009f3b        0x5 
 .text.startup  0x0000000000009f40       0x2b _build/app_data.o
 *fill*         0x0000000000009f6b        0x5 
 .text.startup  0x0000000000009f70      0x22c _build/mqtt.o
 *fill*         0x000000000000a19c        0x4 
 .text.startup  0x000000000000a1a0       0x2b _build/firmware.o
 *fill*         0x000000000000a1cb        0x5 
 .text.startup  0x000000000000a1d0       0x2b _build/utils.o
 *(.text.hot .text.hot.*)
 *(SORT_BY_NAME(.text.sorted.*))
 *(.text .stub .text.* .gnu.linkonce.t.*)
 *fill*         0x000000000000a1fb        0x5 
 .text          0x000000000000a200       0x26 /usr/lib/gcc/x86_64-linux-gnu/11/../../../x86_64-linux-gnu/Scrt1.o
                0x000000000000a200                _start
 .text          0x000000000000a226        0x0 /usr/lib/gcc/x86_64-linux-gnu/11/../../../x86_64-linux-gnu/crti.o
 *fill*         0x000000000000a226        0xa 
 .text          0x000000000000a230       0xb9 /usr/lib/gcc/x86_64-linux-gnu/11/crtbeginS.o
 *fill*         0x000000000000a2e9        0x7 
 .text          0x000000000000a2f0     0x1eb7 _build/ak.o
                0x000000000000a2f0                wait_all_tasks_started()
                0x000000000000a350                get_pure_msg()
                0x000000000000a3e0                get_dynamic_msg()
                0x000000000000a470                get_common_msg()
                0x000000000000a500                ak_memcpy_msg(ak_msg_t*)
                0x000000000000a8a0                ak_msg_free(ak_msg_t*)
                0x000000000000a8d0                set_msg_sig(ak_msg_t*, unsigned int)
                0x000000000000a900                set_msg_root_task_id(ak_msg_t*, unsigned int)
                0x000000000000a930                set_msg_des_task_id(ak_msg_t*, unsigned int)
                0x000000000000a960                set_msg_src_task_id(ak_msg_t*, unsigned int)
                0x000000000000a990                set_if_des_task_id(ak_msg_t*, unsigned int)
                0x000000000000a9c0                set_if_src_task_id(ak_msg_t*, unsigned int)
                0x000000000000a9f0                set_if_des_type(ak_msg_t*, unsigned int)
                0x000000000000aa20                set_if_src_type(ak_msg_t*, unsigned int)
                0x000000000000aa50                set_if_sig(ak_msg_t*, unsigned int)
                0x000000000000aa80                set_if_data_common_msg(ak_msg_t*, unsigned char*, unsigned int)
                0x000000000000ab30                set_if_data_dynamic_msg(ak_msg_t*, unsigned char*, unsigned int)
                0x000000000000abc0                set_data_common_msg(ak_msg_t*, unsigned char*, unsigned int)
                0x000000000000ac70                get_data_common_msg(ak_msg_t*, unsigned char*, unsigned int)
                0x000000000000acf0                get_data_common_msg(ak_msg_t*)
                0x000000000000ad80                get_data_len_common_msg(ak_msg_t*)
                0x000000000000ade0                set_data_dynamic_msg(ak_msg_t*, unsigned char*, unsigned int)
                0x000000000000ae70                get_data_dynamic_msg(ak_msg_t*, unsigned char*, unsigned int)
                0x000000000000aef0                get_data_len_dynamic_msg(ak_msg_t*)
                0x000000000000af50                task_post(unsigned int, ak_msg_t*)
                0x000000000000aff0                task_post_pure_msg(unsigned int, unsigned int, unsigned int)
                0x000000000000b100                task_post_pure_msg(unsigned int, unsigned int)
                0x000000000000b210                task_post_common_msg(unsigned int, unsigned int, unsigned int, unsigned char*, unsigned int)
                0x000000000000b3a0                task_post_common_msg(unsigned int, unsigned int, unsigned char*, unsigned int)
                0x000000000000b530                task_post_dynamic_msg(unsigned int, unsigned int, unsigned int, unsigned char*, unsigned int)
                0x000000000000b6a0                task_post_dynamic_msg(unsigned int, unsigned int, unsigned char*, unsigned int)
                0x000000000000b800                task_root_post_pure_msg(unsigned int, unsigned int, unsigned int, unsigned int)
                0x000000000000b920                task_root_post_pure_msg(unsigned int, unsigned int, unsigned int)
                0x000000000000ba40                task_root_post_common_msg(unsigned int, unsigned int, unsigned int, unsigned int, unsigned char*, unsigned int)
                0x000000000000bbf0                task_root_post_common_msg(unsigned int, unsigned int, unsigned int, unsigned char*, unsigned int)
                0x000000000000bda0                task_root_post_dynamic_msg(unsigned int, unsigned int, unsigned int, unsigned int, unsigned char*, unsigned int)
                0x000000000000bf20                task_root_post_dynamic_msg(unsigned int, unsigned int, unsigned int, unsigned char*, unsigned int)
                0x000000000000c0a0                ak_msg_rev(unsigned int)
                0x000000000000c140                get_msg_type(ak_msg_t*)
                0x000000000000c150                get_task_id()
 *fill*         0x000000000000c1a7        0x9 
 .text          0x000000000000c1b0      0x1b9 _build/message.o
                0x000000000000c1b0                q_msg_init(q_msg_t*)
                0x000000000000c1d0                q_msg_put(q_msg_t*, ak_msg_t*)
                0x000000000000c230                q_msg_get(q_msg_t*)
                0x000000000000c2a0                q_msg_free(ak_msg_t*)
                0x000000000000c2f0                q_msg_len(q_msg_t*)
                0x000000000000c330                q_msg_available(q_msg_t*)
 *fill*         0x000000000000c369        0x7 
 .text          0x000000000000c370      0x5cb _build/timer.o
                0x000000000000c410                timer_handler(sigval)
                0x000000000000c4c0                timer_entry(void*)
                0x000000000000c570                timer_set(unsigned int, unsigned int, unsigned int, unsigned int, timer_type_t)
                0x000000000000c730                timer_set(unsigned int, unsigned int, unsigned int, timer_type_t)
                0x000000000000c8f0                timer_remove_attr(unsigned int, unsigned int)
                0x000000000000c930                timer_stick_get()
 *fill*         0x000000000000c93b        0x5 
 .text          0x000000000000c940        0xd _build/fsm.o
                0x000000000000c940                fsm_dispatch(fsm_t*, ak_msg_t*)
 *fill*         0x000000000000c94d        0x3 
 .text          0x000000000000c950       0xf1 _build/tsm.o
                0x000000000000c950                tsm_init(tsm_tbl_t*, tsm_t**, unsigned char)
                0x000000000000c9a0                tsm_dispatch(tsm_tbl_t*, ak_msg_t*)
                0x000000000000ca20                tsm_tran(tsm_tbl_t*, unsigned char)
 *fill*         0x000000000000ca41        0xf 
 .text          0x000000000000ca50      0x106 _build/sys_dbg.o
                0x000000000000ca50                sys_dbg_fatal(char const*, unsigned char)
                0x000000000000ca80                sys_dbg_get_time()
 *fill*         0x000000000000cb56        0xa 
 .text          0x000000000000cb60      0x260 _build/app.o
                0x000000000000cd30                task_init()
 .text._ZNKSt5ctypeIcE8do_widenEc
                0x000000000000cdc0        0x7 _build/app.o
                0x000000000000cdc0                std::ctype<char>::do_widen(char) const
 *fill*         0x000000000000cdc7        0x9 
 .text._ZNSt6thread11_State_implINS_8_InvokerISt5tupleIJZN7CppTime5TimerC4EvEUlvE_EEEEED2Ev
                0x000000000000cdd0       0x13 _build/app.o
                0x000000000000cdd0                std::thread::_State_impl<std::thread::_Invoker<std::tuple<CppTime::Timer::Timer()::{lambda()#1}> > >::~_State_impl()
                0x000000000000cdd0                std::thread::_State_impl<std::thread::_Invoker<std::tuple<CppTime::Timer::Timer()::{lambda()#1}> > >::~_State_impl()
 *fill*         0x000000000000cde3        0xd 
 .text._ZNSt6thread11_State_implINS_8_InvokerISt5tupleIJZN7CppTime5TimerC4EvEUlvE_EEEEED0Ev
                0x000000000000cdf0       0x25 _build/app.o
                0x000000000000cdf0                std::thread::_State_impl<std::thread::_Invoker<std::tuple<CppTime::Timer::Timer()::{lambda()#1}> > >::~_State_impl()
 *fill*         0x000000000000ce15        0xb 
 .text._ZN7CppTime5TimerD2Ev
                0x000000000000ce20      0x28f _build/app.o
                0x000000000000ce20                CppTime::Timer::~Timer()
                0x000000000000ce20                CppTime::Timer::~Timer()
 *fill*         0x000000000000d0af        0x1 
 .text._ZN7CppTime5TimerC2Ev
                0x000000000000d0b0      0x34e _build/app.o
                0x000000000000d0b0                CppTime::Timer::Timer()
                0x000000000000d0b0                CppTime::Timer::Timer()
 *fill*         0x000000000000d3fe        0x2 
 .text._ZN7CppTime5Timer3runEv
                0x000000000000d400      0x5b1 _build/app.o
                0x000000000000d400                CppTime::Timer::run()
 *fill*         0x000000000000d9b1        0xf 
 .text._ZNSt6thread11_State_implINS_8_InvokerISt5tupleIJZN7CppTime5TimerC4EvEUlvE_EEEEE6_M_runEv
                0x000000000000d9c0        0xd _build/app.o
                0x000000000000d9c0                std::thread::_State_impl<std::thread::_Invoker<std::tuple<CppTime::Timer::Timer()::{lambda()#1}> > >::_M_run()
 .text          0x000000000000d9cd        0x0 _build/task_list.o
 *fill*         0x000000000000d9cd        0x3 
 .text          0x000000000000d9d0     0x1b82 _build/task_webrtc.o
                0x000000000000df70                printMQTTTopicConfig(mqttTopicCfg_t const*)
                0x000000000000dfe0                printMQTTConfig(mtce_netMQTT_t const*)
                0x000000000000e080                safe_ak_msg_free(ak_msg_t*)
                0x000000000000e0a0                initializeMQTTTopicConfig(mqttTopicCfg_t*)
                0x000000000000e0f0                initializeMQTTConfig(mtce_netMQTT_t*)
                0x000000000000eb20                gw_task_webrtc_entry(void*)
 *fill*         0x000000000000f552        0xe 
 .text._ZNSt6thread11_State_implINS_8_InvokerISt5tupleIJM4mqttFvvEPS3_EEEEE6_M_runEv
                0x000000000000f560       0x22 _build/task_webrtc.o
                0x000000000000f560                std::thread::_State_impl<std::thread::_Invoker<std::tuple<void (mqtt::*)(), mqtt*> > >::_M_run()
 *fill*         0x000000000000f582        0xe 
 .text._ZNSt6thread11_State_implINS_8_InvokerISt5tupleIJM4mqttFvvEPS3_EEEEED2Ev
                0x000000000000f590       0x13 _build/task_webrtc.o
                0x000000000000f590                std::thread::_State_impl<std::thread::_Invoker<std::tuple<void (mqtt::*)(), mqtt*> > >::~_State_impl()
                0x000000000000f590                std::thread::_State_impl<std::thread::_Invoker<std::tuple<void (mqtt::*)(), mqtt*> > >::~_State_impl()
 *fill*         0x000000000000f5a3        0xd 
 .text._ZNSt6thread11_State_implINS_8_InvokerISt5tupleIJM4mqttFvvEPS3_EEEEED0Ev
                0x000000000000f5b0       0x25 _build/task_webrtc.o
                0x000000000000f5b0                std::thread::_State_impl<std::thread::_Invoker<std::tuple<void (mqtt::*)(), mqtt*> > >::~_State_impl()
 *fill*         0x000000000000f5d5        0xb 
 .text._ZN4mqttD0Ev
                0x000000000000f5e0       0x91 _build/task_webrtc.o
                0x000000000000f5e0                mqtt::~mqtt()
 *fill*         0x000000000000f671        0xf 
 .text._ZNSt10unique_ptrI4mqttSt14default_deleteIS0_EED2Ev
                0x000000000000f680       0xce _build/task_webrtc.o
                0x000000000000f680                std::unique_ptr<mqtt, std::default_delete<mqtt> >::~unique_ptr()
                0x000000000000f680                std::unique_ptr<mqtt, std::default_delete<mqtt> >::~unique_ptr()
 *fill*         0x000000000000f74e        0x2 
 .text._ZNSt7__cxx119to_stringEm
                0x000000000000f750      0x1e7 _build/task_webrtc.o
                0x000000000000f750                std::__cxx11::to_string(unsigned long)
 *fill*         0x000000000000f937        0x9 
 .text._ZN4mqttD2Ev
                0x000000000000f940       0x84 _build/task_webrtc.o
                0x000000000000f940                mqtt::~mqtt()
                0x000000000000f940                mqtt::~mqtt()
 *fill*         0x000000000000f9c4        0xc 
 .text._ZStplIcSt11char_traitsIcESaIcEENSt7__cxx1112basic_stringIT_T0_T1_EEOS8_S9_
                0x000000000000f9d0       0xfb _build/task_webrtc.o
                0x000000000000f9d0                std::__cxx11::basic_string<char, std::char_traits<char>, std::allocator<char> > std::operator+<char, std::char_traits<char>, std::allocator<char> >(std::__cxx11::basic_string<char, std::char_traits<char>, std::allocator<char> >&&, std::__cxx11::basic_string<char, std::char_traits<char>, std::allocator<char> >&&)
 *fill*         0x000000000000facb        0x5 
 .text._ZStplIcSt11char_traitsIcESaIcEENSt7__cxx1112basic_stringIT_T0_T1_EEPKS5_OS8_
                0x000000000000fad0       0x7d _build/task_webrtc.o
                0x000000000000fad0                std::__cxx11::basic_string<char, std::char_traits<char>, std::allocator<char> > std::operator+<char, std::char_traits<char>, std::allocator<char> >(char const*, std::__cxx11::basic_string<char, std::char_traits<char>, std::allocator<char> >&&)
 *fill*         0x000000000000fb4d        0x3 
 .text._ZStplIcSt11char_traitsIcESaIcEENSt7__cxx1112basic_stringIT_T0_T1_EEPKS5_RKS8_
                0x000000000000fb50       0xb6 _build/task_webrtc.o
                0x000000000000fb50                std::__cxx11::basic_string<char, std::char_traits<char>, std::allocator<char> > std::operator+<char, std::char_traits<char>, std::allocator<char> >(char const*, std::__cxx11::basic_string<char, std::char_traits<char>, std::allocator<char> > const&)
 *fill*         0x000000000000fc06        0xa 
 .text._ZN8nlohmann6detail9exception4nameERKNSt7__cxx1112basic_stringIcSt11char_traitsIcESaIcEEEi
                0x000000000000fc10      0x5ba _build/task_webrtc.o
                0x000000000000fc10                nlohmann::detail::exception::name(std::__cxx11::basic_string<char, std::char_traits<char>, std::allocator<char> > const&, int)
 *fill*         0x00000000000101ca        0x6 
 .text._ZStplIcSt11char_traitsIcESaIcEENSt7__cxx1112basic_stringIT_T0_T1_EEOS8_PKS5_
                0x00000000000101d0       0x99 _build/task_webrtc.o
                0x00000000000101d0                std::__cxx11::basic_string<char, std::char_traits<char>, std::allocator<char> > std::operator+<char, std::char_traits<char>, std::allocator<char> >(std::__cxx11::basic_string<char, std::char_traits<char>, std::allocator<char> >&&, char const*)
 *fill*         0x0000000000010269        0x7 
 .text._ZN8nlohmann10basic_jsonISt3mapSt6vectorNSt7__cxx1112basic_stringIcSt11char_traitsIcESaIcEEEblmdSaNS_14adl_serializerES2_IhSaIhEEEC2EOSC_
                0x0000000000010270      0x128 _build/task_webrtc.o
                0x0000000000010270                nlohmann::basic_json<std::map, std::vector, std::__cxx11::basic_string<char, std::char_traits<char>, std::allocator<char> >, bool, long, unsigned long, double, std::allocator, nlohmann::adl_serializer, std::vector<unsigned char, std::allocator<unsigned char> > >::basic_json(nlohmann::basic_json<std::map, std::vector, std::__cxx11::basic_string<char, std::char_traits<char>, std::allocator<char> >, bool, long, unsigned long, double, std::allocator, nlohmann::adl_serializer, std::vector<unsigned char, std::allocator<unsigned char> > >&&)
                0x0000000000010270                nlohmann::basic_json<std::map, std::vector, std::__cxx11::basic_string<char, std::char_traits<char>, std::allocator<char> >, bool, long, unsigned long, double, std::allocator, nlohmann::adl_serializer, std::vector<unsigned char, std::allocator<unsigned char> > >::basic_json(nlohmann::basic_json<std::map, std::vector, std::__cxx11::basic_string<char, std::char_traits<char>, std::allocator<char> >, bool, long, unsigned long, double, std::allocator, nlohmann::adl_serializer, std::vector<unsigned char, std::allocator<unsigned char> > >&&)
 *fill*         0x0000000000010398        0x8 
 .text._ZN8nlohmann6detail11parse_error6createINS_10basic_jsonISt3mapSt6vectorNSt7__cxx1112basic_stringIcSt11char_traitsIcESaIcEEEblmdSaNS_14adl_serializerES5_IhSaIhEEEEEES1_iRKNS0_10position_tERKSB_RKT_
                0x00000000000103a0      0xb7c _build/task_webrtc.o
                0x00000000000103a0                nlohmann::detail::parse_error nlohmann::detail::parse_error::create<nlohmann::basic_json<std::map, std::vector, std::__cxx11::basic_string<char, std::char_traits<char>, std::allocator<char> >, bool, long, unsigned long, double, std::allocator, nlohmann::adl_serializer, std::vector<unsigned char, std::allocator<unsigned char> > > >(int, nlohmann::detail::position_t const&, std::__cxx11::basic_string<char, std::char_traits<char>, std::allocator<char> > const&, nlohmann::basic_json<std::map, std::vector, std::__cxx11::basic_string<char, std::char_traits<char>, std::allocator<char> >, bool, long, unsigned long, double, std::allocator, nlohmann::adl_serializer, std::vector<unsigned char, std::allocator<unsigned char> > > const&)
 *fill*         0x0000000000010f1c        0x4 
 .text._ZN8nlohmann10basic_jsonISt3mapSt6vectorNSt7__cxx1112basic_stringIcSt11char_traitsIcESaIcEEEblmdSaNS_14adl_serializerES2_IhSaIhEEEaSESC_
                0x0000000000010f20      0x158 _build/task_webrtc.o
                0x0000000000010f20                nlohmann::basic_json<std::map, std::vector, std::__cxx11::basic_string<char, std::char_traits<char>, std::allocator<char> >, bool, long, unsigned long, double, std::allocator, nlohmann::adl_serializer, std::vector<unsigned char, std::allocator<unsigned char> > >::operator=(nlohmann::basic_json<std::map, std::vector, std::__cxx11::basic_string<char, std::char_traits<char>, std::allocator<char> >, bool, long, unsigned long, double, std::allocator, nlohmann::adl_serializer, std::vector<unsigned char, std::allocator<unsigned char> > >)
 *fill*         0x0000000000011078        0x8 
 .text._ZNSt6vectorIN8nlohmann10basic_jsonISt3mapS_NSt7__cxx1112basic_stringIcSt11char_traitsIcESaIcEEEblmdSaNS0_14adl_serializerES_IhSaIhEEEESaISC_EE7reserveEm
                0x0000000000011080      0x231 _build/task_webrtc.o
                0x0000000000011080                std::vector<nlohmann::basic_json<std::map, std::vector, std::__cxx11::basic_string<char, std::char_traits<char>, std::allocator<char> >, bool, long, unsigned long, double, std::allocator, nlohmann::adl_serializer, std::vector<unsigned char, std::allocator<unsigned char> > >, std::allocator<nlohmann::basic_json<std::map, std::vector, std::__cxx11::basic_string<char, std::char_traits<char>, std::allocator<char> >, bool, long, unsigned long, double, std::allocator, nlohmann::adl_serializer, std::vector<unsigned char, std::allocator<unsigned char> > > > >::reserve(unsigned long)
 *fill*         0x00000000000112b1        0xf 
 .text._ZN8nlohmann10basic_jsonISt3mapSt6vectorNSt7__cxx1112basic_stringIcSt11char_traitsIcESaIcEEEblmdSaNS_14adl_serializerES2_IhSaIhEEE10json_value7destroyENS_6detail7value_tE
                0x00000000000112c0      0x547 _build/task_webrtc.o
                0x00000000000112c0                nlohmann::basic_json<std::map, std::vector, std::__cxx11::basic_string<char, std::char_traits<char>, std::allocator<char> >, bool, long, unsigned long, double, std::allocator, nlohmann::adl_serializer, std::vector<unsigned char, std::allocator<unsigned char> > >::json_value::destroy(nlohmann::detail::value_t)
 *fill*         0x0000000000011807        0x9 
 .text._ZN8nlohmann10basic_jsonISt3mapSt6vectorNSt7__cxx1112basic_stringIcSt11char_traitsIcESaIcEEEblmdSaNS_14adl_serializerES2_IhSaIhEEED2Ev
                0x0000000000011810       0xd5 _build/task_webrtc.o
                0x0000000000011810                nlohmann::basic_json<std::map, std::vector, std::__cxx11::basic_string<char, std::char_traits<char>, std::allocator<char> >, bool, long, unsigned long, double, std::allocator, nlohmann::adl_serializer, std::vector<unsigned char, std::allocator<unsigned char> > >::~basic_json()
                0x0000000000011810                nlohmann::basic_json<std::map, std::vector, std::__cxx11::basic_string<char, std::char_traits<char>, std::allocator<char> >, bool, long, unsigned long, double, std::allocator, nlohmann::adl_serializer, std::vector<unsigned char, std::allocator<unsigned char> > >::~basic_json()
 *fill*         0x00000000000118e5        0xb 
 .text._ZN8nlohmann6detail28json_sax_dom_callback_parserINS_10basic_jsonISt3mapSt6vectorNSt7__cxx1112basic_stringIcSt11char_traitsIcESaIcEEEblmdSaNS_14adl_serializerES4_IhSaIhEEEEED2Ev
                0x00000000000118f0       0x7a _build/task_webrtc.o
                0x00000000000118f0                nlohmann::detail::json_sax_dom_callback_parser<nlohmann::basic_json<std::map, std::vector, std::__cxx11::basic_string<char, std::char_traits<char>, std::allocator<char> >, bool, long, unsigned long, double, std::allocator, nlohmann::adl_serializer, std::vector<unsigned char, std::allocator<unsigned char> > > >::~json_sax_dom_callback_parser()
                0x00000000000118f0                nlohmann::detail::json_sax_dom_callback_parser<nlohmann::basic_json<std::map, std::vector, std::__cxx11::basic_string<char, std::char_traits<char>, std::allocator<char> >, bool, long, unsigned long, double, std::allocator, nlohmann::adl_serializer, std::vector<unsigned char, std::allocator<unsigned char> > > >::~json_sax_dom_callback_parser()
 *fill*         0x000000000001196a        0x6 
 .text._ZNSt6vectorIN8nlohmann10basic_jsonISt3mapS_NSt7__cxx1112basic_stringIcSt11char_traitsIcESaIcEEEblmdSaNS0_14adl_serializerES_IhSaIhEEEESaISC_EED2Ev
                0x0000000000011970      0x12c _build/task_webrtc.o
                0x0000000000011970                std::vector<nlohmann::basic_json<std::map, std::vector, std::__cxx11::basic_string<char, std::char_traits<char>, std::allocator<char> >, bool, long, unsigned long, double, std::allocator, nlohmann::adl_serializer, std::vector<unsigned char, std::allocator<unsigned char> > >, std::allocator<nlohmann::basic_json<std::map, std::vector, std::__cxx11::basic_string<char, std::char_traits<char>, std::allocator<char> >, bool, long, unsigned long, double, std::allocator, nlohmann::adl_serializer, std::vector<unsigned char, std::allocator<unsigned char> > > > >::~vector()
                0x0000000000011970                std::vector<nlohmann::basic_json<std::map, std::vector, std::__cxx11::basic_string<char, std::char_traits<char>, std::allocator<char> >, bool, long, unsigned long, double, std::allocator, nlohmann::adl_serializer, std::vector<unsigned char, std::allocator<unsigned char> > >, std::allocator<nlohmann::basic_json<std::map, std::vector, std::__cxx11::basic_string<char, std::char_traits<char>, std::allocator<char> >, bool, long, unsigned long, double, std::allocator, nlohmann::adl_serializer, std::vector<unsigned char, std::allocator<unsigned char> > > > >::~vector()
 *fill*         0x0000000000011a9c        0x4 
 .text._ZNK8nlohmann6detail5lexerINS_10basic_jsonISt3mapSt6vectorNSt7__cxx1112basic_stringIcSt11char_traitsIcESaIcEEEblmdSaNS_14adl_serializerES4_IhSaIhEEEENS0_22iterator_input_adapterIN9__gnu_cxx17__normal_iteratorIPKcSA_EEEEE16get_token_stringEv
                0x0000000000011aa0      0x188 _build/task_webrtc.o
                0x0000000000011aa0                nlohmann::detail::lexer<nlohmann::basic_json<std::map, std::vector, std::__cxx11::basic_string<char, std::char_traits<char>, std::allocator<char> >, bool, long, unsigned long, double, std::allocator, nlohmann::adl_serializer, std::vector<unsigned char, std::allocator<unsigned char> > >, nlohmann::detail::iterator_input_adapter<__gnu_cxx::__normal_iterator<char const*, std::__cxx11::basic_string<char, std::char_traits<char>, std::allocator<char> > > > >::get_token_string() const
 *fill*         0x0000000000011c28        0x8 
 .text._ZN8nlohmann6detail6parserINS_10basic_jsonISt3mapSt6vectorNSt7__cxx1112basic_stringIcSt11char_traitsIcESaIcEEEblmdSaNS_14adl_serializerES4_IhSaIhEEEENS0_22iterator_input_adapterIN9__gnu_cxx17__normal_iteratorIPKcSA_EEEEE17exception_messageENS0_10lexer_baseISE_E10token_typeERKSA_
                0x0000000000011c30      0x96c _build/task_webrtc.o
                0x0000000000011c30                nlohmann::detail::parser<nlohmann::basic_json<std::map, std::vector, std::__cxx11::basic_string<char, std::char_traits<char>, std::allocator<char> >, bool, long, unsigned long, double, std::allocator, nlohmann::adl_serializer, std::vector<unsigned char, std::allocator<unsigned char> > >, nlohmann::detail::iterator_input_adapter<__gnu_cxx::__normal_iterator<char const*, std::__cxx11::basic_string<char, std::char_traits<char>, std::allocator<char> > > > >::exception_message(nlohmann::detail::lexer_base<nlohmann::basic_json<std::map, std::vector, std::__cxx11::basic_string<char, std::char_traits<char>, std::allocator<char> >, bool, long, unsigned long, double, std::allocator, nlohmann::adl_serializer, std::vector<unsigned char, std::allocator<unsigned char> > > >::token_type, std::__cxx11::basic_string<char, std::char_traits<char>, std::allocator<char> > const&)
 *fill*         0x000000000001259c        0x4 
 .text._ZNSt7__cxx1112basic_stringIcSt11char_traitsIcESaIcEE12_M_constructIPcEEvT_S7_St20forward_iterator_tag
                0x00000000000125a0       0xd0 _build/task_webrtc.o
                0x00000000000125a0                void std::__cxx11::basic_string<char, std::char_traits<char>, std::allocator<char> >::_M_construct<char*>(char*, char*, std::forward_iterator_tag)
 .text._ZN8nlohmann10basic_jsonISt3mapSt6vectorNSt7__cxx1112basic_stringIcSt11char_traitsIcESaIcEEEblmdSaNS_14adl_serializerES2_IhSaIhEEE10json_valueC2ENS_6detail7value_tE
                0x0000000000012670      0x130 _build/task_webrtc.o
                0x0000000000012670                nlohmann::basic_json<std::map, std::vector, std::__cxx11::basic_string<char, std::char_traits<char>, std::allocator<char> >, bool, long, unsigned long, double, std::allocator, nlohmann::adl_serializer, std::vector<unsigned char, std::allocator<unsigned char> > >::json_value::json_value(nlohmann::detail::value_t)
                0x0000000000012670                nlohmann::basic_json<std::map, std::vector, std::__cxx11::basic_string<char, std::char_traits<char>, std::allocator<char> >, bool, long, unsigned long, double, std::allocator, nlohmann::adl_serializer, std::vector<unsigned char, std::allocator<unsigned char> > >::json_value::json_value(nlohmann::detail::value_t)
 .text._ZNSt6vectorIbSaIbEE9push_backEb
                0x00000000000127a0       0x64 _build/task_webrtc.o
                0x00000000000127a0                std::vector<bool, std::allocator<bool> >::push_back(bool)
 *fill*         0x0000000000012804        0xc 
 .text._ZN8nlohmann6detail12out_of_range6createINS_10basic_jsonISt3mapSt6vectorNSt7__cxx1112basic_stringIcSt11char_traitsIcESaIcEEEblmdSaNS_14adl_serializerES5_IhSaIhEEEEEES1_iRKSB_RKT_
                0x0000000000012810      0x3a9 _build/task_webrtc.o
                0x0000000000012810                nlohmann::detail::out_of_range nlohmann::detail::out_of_range::create<nlohmann::basic_json<std::map, std::vector, std::__cxx11::basic_string<char, std::char_traits<char>, std::allocator<char> >, bool, long, unsigned long, double, std::allocator, nlohmann::adl_serializer, std::vector<unsigned char, std::allocator<unsigned char> > > >(int, std::__cxx11::basic_string<char, std::char_traits<char>, std::allocator<char> > const&, nlohmann::basic_json<std::map, std::vector, std::__cxx11::basic_string<char, std::char_traits<char>, std::allocator<char> >, bool, long, unsigned long, double, std::allocator, nlohmann::adl_serializer, std::vector<unsigned char, std::allocator<unsigned char> > > const&)
 *fill*         0x0000000000012bb9        0x7 
 .text._ZNSt13_Bvector_baseISaIbEE13_M_deallocateEv
                0x0000000000012bc0       0x43 _build/task_webrtc.o
                0x0000000000012bc0                std::_Bvector_base<std::allocator<bool> >::_M_deallocate()
 *fill*         0x0000000000012c03        0xd 
 .text._ZN8nlohmann6detail28json_sax_dom_callback_parserINS_10basic_jsonISt3mapSt6vectorNSt7__cxx1112basic_stringIcSt11char_traitsIcESaIcEEEblmdSaNS_14adl_serializerES4_IhSaIhEEEEE12handle_valueINS0_7value_tEEESt4pairIbPSE_EOT_b
                0x0000000000012c10      0x331 _build/task_webrtc.o
                0x0000000000012c10                std::pair<bool, nlohmann::basic_json<std::map, std::vector, std::__cxx11::basic_string<char, std::char_traits<char>, std::allocator<char> >, bool, long, unsigned long, double, std::allocator, nlohmann::adl_serializer, std::vector<unsigned char, std::allocator<unsigned char> > >*> nlohmann::detail::json_sax_dom_callback_parser<nlohmann::basic_json<std::map, std::vector, std::__cxx11::basic_string<char, std::char_traits<char>, std::allocator<char> >, bool, long, unsigned long, double, std::allocator, nlohmann::adl_serializer, std::vector<unsigned char, std::allocator<unsigned char> > > >::handle_value<nlohmann::detail::value_t>(nlohmann::detail::value_t&&, bool)
 *fill*         0x0000000000012f41        0xf 
 .text._ZN8nlohmann10basic_jsonISt3mapSt6vectorNSt7__cxx1112basic_stringIcSt11char_traitsIcESaIcEEEblmdSaNS_14adl_serializerES2_IhSaIhEEEC2ERKSC_
                0x0000000000012f50      0x3b1 _build/task_webrtc.o
                0x0000000000012f50                nlohmann::basic_json<std::map, std::vector, std::__cxx11::basic_string<char, std::char_traits<char>, std::allocator<char> >, bool, long, unsigned long, double, std::allocator, nlohmann::adl_serializer, std::vector<unsigned char, std::allocator<unsigned char> > >::basic_json(nlohmann::basic_json<std::map, std::vector, std::__cxx11::basic_string<char, std::char_traits<char>, std::allocator<char> >, bool, long, unsigned long, double, std::allocator, nlohmann::adl_serializer, std::vector<unsigned char, std::allocator<unsigned char> > > const&)
                0x0000000000012f50                nlohmann::basic_json<std::map, std::vector, std::__cxx11::basic_string<char, std::char_traits<char>, std::allocator<char> >, bool, long, unsigned long, double, std::allocator, nlohmann::adl_serializer, std::vector<unsigned char, std::allocator<unsigned char> > >::basic_json(nlohmann::basic_json<std::map, std::vector, std::__cxx11::basic_string<char, std::char_traits<char>, std::allocator<char> >, bool, long, unsigned long, double, std::allocator, nlohmann::adl_serializer, std::vector<unsigned char, std::allocator<unsigned char> > > const&)
 *fill*         0x0000000000013301        0xf 
 .text._ZN8nlohmann6detail28json_sax_dom_callback_parserINS_10basic_jsonISt3mapSt6vectorNSt7__cxx1112basic_stringIcSt11char_traitsIcESaIcEEEblmdSaNS_14adl_serializerES4_IhSaIhEEEEE9end_arrayEv
                0x0000000000013310      0x1c3 _build/task_webrtc.o
                0x0000000000013310                nlohmann::detail::json_sax_dom_callback_parser<nlohmann::basic_json<std::map, std::vector, std::__cxx11::basic_string<char, std::char_traits<char>, std::allocator<char> >, bool, long, unsigned long, double, std::allocator, nlohmann::adl_serializer, std::vector<unsigned char, std::allocator<unsigned char> > > >::end_array()
 *fill*         0x00000000000134d3        0xd 
 .text._ZNSt8_Rb_treeINSt7__cxx1112basic_stringIcSt11char_traitsIcESaIcEEESt4pairIKS5_N8nlohmann10basic_jsonISt3mapSt6vectorS5_blmdSaNS8_14adl_serializerESB_IhSaIhEEEEESt10_Select1stISG_ESt4lessIvESaISG_EE7_M_copyILb0ENSM_11_Alloc_nodeEEEPSt13_Rb_tree_nodeISG_ESR_PSt18_Rb_tree_node_baseRT0_.isra.0
                0x00000000000134e0      0x367 _build/task_webrtc.o
 *fill*         0x0000000000013847        0x9 
 .text._ZN8nlohmann10basic_jsonISt3mapSt6vectorNSt7__cxx1112basic_stringIcSt11char_traitsIcESaIcEEEblmdSaNS_14adl_serializerES2_IhSaIhEEE5eraseINS_6detail9iter_implISC_EELi0EEET_SH_
                0x0000000000013850      0x58e _build/task_webrtc.o
                0x0000000000013850                nlohmann::detail::iter_impl<nlohmann::basic_json<std::map, std::vector, std::__cxx11::basic_string<char, std::char_traits<char>, std::allocator<char> >, bool, long, unsigned long, double, std::allocator, nlohmann::adl_serializer, std::vector<unsigned char, std::allocator<unsigned char> > > > nlohmann::basic_json<std::map, std::vector, std::__cxx11::basic_string<char, std::char_traits<char>, std::allocator<char> >, bool, long, unsigned long, double, std::allocator, nlohmann::adl_serializer, std::vector<unsigned char, std::allocator<unsigned char> > >::erase<nlohmann::detail::iter_impl<nlohmann::basic_json<std::map, std::vector, std::__cxx11::basic_string<char, std::char_traits<char>, std::allocator<char> >, bool, long, unsigned long, double, std::allocator, nlohmann::adl_serializer, std::vector<unsigned char, std::allocator<unsigned char> > > >, 0>(nlohmann::detail::iter_impl<nlohmann::basic_json<std::map, std::vector, std::__cxx11::basic_string<char, std::char_traits<char>, std::allocator<char> >, bool, long, unsigned long, double, std::allocator, nlohmann::adl_serializer, std::vector<unsigned char, std::allocator<unsigned char> > > >)
 *fill*         0x0000000000013dde        0x2 
 .text._ZN8nlohmann6detail28json_sax_dom_callback_parserINS_10basic_jsonISt3mapSt6vectorNSt7__cxx1112basic_stringIcSt11char_traitsIcESaIcEEEblmdSaNS_14adl_serializerES4_IhSaIhEEEEE10end_objectEv
                0x0000000000013de0      0x425 _build/task_webrtc.o
                0x0000000000013de0                nlohmann::detail::json_sax_dom_callback_parser<nlohmann::basic_json<std::map, std::vector, std::__cxx11::basic_string<char, std::char_traits<char>, std::allocator<char> >, bool, long, unsigned long, double, std::allocator, nlohmann::adl_serializer, std::vector<unsigned char, std::allocator<unsigned char> > > >::end_object()
 *fill*         0x0000000000014205        0xb 
 .text._ZN8nlohmann6detail28json_sax_dom_callback_parserINS_10basic_jsonISt3mapSt6vectorNSt7__cxx1112basic_stringIcSt11char_traitsIcESaIcEEEblmdSaNS_14adl_serializerES4_IhSaIhEEEEE12handle_valueIRbEESt4pairIbPSE_EOT_b
                0x0000000000014210      0x361 _build/task_webrtc.o
                0x0000000000014210                std::pair<bool, nlohmann::basic_json<std::map, std::vector, std::__cxx11::basic_string<char, std::char_traits<char>, std::allocator<char> >, bool, long, unsigned long, double, std::allocator, nlohmann::adl_serializer, std::vector<unsigned char, std::allocator<unsigned char> > >*> nlohmann::detail::json_sax_dom_callback_parser<nlohmann::basic_json<std::map, std::vector, std::__cxx11::basic_string<char, std::char_traits<char>, std::allocator<char> >, bool, long, unsigned long, double, std::allocator, nlohmann::adl_serializer, std::vector<unsigned char, std::allocator<unsigned char> > > >::handle_value<bool&>(bool&, bool)
 *fill*         0x0000000000014571        0xf 
 .text._ZNSt6vectorIPN8nlohmann10basic_jsonISt3mapS_NSt7__cxx1112basic_stringIcSt11char_traitsIcESaIcEEEblmdSaNS0_14adl_serializerES_IhSaIhEEEESaISD_EE17_M_realloc_insertIJRKSD_EEEvN9__gnu_cxx17__normal_iteratorIPSD_SF_EEDpOT_
                0x0000000000014580      0x147 _build/task_webrtc.o
                0x0000000000014580                void std::vector<nlohmann::basic_json<std::map, std::vector, std::__cxx11::basic_string<char, std::char_traits<char>, std::allocator<char> >, bool, long, unsigned long, double, std::allocator, nlohmann::adl_serializer, std::vector<unsigned char, std::allocator<unsigned char> > >*, std::allocator<nlohmann::basic_json<std::map, std::vector, std::__cxx11::basic_string<char, std::char_traits<char>, std::allocator<char> >, bool, long, unsigned long, double, std::allocator, nlohmann::adl_serializer, std::vector<unsigned char, std::allocator<unsigned char> > >*> >::_M_realloc_insert<nlohmann::basic_json<std::map, std::vector, std::__cxx11::basic_string<char, std::char_traits<char>, std::allocator<char> >, bool, long, unsigned long, double, std::allocator, nlohmann::adl_serializer, std::vector<unsigned char, std::allocator<unsigned char> > >* const&>(__gnu_cxx::__normal_iterator<nlohmann::basic_json<std::map, std::vector, std::__cxx11::basic_string<char, std::char_traits<char>, std::allocator<char> >, bool, long, unsigned long, double, std::allocator, nlohmann::adl_serializer, std::vector<unsigned char, std::allocator<unsigned char> > >**, std::vector<nlohmann::basic_json<std::map, std::vector, std::__cxx11::basic_string<char, std::char_traits<char>, std::allocator<char> >, bool, long, unsigned long, double, std::allocator, nlohmann::adl_serializer, std::vector<unsigned char, std::allocator<unsigned char> > >*, std::allocator<nlohmann::basic_json<std::map, std::vector, std::__cxx11::basic_string<char, std::char_traits<char>, std::allocator<char> >, bool, long, unsigned long, double, std::allocator, nlohmann::adl_serializer, std::vector<unsigned char, std::allocator<unsigned char> > >*> > >, nlohmann::basic_json<std::map, std::vector, std::__cxx11::basic_string<char, std::char_traits<char>, std::allocator<char> >, bool, long, unsigned long, double, std::allocator, nlohmann::adl_serializer, std::vector<unsigned char, std::allocator<unsigned char> > >* const&)
 *fill*         0x00000000000146c7        0x9 
 .text._ZN8nlohmann10basic_jsonISt3mapSt6vectorNSt7__cxx1112basic_stringIcSt11char_traitsIcESaIcEEEblmdSaNS_14adl_serializerES2_IhSaIhEEEC2IRddLi0EEEOT_
                0x00000000000146d0       0x40 _build/task_webrtc.o
                0x00000000000146d0                nlohmann::basic_json<std::map, std::vector, std::__cxx11::basic_string<char, std::char_traits<char>, std::allocator<char> >, bool, long, unsigned long, double, std::allocator, nlohmann::adl_serializer, std::vector<unsigned char, std::allocator<unsigned char> > >::basic_json<double&, double, 0>(double&)
                0x00000000000146d0                nlohmann::basic_json<std::map, std::vector, std::__cxx11::basic_string<char, std::char_traits<char>, std::allocator<char> >, bool, long, unsigned long, double, std::allocator, nlohmann::adl_serializer, std::vector<unsigned char, std::allocator<unsigned char> > >::basic_json<double&, double, 0>(double&)
 .text._ZN8nlohmann10basic_jsonISt3mapSt6vectorNSt7__cxx1112basic_stringIcSt11char_traitsIcESaIcEEEblmdSaNS_14adl_serializerES2_IhSaIhEEEC2IRllLi0EEEOT_
                0x0000000000014710       0x34 _build/task_webrtc.o
                0x0000000000014710                nlohmann::basic_json<std::map, std::vector, std::__cxx11::basic_string<char, std::char_traits<char>, std::allocator<char> >, bool, long, unsigned long, double, std::allocator, nlohmann::adl_serializer, std::vector<unsigned char, std::allocator<unsigned char> > >::basic_json<long&, long, 0>(long&)
                0x0000000000014710                nlohmann::basic_json<std::map, std::vector, std::__cxx11::basic_string<char, std::char_traits<char>, std::allocator<char> >, bool, long, unsigned long, double, std::allocator, nlohmann::adl_serializer, std::vector<unsigned char, std::allocator<unsigned char> > >::basic_json<long&, long, 0>(long&)
 *fill*         0x0000000000014744        0xc 
 .text._ZN8nlohmann10basic_jsonISt3mapSt6vectorNSt7__cxx1112basic_stringIcSt11char_traitsIcESaIcEEEblmdSaNS_14adl_serializerES2_IhSaIhEEEC2IRmmLi0EEEOT_
                0x0000000000014750       0x34 _build/task_webrtc.o
                0x0000000000014750                nlohmann::basic_json<std::map, std::vector, std::__cxx11::basic_string<char, std::char_traits<char>, std::allocator<char> >, bool, long, unsigned long, double, std::allocator, nlohmann::adl_serializer, std::vector<unsigned char, std::allocator<unsigned char> > >::basic_json<unsigned long&, unsigned long, 0>(unsigned long&)
                0x0000000000014750                nlohmann::basic_json<std::map, std::vector, std::__cxx11::basic_string<char, std::char_traits<char>, std::allocator<char> >, bool, long, unsigned long, double, std::allocator, nlohmann::adl_serializer, std::vector<unsigned char, std::allocator<unsigned char> > >::basic_json<unsigned long&, unsigned long, 0>(unsigned long&)
 *fill*         0x0000000000014784        0xc 
 .text._ZNSt6vectorIN8nlohmann10basic_jsonISt3mapS_NSt7__cxx1112basic_stringIcSt11char_traitsIcESaIcEEEblmdSaNS0_14adl_serializerES_IhSaIhEEEESaISC_EE12emplace_backIJRbEEERSC_DpOT_
                0x0000000000014790      0x318 _build/task_webrtc.o
                0x0000000000014790                nlohmann::basic_json<std::map, std::vector, std::__cxx11::basic_string<char, std::char_traits<char>, std::allocator<char> >, bool, long, unsigned long, double, std::allocator, nlohmann::adl_serializer, std::vector<unsigned char, std::allocator<unsigned char> > >& std::vector<nlohmann::basic_json<std::map, std::vector, std::__cxx11::basic_string<char, std::char_traits<char>, std::allocator<char> >, bool, long, unsigned long, double, std::allocator, nlohmann::adl_serializer, std::vector<unsigned char, std::allocator<unsigned char> > >, std::allocator<nlohmann::basic_json<std::map, std::vector, std::__cxx11::basic_string<char, std::char_traits<char>, std::allocator<char> >, bool, long, unsigned long, double, std::allocator, nlohmann::adl_serializer, std::vector<unsigned char, std::allocator<unsigned char> > > > >::emplace_back<bool&>(bool&)
 *fill*         0x0000000000014aa8        0x8 
 .text._ZN8nlohmann6detail19json_sax_dom_parserINS_10basic_jsonISt3mapSt6vectorNSt7__cxx1112basic_stringIcSt11char_traitsIcESaIcEEEblmdSaNS_14adl_serializerES4_IhSaIhEEEEE12handle_valueIRbEEPSE_OT_
                0x0000000000014ab0      0x18b _build/task_webrtc.o
                0x0000000000014ab0                nlohmann::basic_json<std::map, std::vector, std::__cxx11::basic_string<char, std::char_traits<char>, std::allocator<char> >, bool, long, unsigned long, double, std::allocator, nlohmann::adl_serializer, std::vector<unsigned char, std::allocator<unsigned char> > >* nlohmann::detail::json_sax_dom_parser<nlohmann::basic_json<std::map, std::vector, std::__cxx11::basic_string<char, std::char_traits<char>, std::allocator<char> >, bool, long, unsigned long, double, std::allocator, nlohmann::adl_serializer, std::vector<unsigned char, std::allocator<unsigned char> > > >::handle_value<bool&>(bool&)
 *fill*         0x0000000000014c3b        0x5 
 .text._ZNSt6vectorIN8nlohmann10basic_jsonISt3mapS_NSt7__cxx1112basic_stringIcSt11char_traitsIcESaIcEEEblmdSaNS0_14adl_serializerES_IhSaIhEEEESaISC_EE17_M_realloc_insertIJNS0_6detail7value_tEEEEvN9__gnu_cxx17__normal_iteratorIPSC_SE_EEDpOT_
                0x0000000000014c40      0x42b _build/task_webrtc.o
                0x0000000000014c40                void std::vector<nlohmann::basic_json<std::map, std::vector, std::__cxx11::basic_string<char, std::char_traits<char>, std::allocator<char> >, bool, long, unsigned long, double, std::allocator, nlohmann::adl_serializer, std::vector<unsigned char, std::allocator<unsigned char> > >, std::allocator<nlohmann::basic_json<std::map, std::vector, std::__cxx11::basic_string<char, std::char_traits<char>, std::allocator<char> >, bool, long, unsigned long, double, std::allocator, nlohmann::adl_serializer, std::vector<unsigned char, std::allocator<unsigned char> > > > >::_M_realloc_insert<nlohmann::detail::value_t>(__gnu_cxx::__normal_iterator<nlohmann::basic_json<std::map, std::vector, std::__cxx11::basic_string<char, std::char_traits<char>, std::allocator<char> >, bool, long, unsigned long, double, std::allocator, nlohmann::adl_serializer, std::vector<unsigned char, std::allocator<unsigned char> > >*, std::vector<nlohmann::basic_json<std::map, std::vector, std::__cxx11::basic_string<char, std::char_traits<char>, std::allocator<char> >, bool, long, unsigned long, double, std::allocator, nlohmann::adl_serializer, std::vector<unsigned char, std::allocator<unsigned char> > >, std::allocator<nlohmann::basic_json<std::map, std::vector, std::__cxx11::basic_string<char, std::char_traits<char>, std::allocator<char> >, bool, long, unsigned long, double, std::allocator, nlohmann::adl_serializer, std::vector<unsigned char, std::allocator<unsigned char> > > > > >, nlohmann::detail::value_t&&)
 *fill*         0x000000000001506b        0x5 
 .text._ZNSt6vectorIPN8nlohmann10basic_jsonISt3mapS_NSt7__cxx1112basic_stringIcSt11char_traitsIcESaIcEEEblmdSaNS0_14adl_serializerES_IhSaIhEEEESaISD_EE17_M_realloc_insertIJSD_EEEvN9__gnu_cxx17__normal_iteratorIPSD_SF_EEDpOT_
                0x0000000000015070      0x147 _build/task_webrtc.o
                0x0000000000015070                void std::vector<nlohmann::basic_json<std::map, std::vector, std::__cxx11::basic_string<char, std::char_traits<char>, std::allocator<char> >, bool, long, unsigned long, double, std::allocator, nlohmann::adl_serializer, std::vector<unsigned char, std::allocator<unsigned char> > >*, std::allocator<nlohmann::basic_json<std::map, std::vector, std::__cxx11::basic_string<char, std::char_traits<char>, std::allocator<char> >, bool, long, unsigned long, double, std::allocator, nlohmann::adl_serializer, std::vector<unsigned char, std::allocator<unsigned char> > >*> >::_M_realloc_insert<nlohmann::basic_json<std::map, std::vector, std::__cxx11::basic_string<char, std::char_traits<char>, std::allocator<char> >, bool, long, unsigned long, double, std::allocator, nlohmann::adl_serializer, std::vector<unsigned char, std::allocator<unsigned char> > >*>(__gnu_cxx::__normal_iterator<nlohmann::basic_json<std::map, std::vector, std::__cxx11::basic_string<char, std::char_traits<char>, std::allocator<char> >, bool, long, unsigned long, double, std::allocator, nlohmann::adl_serializer, std::vector<unsigned char, std::allocator<unsigned char> > >**, std::vector<nlohmann::basic_json<std::map, std::vector, std::__cxx11::basic_string<char, std::char_traits<char>, std::allocator<char> >, bool, long, unsigned long, double, std::allocator, nlohmann::adl_serializer, std::vector<unsigned char, std::allocator<unsigned char> > >*, std::allocator<nlohmann::basic_json<std::map, std::vector, std::__cxx11::basic_string<char, std::char_traits<char>, std::allocator<char> >, bool, long, unsigned long, double, std::allocator, nlohmann::adl_serializer, std::vector<unsigned char, std::allocator<unsigned char> > >*> > >, nlohmann::basic_json<std::map, std::vector, std::__cxx11::basic_string<char, std::char_traits<char>, std::allocator<char> >, bool, long, unsigned long, double, std::allocator, nlohmann::adl_serializer, std::vector<unsigned char, std::allocator<unsigned char> > >*&&)
 *fill*         0x00000000000151b7        0x9 
 .text._ZNSt6vectorIN8nlohmann10basic_jsonISt3mapS_NSt7__cxx1112basic_stringIcSt11char_traitsIcESaIcEEEblmdSaNS0_14adl_serializerES_IhSaIhEEEESaISC_EE17_M_realloc_insertIJRdEEEvN9__gnu_cxx17__normal_iteratorIPSC_SE_EEDpOT_
                0x00000000000151c0      0x41e _build/task_webrtc.o
                0x00000000000151c0                void std::vector<nlohmann::basic_json<std::map, std::vector, std::__cxx11::basic_string<char, std::char_traits<char>, std::allocator<char> >, bool, long, unsigned long, double, std::allocator, nlohmann::adl_serializer, std::vector<unsigned char, std::allocator<unsigned char> > >, std::allocator<nlohmann::basic_json<std::map, std::vector, std::__cxx11::basic_string<char, std::char_traits<char>, std::allocator<char> >, bool, long, unsigned long, double, std::allocator, nlohmann::adl_serializer, std::vector<unsigned char, std::allocator<unsigned char> > > > >::_M_realloc_insert<double&>(__gnu_cxx::__normal_iterator<nlohmann::basic_json<std::map, std::vector, std::__cxx11::basic_string<char, std::char_traits<char>, std::allocator<char> >, bool, long, unsigned long, double, std::allocator, nlohmann::adl_serializer, std::vector<unsigned char, std::allocator<unsigned char> > >*, std::vector<nlohmann::basic_json<std::map, std::vector, std::__cxx11::basic_string<char, std::char_traits<char>, std::allocator<char> >, bool, long, unsigned long, double, std::allocator, nlohmann::adl_serializer, std::vector<unsigned char, std::allocator<unsigned char> > >, std::allocator<nlohmann::basic_json<std::map, std::vector, std::__cxx11::basic_string<char, std::char_traits<char>, std::allocator<char> >, bool, long, unsigned long, double, std::allocator, nlohmann::adl_serializer, std::vector<unsigned char, std::allocator<unsigned char> > > > > >, double&)
 *fill*         0x00000000000155de        0x2 
 .text._ZNSt6vectorIN8nlohmann10basic_jsonISt3mapS_NSt7__cxx1112basic_stringIcSt11char_traitsIcESaIcEEEblmdSaNS0_14adl_serializerES_IhSaIhEEEESaISC_EE17_M_realloc_insertIJRlEEEvN9__gnu_cxx17__normal_iteratorIPSC_SE_EEDpOT_
                0x00000000000155e0      0x40e _build/task_webrtc.o
                0x00000000000155e0                void std::vector<nlohmann::basic_json<std::map, std::vector, std::__cxx11::basic_string<char, std::char_traits<char>, std::allocator<char> >, bool, long, unsigned long, double, std::allocator, nlohmann::adl_serializer, std::vector<unsigned char, std::allocator<unsigned char> > >, std::allocator<nlohmann::basic_json<std::map, std::vector, std::__cxx11::basic_string<char, std::char_traits<char>, std::allocator<char> >, bool, long, unsigned long, double, std::allocator, nlohmann::adl_serializer, std::vector<unsigned char, std::allocator<unsigned char> > > > >::_M_realloc_insert<long&>(__gnu_cxx::__normal_iterator<nlohmann::basic_json<std::map, std::vector, std::__cxx11::basic_string<char, std::char_traits<char>, std::allocator<char> >, bool, long, unsigned long, double, std::allocator, nlohmann::adl_serializer, std::vector<unsigned char, std::allocator<unsigned char> > >*, std::vector<nlohmann::basic_json<std::map, std::vector, std::__cxx11::basic_string<char, std::char_traits<char>, std::allocator<char> >, bool, long, unsigned long, double, std::allocator, nlohmann::adl_serializer, std::vector<unsigned char, std::allocator<unsigned char> > >, std::allocator<nlohmann::basic_json<std::map, std::vector, std::__cxx11::basic_string<char, std::char_traits<char>, std::allocator<char> >, bool, long, unsigned long, double, std::allocator, nlohmann::adl_serializer, std::vector<unsigned char, std::allocator<unsigned char> > > > > >, long&)
 *fill*         0x00000000000159ee        0x2 
 .text._ZNSt6vectorIN8nlohmann10basic_jsonISt3mapS_NSt7__cxx1112basic_stringIcSt11char_traitsIcESaIcEEEblmdSaNS0_14adl_serializerES_IhSaIhEEEESaISC_EE17_M_realloc_insertIJRS8_EEEvN9__gnu_cxx17__normal_iteratorIPSC_SE_EEDpOT_
                0x00000000000159f0      0x533 _build/task_webrtc.o