
Merging program properties


As-needed library included to satisfy reference by file (symbol)

libcurl.so.4                  _build/utils.o (curl_easy_cleanup@@CURL_OPENSSL_4)
libcrypto.so.3                _build/utils.o (OPENSSL_init_crypto@@OPENSSL_3.0.0)
libmosquittopp.so.1           _build/mqtt.o (mosqpp::mosquittopp::loop_start())
libmosquitto.so.1             _build/mqtt.o (mosquitto_strerror@@MOSQ_1.0)
libstdc++.so.6                _build/mqtt.o (std::__cxx11::basic_string<char, std::char_traits<char>, std::allocator<char> >::compare(char const*) const@@GLIBCXX_3.4.21)
libgcc_s.so.1                 _build/app.o (_Unwind_Resume@@GCC_3.0)
libc.so.6                     _build/utils.o (fgets@@GLIBC_2.2.5)

Discarded input sections

 .note.GNU-stack
                0x0000000000000000        0x0 /usr/lib/gcc/x86_64-linux-gnu/11/../../../x86_64-linux-gnu/Scrt1.o
 .note.gnu.property
                0x0000000000000000       0x20 /usr/lib/gcc/x86_64-linux-gnu/11/../../../x86_64-linux-gnu/crti.o
 .note.GNU-stack
                0x0000000000000000        0x0 /usr/lib/gcc/x86_64-linux-gnu/11/../../../x86_64-linux-gnu/crti.o
 .note.GNU-stack
                0x0000000000000000        0x0 /usr/lib/gcc/x86_64-linux-gnu/11/crtbeginS.o
 .note.gnu.property
                0x0000000000000000       0x20 /usr/lib/gcc/x86_64-linux-gnu/11/crtbeginS.o
 .debug_info    0x0000000000000000     0xa0aa _build/ak.o
 .debug_abbrev  0x0000000000000000      0xab3 _build/ak.o
 .debug_loclists
                0x0000000000000000     0x31f5 _build/ak.o
 .debug_aranges
                0x0000000000000000       0x40 _build/ak.o
 .debug_rnglists
                0x0000000000000000      0x832 _build/ak.o
 .debug_line    0x0000000000000000     0x1f3e _build/ak.o
 .debug_str     0x0000000000000000     0x7fae _build/ak.o
 .debug_line_str
                0x0000000000000000      0x4cf _build/ak.o
 .note.GNU-stack
                0x0000000000000000        0x0 _build/ak.o
 .note.gnu.property
                0x0000000000000000       0x20 _build/ak.o
 .debug_info    0x0000000000000000      0xcd5 _build/message.o
 .debug_abbrev  0x0000000000000000      0x2cb _build/message.o
 .debug_loclists
                0x0000000000000000      0x15c _build/message.o
 .debug_aranges
                0x0000000000000000       0x30 _build/message.o
 .debug_line    0x0000000000000000      0x262 _build/message.o
 .debug_str     0x0000000000000000      0x588 _build/message.o
 .debug_line_str
                0x0000000000000000      0x215 _build/message.o
 .note.GNU-stack
                0x0000000000000000        0x0 _build/message.o
 .note.gnu.property
                0x0000000000000000       0x20 _build/message.o
 .debug_info    0x0000000000000000     0x60bb _build/timer.o
 .debug_abbrev  0x0000000000000000      0x938 _build/timer.o
 .debug_loclists
                0x0000000000000000      0x3cb _build/timer.o
 .debug_aranges
                0x0000000000000000       0x30 _build/timer.o
 .debug_line    0x0000000000000000      0x6ba _build/timer.o
 .debug_str     0x0000000000000000     0x787e _build/timer.o
 .debug_line_str
                0x0000000000000000      0x51c _build/timer.o
 .note.GNU-stack
                0x0000000000000000        0x0 _build/timer.o
 .note.gnu.property
                0x0000000000000000       0x20 _build/timer.o
 .debug_info    0x0000000000000000      0x235 _build/fsm.o
 .debug_abbrev  0x0000000000000000       0xe3 _build/fsm.o
 .debug_loclists
                0x0000000000000000       0x37 _build/fsm.o
 .debug_aranges
                0x0000000000000000       0x30 _build/fsm.o
 .debug_line    0x0000000000000000       0x73 _build/fsm.o
 .debug_str     0x0000000000000000      0x22e _build/fsm.o
 .debug_line_str
                0x0000000000000000       0xe1 _build/fsm.o
 .note.GNU-stack
                0x0000000000000000        0x0 _build/fsm.o
 .note.gnu.property
                0x0000000000000000       0x20 _build/fsm.o
 .debug_info    0x0000000000000000      0x40e _build/tsm.o
 .debug_abbrev  0x0000000000000000      0x164 _build/tsm.o
 .debug_loclists
                0x0000000000000000       0xf2 _build/tsm.o
 .debug_aranges
                0x0000000000000000       0x30 _build/tsm.o
 .debug_line    0x0000000000000000      0x13f _build/tsm.o
 .debug_str     0x0000000000000000      0x33e _build/tsm.o
 .debug_line_str
                0x0000000000000000       0xf9 _build/tsm.o
 .note.GNU-stack
                0x0000000000000000        0x0 _build/tsm.o
 .note.gnu.property
                0x0000000000000000       0x20 _build/tsm.o
 .debug_info    0x0000000000000000      0xc69 _build/sys_dbg.o
 .debug_abbrev  0x0000000000000000      0x30e _build/sys_dbg.o
 .debug_loclists
                0x0000000000000000       0xae _build/sys_dbg.o
 .debug_aranges
                0x0000000000000000       0x30 _build/sys_dbg.o
 .debug_rnglists
                0x0000000000000000       0x2e _build/sys_dbg.o
 .debug_line    0x0000000000000000      0x1b9 _build/sys_dbg.o
[...]
Memory Configuration

Name             Origin             Length             Attributes
*default*        0x0000000000000000 0xffffffffffffffff

Linker script and memory map

LOAD /usr/lib/gcc/x86_64-linux-gnu/11/../../../x86_64-linux-gnu/Scrt1.o
LOAD /usr/lib/gcc/x86_64-linux-gnu/11/../../../x86_64-linux-gnu/crti.o
LOAD /usr/lib/gcc/x86_64-linux-gnu/11/crtbeginS.o
LOAD _build/ak.o
LOAD _build/message.o
LOAD _build/timer.o
LOAD _build/fsm.o
LOAD _build/tsm.o
LOAD _build/sys_dbg.o
LOAD _build/app.o
LOAD _build/task_list.o
LOAD _build/task_webrtc.o
LOAD _build/app_config.o
LOAD _build/app_data.o
LOAD _build/mqtt.o
LOAD _build/cmd_line.o
LOAD _build/jsmn.o
LOAD _build/firmware.o
LOAD _build/utils.o
LOAD _build/fifo.o
LOAD sources/libraries/linux64/lib/libdatachannel.a
LOAD sources/libraries/linux64/lib/libjuice.a
LOAD sources/libraries/linux64/lib/libsrtp2.a
LOAD sources/libraries/linux64/lib/libusrsctp.a
LOAD /usr/lib/gcc/x86_64-linux-gnu/11/../../../x86_64-linux-gnu/libpthread.a
LOAD /usr/lib/gcc/x86_64-linux-gnu/11/../../../x86_64-linux-gnu/librt.a
LOAD /usr/lib/gcc/x86_64-linux-gnu/11/../../../x86_64-linux-gnu/libcurl.so
LOAD /usr/lib/gcc/x86_64-linux-gnu/11/../../../x86_64-linux-gnu/libcrypto.so
LOAD /usr/lib/gcc/x86_64-linux-gnu/11/../../../x86_64-linux-gnu/libssl.so
LOAD /usr/lib/gcc/x86_64-linux-gnu/11/../../../x86_64-linux-gnu/libmosquittopp.so
LOAD /usr/lib/gcc/x86_64-linux-gnu/11/../../../x86_64-linux-gnu/libmosquitto.so
LOAD /usr/lib/gcc/x86_64-linux-gnu/11/libstdc++.so
LOAD /usr/lib/gcc/x86_64-linux-gnu/11/../../../x86_64-linux-gnu/libm.so
START GROUP
LOAD /lib/x86_64-linux-gnu/libm.so.6
LOAD /lib/x86_64-linux-gnu/libmvec.so.1
END GROUP
LOAD /usr/lib/gcc/x86_64-linux-gnu/11/libgcc_s.so
START GROUP
LOAD /usr/lib/gcc/x86_64-linux-gnu/11/../../../x86_64-linux-gnu/libgcc_s.so.1
LOAD /usr/lib/gcc/x86_64-linux-gnu/11/libgcc.a
END GROUP
LOAD /usr/lib/gcc/x86_64-linux-gnu/11/libgcc.a
LOAD /usr/lib/gcc/x86_64-linux-gnu/11/../../../x86_64-linux-gnu/libc.so
START GROUP
LOAD /lib/x86_64-linux-gnu/libc.so.6
LOAD /usr/lib/x86_64-linux-gnu/libc_nonshared.a
LOAD /lib64/ld-linux-x86-64.so.2
END GROUP
LOAD /usr/lib/gcc/x86_64-linux-gnu/11/libgcc_s.so
START GROUP
LOAD /usr/lib/gcc/x86_64-linux-gnu/11/../../../x86_64-linux-gnu/libgcc_s.so.1
LOAD /usr/lib/gcc/x86_64-linux-gnu/11/libgcc.a
END GROUP
LOAD /usr/lib/gcc/x86_64-linux-gnu/11/libgcc.a
LOAD /usr/lib/gcc/x86_64-linux-gnu/11/crtendS.o
LOAD /usr/lib/gcc/x86_64-linux-gnu/11/../../../x86_64-linux-gnu/crtn.o
                [!provide]                        PROVIDE (__executable_start = SEGMENT_START ("text-segment", 0x0))
                0x0000000000000318                . = (SEGMENT_START ("text-segment", 0x0) + SIZEOF_HEADERS)

.interp         0x0000000000000318       0x1c
 *(.interp)
 .interp        0x0000000000000318       0x1c /usr/lib/gcc/x86_64-linux-gnu/11/../../../x86_64-linux-gnu/Scrt1.o

.note.gnu.property
                0x0000000000000338       0x30
 .note.gnu.property
                0x0000000000000338       0x30 /usr/lib/gcc/x86_64-linux-gnu/11/../../../x86_64-linux-gnu/Scrt1.o

.note.gnu.build-id
                0x0000000000000368       0x24
 *(.note.gnu.build-id)
 .note.gnu.build-id
                0x0000000000000368       0x24 /usr/lib/gcc/x86_64-linux-gnu/11/../../../x86_64-linux-gnu/Scrt1.o

.note.ABI-tag   0x000000000000038c       0x20
 .note.ABI-tag  0x000000000000038c       0x20 /usr/lib/gcc/x86_64-linux-gnu/11/../../../x86_64-linux-gnu/Scrt1.o

.hash
 *(.hash)

.gnu.hash       0x00000000000003b0       0xb4
 *(.gnu.hash)
 .gnu.hash      0x00000000000003b0       0xb4 /usr/lib/gcc/x86_64-linux-gnu/11/../../../x86_64-linux-gnu/Scrt1.o

.dynsym         0x0000000000000468     0x1290
 *(.dynsym)
 .dynsym        0x0000000000000468     0x1290 /usr/lib/gcc/x86_64-linux-gnu/11/../../../x86_64-linux-gnu/Scrt1.o

.dynstr         0x00000000000016f8     0x1723
 *(.dynstr)
 .dynstr        0x00000000000016f8     0x1723 /usr/lib/gcc/x86_64-linux-gnu/11/../../../x86_64-linux-gnu/Scrt1.o

.gnu.version    0x0000000000002e1c      0x18c
 *(.gnu.version)
 .gnu.version   0x0000000000002e1c      0x18c /usr/lib/gcc/x86_64-linux-gnu/11/../../../x86_64-linux-gnu/Scrt1.o

.gnu.version_d  0x0000000000002fa8        0x0
 *(.gnu.version_d)
 .gnu.version_d
                0x0000000000002fa8        0x0 /usr/lib/gcc/x86_64-linux-gnu/11/../../../x86_64-linux-gnu/Scrt1.o

.gnu.version_r  0x0000000000002fa8      0x1e0
 *(.gnu.version_r)
 .gnu.version_r
                0x0000000000002fa8      0x1e0 /usr/lib/gcc/x86_64-linux-gnu/11/../../../x86_64-linux-gnu/Scrt1.o

.rela.dyn       0x0000000000003188      0xc30
 *(.rela.init)
 *(.rela.text .rela.text.* .rela.gnu.linkonce.t.*)
 .rela.text     0x0000000000003188        0x0 /usr/lib/gcc/x86_64-linux-gnu/11/../../../x86_64-linux-gnu/Scrt1.o
 .rela.text._ZNSt6thread11_State_implINS_8_InvokerISt5tupleIJZN7CppTime5TimerC4EvEUlvE_EEEEED2Ev
                0x0000000000003188        0x0 /usr/lib/gcc/x86_64-linux-gnu/11/../../../x86_64-linux-gnu/Scrt1.o
 .rela.text._ZNSt6thread11_State_implINS_8_InvokerISt5tupleIJZN7CppTime5TimerC4EvEUlvE_EEEEED0Ev
                0x0000000000003188        0x0 /usr/lib/gcc/x86_64-linux-gnu/11/../../../x86_64-linux-gnu/Scrt1.o
 .rela.text._ZN7CppTime5TimerC2Ev
                0x0000000000003188        0x0 /usr/lib/gcc/x86_64-linux-gnu/11/../../../x86_64-linux-gnu/Scrt1.o
 .rela.text.startup
                0x0000000000003188        0x0 /usr/lib/gcc/x86_64-linux-gnu/11/../../../x86_64-linux-gnu/Scrt1.o
 .rela.text._ZNSt6thread11_State_implINS_8_InvokerISt5tupleIJM4mqttFvvEPS3_EEEEED2Ev
                0x0000000000003188        0x0 /usr/lib/gcc/x86_64-linux-gnu/11/../../../x86_64-linux-gnu/Scrt1.o
 .rela.text._ZNSt6thread11_State_implINS_8_InvokerISt5tupleIJM4mqttFvvEPS3_EEEEED0Ev
                0x0000000000003188        0x0 /usr/lib/gcc/x86_64-linux-gnu/11/../../../x86_64-linux-gnu/Scrt1.o
 .rela.text._ZN4mqttD0Ev
                0x0000000000003188        0x0 /usr/lib/gcc/x86_64-linux-gnu/11/../../../x86_64-linux-gnu/Scrt1.o
 .rela.text._ZNSt10unique_ptrI4mqttSt14default_deleteIS0_EED2Ev
                0x0000000000003188        0x0 /usr/lib/gcc/x86_64-linux-gnu/11/../../../x86_64-linux-gnu/Scrt1.o
 .rela.text._ZN4mqttD2Ev
                0x0000000000003188        0x0 /usr/lib/gcc/x86_64-linux-gnu/11/../../../x86_64-linux-gnu/Scrt1.o
 .rela.text._ZNSt23_Sp_counted_ptr_inplaceIN8nlohmann6detail21output_string_adapterIcNSt7__cxx1112basic_stringIcSt11char_traitsIcESaIcEEEEESaIS9_ELN9__gnu_cxx12_Lock_policyE2EE14_M_get_deleterERKSt9type_info
                0x0000000000003188        0x0 /usr/lib/gcc/x86_64-linux-gnu/11/../../../x86_64-linux-gnu/Scrt1.o
 .rela.text.unlikely
                0x0000000000003188        0x0 /usr/lib/gcc/x86_64-linux-gnu/11/../../../x86_64-linux-gnu/Scrt1.o
 .rela.text._ZN8nlohmann6detail10serializerINS_10basic_jsonISt3mapSt6vectorNSt7__cxx1112basic_stringIcSt11char_traitsIcESaIcEEEblmdSaNS_14adl_serializerES4_IhSaIhEEEEED2Ev
                0x0000000000003188        0x0 /usr/lib/gcc/x86_64-linux-gnu/11/../../../x86_64-linux-gnu/Scrt1.o
 .rela.text._ZNSt16_Sp_counted_baseILN9__gnu_cxx12_Lock_policyE2EE10_M_releaseEv
                0x0000000000003188        0x0 /usr/lib/gcc/x86_64-linux-gnu/11/../../../x86_64-linux-gnu/Scrt1.o
 .rela.text._ZN8nlohmann6detail10type_error6createINS_10basic_jsonISt3mapSt6vectorNSt7__cxx1112basic_stringIcSt11char_traitsIcESaIcEEEblmdSaNS_14adl_serializerES5_IhSaIhEEEEEES1_iRKSB_RKT_
                0x0000000000003188        0x0 /usr/lib/gcc/x86_64-linux-gnu/11/../../../x86_64-linux-gnu/Scrt1.o
 .rela.text._ZN8nlohmann6detail11parse_error6createINS_10basic_jsonISt3mapSt6vectorNSt7__cxx1112basic_stringIcSt11char_traitsIcESaIcEEEblmdSaNS_14adl_serializerES5_IhSaIhEEEEEES1_iRKNS0_10position_tERKSB_RKT_
                0x0000000000003188        0x0 /usr/lib/gcc/x86_64-linux-gnu/11/../../../x86_64-linux-gnu/Scrt1.o
 .rela.text._ZN8nlohmann6detail10serializerINS_10basic_jsonISt3mapSt6vectorNSt7__cxx1112basic_stringIcSt11char_traitsIcESaIcEEEblmdSaNS_14adl_serializerES4_IhSaIhEEEEE12dump_escapedERKSA_b
                0x0000000000003188        0x0 /usr/lib/gcc/x86_64-linux-gnu/11/../../../x86_64-linux-gnu/Scrt1.o
 .rela.text._ZN8nlohmann6detail10serializerINS_10basic_jsonISt3mapSt6vectorNSt7__cxx1112basic_stringIcSt11char_traitsIcESaIcEEEblmdSaNS_14adl_serializerES4_IhSaIhEEEEE12dump_integerIhLi0EEEvT_
                0x0000000000003188        0x0 /usr/lib/gcc/x86_64-linux-gnu/11/../../../x86_64-linux-gnu/Scrt1.o
 .rela.text._ZN8nlohmann6detail10serializerINS_10basic_jsonISt3mapSt6vectorNSt7__cxx1112basic_stringIcSt11char_traitsIcESaIcEEEblmdSaNS_14adl_serializerES4_IhSaIhEEEEE12dump_integerImLi0EEEvT_
                0x0000000000003188        0x0 /usr/lib/gcc/x86_64-linux-gnu/11/../../../x86_64-linux-gnu/Scrt1.o
 .rela.text._ZN8nlohmann6detail12out_of_range6createINS_10basic_jsonISt3mapSt6vectorNSt7__cxx1112basic_stringIcSt11char_traitsIcESaIcEEEblmdSaNS_14adl_serializerES5_IhSaIhEEEEEES1_iRKSB_RKT_
                0x0000000000003188        0x0 /usr/lib/gcc/x86_64-linux-gnu/11/../../../x86_64-linux-gnu/Scrt1.o
 .rela.text._ZN8nlohmann10basic_jsonISt3mapSt6vectorNSt7__cxx1112basic_stringIcSt11char_traitsIcESaIcEEEblmdSaNS_14adl_serializerES2_IhSaIhEEE5eraseINS_6detail9iter_implISC_EELi0EEET_SH_
                0x0000000000003188        0x0 /usr/lib/gcc/x86_64-linux-gnu/11/../../../x86_64-linux-gnu/Scrt1.o
 .rela.text._ZN8nlohmann6detail28json_sax_dom_callback_parserINS_10basic_jsonISt3mapSt6vectorNSt7__cxx1112basic_stringIcSt11char_traitsIcESaIcEEEblmdSaNS_14adl_serializerES4_IhSaIhEEEEE10end_objectEv
                0x0000000000003188        0x0 /usr/lib/gcc/x86_64-linux-gnu/11/../../../x86_64-linux-gnu/Scrt1.o
 .rela.text._ZN8nlohmann10basic_jsonISt3mapSt6vectorNSt7__cxx1112basic_stringIcSt11char_traitsIcESaIcEEEblmdSaNS_14adl_serializerES2_IhSaIhEEEixIKcEERSC_PT_
                0x0000000000003188        0x0 /usr/lib/gcc/x86_64-linux-gnu/11/../../../x86_64-linux-gnu/Scrt1.o
 .rela.text._ZN8nlohmann6detail10serializerINS_10basic_jsonISt3mapSt6vectorNSt7__cxx1112basic_stringIcSt11char_traitsIcESaIcEEEblmdSaNS_14adl_serializerES4_IhSaIhEEEEE4dumpERKSE_bbjj
                0x0000000000003188        0x0 /usr/lib/gcc/x86_64-linux-gnu/11/../../../x86_64-linux-gnu/Scrt1.o
 .rela.text._ZNK8nlohmann10basic_jsonISt3mapSt6vectorNSt7__cxx1112basic_stringIcSt11char_traitsIcESaIcEEEblmdSaNS_14adl_serializerES2_IhSaIhEEE4dumpEicbNS_6detail15error_handler_tE
                0x0000000000003188        0x0 /usr/lib/gcc/x86_64-linux-gnu/11/../../../x86_64-linux-gnu/Scrt1.o
 .rela.text._ZN8nlohmann6detail9from_jsonINS_10basic_jsonISt3mapSt6vectorNSt7__cxx1112basic_stringIcSt11char_traitsIcESaIcEEEblmdSaNS_14adl_serializerES4_IhSaIhEEEEEEvRKT_RNSF_8string_tE
                0x0000000000003188        0x0 /usr/lib/gcc/x86_64-linux-gnu/11/../../../x86_64-linux-gnu/Scrt1.o
 .rela.text._ZNK8nlohmann10basic_jsonISt3mapSt6vectorNSt7__cxx1112basic_stringIcSt11char_traitsIcESaIcEEEblmdSaNS_14adl_serializerES2_IhSaIhEEE5valueIS8_Li0EEET_RKS8_RKSE_
                0x0000000000003188        0x0 /usr/lib/gcc/x86_64-linux-gnu/11/../../../x86_64-linux-gnu/Scrt1.o
 .rela.text._ZN8nlohmann6detail9exceptionD2Ev
                0x0000000000003188        0x0 /usr/lib/gcc/x86_64-linux-gnu/11/../../../x86_64-linux-gnu/Scrt1.o
 .rela.text._ZN8nlohmann6detail9exceptionD0Ev
                0x0000000000003188        0x0 /usr/lib/gcc/x86_64-linux-gnu/11/../../../x86_64-linux-gnu/Scrt1.o
 .rela.text._ZN8nlohmann6detail11other_errorD2Ev
                0x0000000000003188        0x0 /usr/lib/gcc/x86_64-linux-gnu/11/../../../x86_64-linux-gnu/Scrt1.o
 .rela.text._ZN8nlohmann6detail11other_errorD0Ev
                0x0000000000003188        0x0 /usr/lib/gcc/x86_64-linux-gnu/11/../../../x86_64-linux-gnu/Scrt1.o
 .rela.text._ZN8nlohmann6detail10type_errorD2Ev
                0x0000000000003188        0x0 /usr/lib/gcc/x86_64-linux-gnu/11/../../../x86_64-linux-gnu/Scrt1.o
 .rela.text._ZN8nlohmann6detail10type_errorD0Ev
                0x0000000000003188        0x0 /usr/lib/gcc/x86_64-linux-gnu/11/../../../x86_64-linux-gnu/Scrt1.o
 .rela.text._ZN8nlohmann6detail12out_of_rangeD2Ev
                0x0000000000003188        0x0 /usr/lib/gcc/x86_64-linux-gnu/11/../../../x86_64-linux-gnu/Scrt1.o
 .rela.text._ZN8nlohmann6detail12out_of_rangeD0Ev
                0x0000000000003188        0x0 /usr/lib/gcc/x86_64-linux-gnu/11/../../../x86_64-linux-gnu/Scrt1.o
 .rela.text._ZN8nlohmann6detail16invalid_iteratorD2Ev
                0x0000000000003188        0x0 /usr/lib/gcc/x86_64-linux-gnu/11/../../../x86_64-linux-gnu/Scrt1.o
 .rela.text._ZN8nlohmann6detail16invalid_iteratorD0Ev
                0x0000000000003188        0x0 /usr/lib/gcc/x86_64-linux-gnu/11/../../../x86_64-linux-gnu/Scrt1.o
 .rela.text._ZN8nlohmann6detail11parse_errorD2Ev
                0x0000000000003188        0x0 /usr/lib/gcc/x86_64-linux-gnu/11/../../../x86_64-linux-gnu/Scrt1.o
 .rela.text._ZN8nlohmann6detail6parserINS_10basic_jsonISt3mapSt6vectorNSt7__cxx1112basic_stringIcSt11char_traitsIcESaIcEEEblmdSaNS_14adl_serializerES4_IhSaIhEEEENS0_22iterator_input_adapterIN9__gnu_cxx17__normal_iteratorIPKcSA_EEEEE18sax_parse_internalINS0_28json_sax_dom_callback_parserISE_EEEEbPT_
                0x0000000000003188        0x0 /usr/lib/gcc/x86_64-linux-gnu/11/../../../x86_64-linux-gnu/Scrt1.o
 .rela.text._ZN8nlohmann6detail11parse_errorD0Ev
                0x0000000000003188        0x0 /usr/lib/gcc/x86_64-linux-gnu/11/../../../x86_64-linux-gnu/Scrt1.o
 .rela.text._ZN8nlohmann6detail6parserINS_10basic_jsonISt3mapSt6vectorNSt7__cxx1112basic_stringIcSt11char_traitsIcESaIcEEEblmdSaNS_14adl_serializerES4_IhSaIhEEEENS0_22iterator_input_adapterIN9__gnu_cxx17__normal_iteratorIPKcSA_EEEEE18sax_parse_internalINS0_19json_sax_dom_parserISE_EEEEbPT_
                0x0000000000003188        0x0 /usr/lib/gcc/x86_64-linux-gnu/11/../../../x86_64-linux-gnu/Scrt1.o
 .rela.text._ZN8nlohmann6detail6parserINS_10basic_jsonISt3mapSt6vectorNSt7__cxx1112basic_stringIcSt11char_traitsIcESaIcEEEblmdSaNS_14adl_serializerES4_IhSaIhEEEENS0_22iterator_input_adapterIN9__gnu_cxx17__normal_iteratorIPKcSA_EEEEE5parseEbRSE_
                0x0000000000003188        0x0 /usr/lib/gcc/x86_64-linux-gnu/11/../../../x86_64-linux-gnu/Scrt1.o
 .rela.text._ZN8nlohmann10basic_jsonISt3mapSt6vectorNSt7__cxx1112basic_stringIcSt11char_traitsIcESaIcEEEblmdSaNS_14adl_serializerES2_IhSaIhEEEC2ESt16initializer_listINS_6detail8json_refISC_EEEbNSE_7value_tE
                0x0000000000003188        0x0 /usr/lib/gcc/x86_64-linux-gnu/11/../../../x86_64-linux-gnu/Scrt1.o
 .rela.text._ZN8nlohmann6detail28json_sax_dom_callback_parserINS_10basic_jsonISt3mapSt6vectorNSt7__cxx1112basic_stringIcSt11char_traitsIcESaIcEEEblmdSaNS_14adl_serializerES4_IhSaIhEEEEE11start_arrayEm
                0x0000000000003188        0x0 /usr/lib/gcc/x86_64-linux-gnu/11/../../../x86_64-linux-gnu/Scrt1.o
 .rela.text._ZN8nlohmann6detail28json_sax_dom_callback_parserINS_10basic_jsonISt3mapSt6vectorNSt7__cxx1112basic_stringIcSt11char_traitsIcESaIcEEEblmdSaNS_14adl_serializerES4_IhSaIhEEEEE12start_objectEm
                0x0000000000003188        0x0 /usr/lib/gcc/x86_64-linux-gnu/11/../../../x86_64-linux-gnu/Scrt1.o
 .rela.text._ZN8nlohmann6detail19json_sax_dom_parserINS_10basic_jsonISt3mapSt6vectorNSt7__cxx1112basic_stringIcSt11char_traitsIcESaIcEEEblmdSaNS_14adl_serializerES4_IhSaIhEEEEE11start_arrayEm
                0x0000000000003188        0x0 /usr/lib/gcc/x86_64-linux-gnu/11/../../../x86_64-linux-gnu/Scrt1.o
 .rela.text._ZN8nlohmann6detail19json_sax_dom_parserINS_10basic_jsonISt3mapSt6vectorNSt7__cxx1112basic_stringIcSt11char_traitsIcESaIcEEEblmdSaNS_14adl_serializerES4_IhSaIhEEEEE12start_objectEm
                0x0000000000003188        0x0 /usr/lib/gcc/x86_64-linux-gnu/11/../../../x86_64-linux-gnu/Scrt1.o
 .rela.text._ZN8nlohmann6detail6parserINS_10basic_jsonISt3mapSt6vectorNSt7__cxx1112basic_stringIcSt11char_traitsIcESaIcEEEblmdSaNS_14adl_serializerES4_IhSaIhEEEENS0_22iterator_input_adapterIPKcEEE18sax_parse_internalINS0_28json_sax_dom_callback_parserISE_EEEEbPT_
                0x0000000000003188        0x0 /usr/lib/gcc/x86_64-linux-gnu/11/../../../x86_64-linux-gnu/Scrt1.o
 .rela.text._ZN8nlohmann6detail6parserINS_10basic_jsonISt3mapSt6vectorNSt7__cxx1112basic_stringIcSt11char_traitsIcESaIcEEEblmdSaNS_14adl_serializerES4_IhSaIhEEEENS0_22iterator_input_adapterIPKcEEE18sax_parse_internalINS0_19json_sax_dom_parserISE_EEEEbPT_
                0x0000000000003188        0x0 /usr/lib/gcc/x86_64-linux-gnu/11/../../../x86_64-linux-gnu/Scrt1.o
 .rela.text._ZN8nlohmann6detail6parserINS_10basic_jsonISt3mapSt6vectorNSt7__cxx1112basic_stringIcSt11char_traitsIcESaIcEEEblmdSaNS_14adl_serializerES4_IhSaIhEEEENS0_22iterator_input_adapterIPKcEEE5parseEbRSE_
                0x0000000000003188        0x0 /usr/lib/gcc/x86_64-linux-gnu/11/../../../x86_64-linux-gnu/Scrt1.o
 *(.rela.fini)
 *(.rela.rodata .rela.rodata.* .rela.gnu.linkonce.r.*)
 *(.rela.data .rela.data.* .rela.gnu.linkonce.d.*)
 .rela.data.rel.ro
                0x0000000000003188      0x138 /usr/lib/gcc/x86_64-linux-gnu/11/../../../x86_64-linux-gnu/Scrt1.o
 .rela.data.rel.local
                0x00000000000032c0       0x18 /usr/lib/gcc/x86_64-linux-gnu/11/../../../x86_64-linux-gnu/Scrt1.o
 .rela.data.rel.ro._ZTINSt6thread11_State_implINS_8_InvokerISt5tupleIJZN7CppTime5TimerC4EvEUlvE_EEEEEE
                0x00000000000032d8       0x48 /usr/lib/gcc/x86_64-linux-gnu/11/../../../x86_64-linux-gnu/Scrt1.o
 .rela.data.rel.ro.local._ZTVNSt6thread11_State_implINS_8_InvokerISt5tupleIJZN7CppTime5TimerC4EvEUlvE_EEEEEE
                0x0000000000003320       0x60 /usr/lib/gcc/x86_64-linux-gnu/11/../../../x86_64-linux-gnu/Scrt1.o
 .rela.data.rel.local.DW.ref.__gxx_personality_v0
                0x0000000000003380       0x18 /usr/lib/gcc/x86_64-linux-gnu/11/../../../x86_64-linux-gnu/Scrt1.o
 .rela.data.rel
                0x0000000000003398       0x90 /usr/lib/gcc/x86_64-linux-gnu/11/../../../x86_64-linux-gnu/Scrt1.o
 .rela.data.rel.ro._ZTINSt6thread11_State_implINS_8_InvokerISt5tupleIJM4mqttFvvEPS3_EEEEEE
                0x0000000000003428       0x48 /usr/lib/gcc/x86_64-linux-gnu/11/../../../x86_64-linux-gnu/Scrt1.o
 .rela.data.rel.ro.local._ZTVNSt6thread11_State_implINS_8_InvokerISt5tupleIJM4mqttFvvEPS3_EEEEEE
                0x0000000000003470       0x60 /usr/lib/gcc/x86_64-linux-gnu/11/../../../x86_64-linux-gnu/Scrt1.o
 .rela.data.rel.ro._ZTISt11_Mutex_baseILN9__gnu_cxx12_Lock_policyE2EE
                0x00000000000034d0       0x30 /usr/lib/gcc/x86_64-linux-gnu/11/../../../x86_64-linux-gnu/Scrt1.o
 .rela.data.rel.ro._ZTISt16_Sp_counted_baseILN9__gnu_cxx12_Lock_policyE2EE
                0x0000000000003500       0x48 /usr/lib/gcc/x86_64-linux-gnu/11/../../../x86_64-linux-gnu/Scrt1.o
 .rela.data.rel.ro._ZTIN8nlohmann6detail9exceptionE
                0x0000000000003548       0x48 /usr/lib/gcc/x86_64-linux-gnu/11/../../../x86_64-linux-gnu/Scrt1.o
 .rela.data.rel.ro._ZTIN8nlohmann6detail11parse_errorE
                0x0000000000003590       0x48 /usr/lib/gcc/x86_64-linux-gnu/11/../../../x86_64-linux-gnu/Scrt1.o
 .rela.data.rel.ro._ZTIN8nlohmann6detail16invalid_iteratorE
                0x00000000000035d8       0x48 /usr/lib/gcc/x86_64-linux-gnu/11/../../../x86_64-linux-gnu/Scrt1.o
 .rela.data.rel.ro._ZTIN8nlohmann6detail10type_errorE
                0x0000000000003620       0x48 /usr/lib/gcc/x86_64-linux-gnu/11/../../../x86_64-linux-gnu/Scrt1.o
 .rela.data.rel.ro._ZTIN8nlohmann6detail12out_of_rangeE
                0x0000000000003668       0x48 /usr/lib/gcc/x86_64-linux-gnu/11/../../../x86_64-linux-gnu/Scrt1.o
 .rela.data.rel.ro._ZTIN8nlohmann6detail23output_adapter_protocolIcEE
                0x00000000000036b0       0x30 /usr/lib/gcc/x86_64-linux-gnu/11/../../../x86_64-linux-gnu/Scrt1.o
 .rela.data.rel.ro._ZTI4mqtt
                0x00000000000036e0       0x48 /usr/lib/gcc/x86_64-linux-gnu/11/../../../x86_64-linux-gnu/Scrt1.o
 .rela.data.rel.ro._ZTIN8nlohmann6detail21output_string_adapterIcNSt7__cxx1112basic_stringIcSt11char_traitsIcESaIcEEEEE
                0x0000000000003728       0x48 /usr/lib/gcc/x86_64-linux-gnu/11/../../../x86_64-linux-gnu/Scrt1.o
 .rela.data.rel.ro._ZTISt23_Sp_counted_ptr_inplaceIN8nlohmann6detail21output_string_adapterIcNSt7__cxx1112basic_stringIcSt11char_traitsIcESaIcEEEEESaIS9_ELN9__gnu_cxx12_Lock_policyE2EE
                0x0000000000003770       0x48 /usr/lib/gcc/x86_64-linux-gnu/11/../../../x86_64-linux-gnu/Scrt1.o
 .rela.data.rel.ro.local._ZTVN8nlohmann6detail9exceptionE
                0x00000000000037b8       0x60 /usr/lib/gcc/x86_64-linux-gnu/11/../../../x86_64-linux-gnu/Scrt1.o
 .rela.data.rel.ro.local._ZTVN8nlohmann6detail11parse_errorE
                0x0000000000003818       0x60 /usr/lib/gcc/x86_64-linux-gnu/11/../../../x86_64-linux-gnu/Scrt1.o
 .rela.data.rel.ro.local._ZTVN8nlohmann6detail16invalid_iteratorE
                0x0000000000003878       0x60 /usr/lib/gcc/x86_64-linux-gnu/11/../../../x86_64-linux-gnu/Scrt1.o
 .rela.data.rel.ro.local._ZTVN8nlohmann6detail10type_errorE
                0x00000000000038d8       0x60 /usr/lib/gcc/x86_64-linux-gnu/11/../../../x86_64-linux-gnu/Scrt1.o
 .rela.data.rel.ro.local._ZTVN8nlohmann6detail12out_of_rangeE
                0x0000000000003938       0x60 /usr/lib/gcc/x86_64-linux-gnu/11/../../../x86_64-linux-gnu/Scrt1.o
 .rela.data.rel.ro.local._ZTV4mqtt
                0x0000000000003998      0x120 /usr/lib/gcc/x86_64-linux-gnu/11/../../../x86_64-linux-gnu/Scrt1.o
 .rela.data.rel.ro.local._ZTVN8nlohmann6detail21output_string_adapterIcNSt7__cxx1112basic_stringIcSt11char_traitsIcESaIcEEEEE
                0x0000000000003ab8       0x78 /usr/lib/gcc/x86_64-linux-gnu/11/../../../x86_64-linux-gnu/Scrt1.o
 .rela.data.rel.ro.local._ZTVSt23_Sp_counted_ptr_inplaceIN8nlohmann6detail21output_string_adapterIcNSt7__cxx1112basic_stringIcSt11char_traitsIcESaIcEEEEESaIS9_ELN9__gnu_cxx12_Lock_policyE2EE
                0x0000000000003b30       0x90 /usr/lib/gcc/x86_64-linux-gnu/11/../../../x86_64-linux-gnu/Scrt1.o
 .rela.data.rel.local.DW.ref._ZTIN8nlohmann6detail10type_errorE
                0x0000000000003bc0       0x18 /usr/lib/gcc/x86_64-linux-gnu/11/../../../x86_64-linux-gnu/Scrt1.o
 .rela.data.rel.local.DW.ref._ZTIN8nlohmann6detail11parse_errorE
                0x0000000000003bd8       0x18 /usr/lib/gcc/x86_64-linux-gnu/11/../../../x86_64-linux-gnu/Scrt1.o
 .rela.data.rel.local.DW.ref._ZTISt9exception
                0x0000000000003bf0       0x18 /usr/lib/gcc/x86_64-linux-gnu/11/../../../x86_64-linux-gnu/Scrt1.o
 *(.rela.tdata .rela.tdata.* .rela.gnu.linkonce.td.*)
 *(.rela.tbss .rela.tbss.* .rela.gnu.linkonce.tb.*)
 *(.rela.ctors)
 *(.rela.dtors)
 *(.rela.got)
 .rela.got      0x0000000000003c08       0x90 /usr/lib/gcc/x86_64-linux-gnu/11/../../../x86_64-linux-gnu/Scrt1.o
 *(.rela.bss .rela.bss.* .rela.gnu.linkonce.b.*)
 .rela.bss      0x0000000000003c98       0x48 /usr/lib/gcc/x86_64-linux-gnu/11/../../../x86_64-linux-gnu/Scrt1.o
 *(.rela.ldata .rela.ldata.* .rela.gnu.linkonce.l.*)
 *(.rela.lbss .rela.lbss.* .rela.gnu.linkonce.lb.*)
 *(.rela.lrodata .rela.lrodata.* .rela.gnu.linkonce.lr.*)
 *(.rela.ifunc)
 .rela.ifunc    0x0000000000003ce0        0x0 /usr/lib/gcc/x86_64-linux-gnu/11/../../../x86_64-linux-gnu/Scrt1.o
 .rela.fini_array
                0x0000000000003ce0       0x18 /usr/lib/gcc/x86_64-linux-gnu/11/../../../x86_64-linux-gnu/Scrt1.o
 .rela.init_array
                0x0000000000003cf8       0xc0 /usr/lib/gcc/x86_64-linux-gnu/11/../../../x86_64-linux-gnu/Scrt1.o
 .rela.eh_frame
                0x0000000000003db8        0x0 /usr/lib/gcc/x86_64-linux-gnu/11/../../../x86_64-linux-gnu/Scrt1.o
 .rela.gcc_except_table
                0x0000000000003db8        0x0 /usr/lib/gcc/x86_64-linux-gnu/11/../../../x86_64-linux-gnu/Scrt1.o

.rela.plt       0x0000000000003db8      0xf90
 *(.rela.plt)
 .rela.plt      0x0000000000003db8      0xf90 /usr/lib/gcc/x86_64-linux-gnu/11/../../../x86_64-linux-gnu/Scrt1.o
 *(.rela.iplt)

.relr.dyn
 *(.relr.dyn)
                0x0000000000005000                . = ALIGN (CONSTANT (MAXPAGESIZE))

.init           0x0000000000005000       0x1b
 *(SORT_NONE(.init))
 .init          0x0000000000005000       0x16 /usr/lib/gcc/x86_64-linux-gnu/11/../../../x86_64-linux-gnu/crti.o
                0x0000000000005000                _init
 .init          0x0000000000005016        0x5 /usr/lib/gcc/x86_64-linux-gnu/11/../../../x86_64-linux-gnu/crtn.o

.plt            0x0000000000005020      0xa70
 *(.plt)
 .plt           0x0000000000005020      0xa70 /usr/lib/gcc/x86_64-linux-gnu/11/../../../x86_64-linux-gnu/Scrt1.o
 *(.iplt)

.plt.got        0x0000000000005a90       0x10
 *(.plt.got)
 .plt.got       0x0000000000005a90       0x10 /usr/lib/gcc/x86_64-linux-gnu/11/../../../x86_64-linux-gnu/Scrt1.o
                0x0000000000005a90                __cxa_finalize@@GLIBC_2.2.5

.plt.sec        0x0000000000005aa0      0xa60
 *(.plt.sec)
 .plt.sec       0x0000000000005aa0      0xa60 /usr/lib/gcc/x86_64-linux-gnu/11/../../../x86_64-linux-gnu/Scrt1.o
                0x0000000000005aa0                std::basic_istream<char, std::char_traits<char> >& std::getline<char, std::char_traits<char>, std::allocator<char> >(std::basic_istream<char, std::char_traits<char> >&, std::__cxx11::basic_string<char, std::char_traits<char>, std::allocator<char> >&, char)@@GLIBCXX_3.4.21
                0x0000000000005ab0                std::basic_ifstream<char, std::char_traits<char> >::~basic_ifstream()@@GLIBCXX_3.4
                0x0000000000005ac0                std::__throw_out_of_range_fmt(char const*, ...)@@GLIBCXX_3.4.20
                0x0000000000005ad0                std::__throw_logic_error(char const*)@@GLIBCXX_3.4
                0x0000000000005ae0                __cxa_begin_catch@@CXXABI_1.3
                0x0000000000005af0                MD5_Update@@OPENSSL_3.0.0
                0x0000000000005b00                std::exception::~exception()@@GLIBCXX_3.4
                0x0000000000005b10                pclose@@GLIBC_2.2.5
                0x0000000000005b20                memcpy@@GLIBC_2.14
                0x0000000000005b30                localeconv@@GLIBC_2.2.5
                0x0000000000005b40                std::__throw_bad_alloc()@@GLIBCXX_3.4
                0x0000000000005b50                stat@@GLIBC_2.33
                0x0000000000005b60                operator delete(void*, unsigned long)@@CXXABI_1.3.9
                0x0000000000005b70                curl_easy_cleanup@@CURL_OPENSSL_4
                0x0000000000005b80                access@@GLIBC_2.2.5
                0x0000000000005b90                operator new(unsigned long)@@GLIBCXX_3.4
                0x0000000000005ba0                memmove@@GLIBC_2.2.5
                0x0000000000005bb0                std::__throw_invalid_argument(char const*)@@GLIBCXX_3.4
                0x0000000000005bc0                __assert_fail@@GLIBC_2.2.5
                0x0000000000005bd0                pthread_attr_init@@GLIBC_2.2.5
                0x0000000000005be0                free@@GLIBC_2.2.5
                0x0000000000005bf0                std::basic_filebuf<char, std::char_traits<char> >::close()@@GLIBCXX_3.4
                0x0000000000005c00                std::runtime_error::what() const@@GLIBCXX_3.4
                0x0000000000005c10                close@@GLIBC_2.2.5
                0x0000000000005c20                pthread_mutex_unlock@@GLIBC_2.2.5
                0x0000000000005c30                std::runtime_error::runtime_error(char const*)@@GLIBCXX_3.4.21
                0x0000000000005c40                pthread_mutex_lock@@GLIBC_2.2.5
                0x0000000000005c50                strtok@@GLIBC_2.2.5
                0x0000000000005c60                std::thread::join()@@GLIBCXX_3.4.11
                0x0000000000005c70                __stack_chk_fail@@GLIBC_2.4
                0x0000000000005c80                pthread_join@@GLIBC_2.34
                0x0000000000005c90                memset@@GLIBC_2.2.5
                0x0000000000005ca0                std::ostream::operator<<(int)@@GLIBCXX_3.4
                0x0000000000005cb0                std::__throw_bad_cast()@@GLIBCXX_3.4
                0x0000000000005cc0                std::__cxx11::basic_string<char, std::char_traits<char>, std::allocator<char> >::find(char const*, unsigned long, unsigned long) const@@GLIBCXX_3.4.21
                0x0000000000005cd0                std::basic_ios<char, std::char_traits<char> >::init(std::basic_streambuf<char, std::char_traits<char> >*)@@GLIBCXX_3.4
                0x0000000000005ce0                std::ostream& std::ostream::_M_insert<long>(long)@@GLIBCXX_3.4.9
                0x0000000000005cf0                std::__cxx11::basic_stringstream<char, std::char_traits<char>, std::allocator<char> >::~basic_stringstream()@@GLIBCXX_3.4.21
                0x0000000000005d00                __cxa_allocate_exception@@CXXABI_1.3
                0x0000000000005d10                mosquitto_strerror@@MOSQ_1.0
                0x0000000000005d20                strlen@@GLIBC_2.2.5
                0x0000000000005d30                std::thread::_State::~_State()@@GLIBCXX_3.4.22
                0x0000000000005d40                std::__throw_system_error(int)@@GLIBCXX_3.4.11
                0x0000000000005d50                pthread_cond_init@@GLIBC_2.3.2
                0x0000000000005d60                fclose@@GLIBC_2.2.5
                0x0000000000005d70                curl_easy_strerror@@CURL_OPENSSL_4
                0x0000000000005d80                MD5_Final@@OPENSSL_3.0.0
                0x0000000000005d90                open@@GLIBC_2.2.5
                0x0000000000005da0                std::__throw_bad_array_new_length()@@GLIBCXX_3.4.29
                0x0000000000005db0                std::ctype<char>::_M_widen_init() const@@GLIBCXX_3.4.11
                0x0000000000005dc0                std::istream::read(char*, long)@@GLIBCXX_3.4
                0x0000000000005dd0                std::_Rb_tree_decrement(std::_Rb_tree_node_base*)@@GLIBCXX_3.4
                0x0000000000005de0                std::ostream::flush()@@GLIBCXX_3.4
                0x0000000000005df0                gettimeofday@@GLIBC_2.2.5
                0x0000000000005e00                std::__cxx11::basic_string<char, std::char_traits<char>, std::allocator<char> >::_M_replace(unsigned long, unsigned long, char const*, unsigned long)@@GLIBCXX_3.4.21
                0x0000000000005e10                std::__basic_file<char>::~__basic_file()@@GLIBCXX_3.4
                0x0000000000005e20                std::__cxx11::basic_string<char, std::char_traits<char>, std::allocator<char> >::_M_mutate(unsigned long, unsigned long, char const*, unsigned long)@@GLIBCXX_3.4.21
                0x0000000000005e30                pthread_cond_wait@@GLIBC_2.3.2
                0x0000000000005e40                std::ostream::put(char)@@GLIBCXX_3.4
                0x0000000000005e50                closedir@@GLIBC_2.2.5
                0x0000000000005e60                opendir@@GLIBC_2.2.5
                0x0000000000005e70                std::__cxx11::basic_string<char, std::char_traits<char>, std::allocator<char> >::_M_construct(unsigned long, char)@@GLIBCXX_3.4.21
                0x0000000000005e80                pthread_attr_setschedparam@@GLIBC_2.2.5
                0x0000000000005e90                std::__throw_length_error(char const*)@@GLIBCXX_3.4
                0x0000000000005ea0                std::__throw_out_of_range(char const*)@@GLIBCXX_3.4
                0x0000000000005eb0                __cxa_throw@@CXXABI_1.3
                0x0000000000005ec0                fgets@@GLIBC_2.2.5
                0x0000000000005ed0                std::condition_variable::wait(std::unique_lock<std::mutex>&)@@GLIBCXX_3.4.30
                0x0000000000005ee0                mosqpp::mosquittopp::~mosquittopp()
                0x0000000000005ef0                _Unwind_Resume@@GCC_3.0
                0x0000000000005f00                localtime@@GLIBC_2.2.5
                0x0000000000005f10                exit@@GLIBC_2.2.5
                0x0000000000005f20                std::__cxx11::basic_string<char, std::char_traits<char>, std::allocator<char> >::resize(unsigned long, char)@@GLIBCXX_3.4.21
                0x0000000000005f30                curl_easy_perform@@CURL_OPENSSL_4
                0x0000000000005f40                std::__cxx11::basic_string<char, std::char_traits<char>, std::allocator<char> >::_M_create(unsigned long&, unsigned long)@@GLIBCXX_3.4.21
                0x0000000000005f50                std::condition_variable::~condition_variable()@@GLIBCXX_3.4.11
                0x0000000000005f60                mosqpp::mosquittopp::mosquittopp(char const*, bool)
                0x0000000000005f70                pthread_self@@GLIBC_2.2.5
                0x0000000000005f80                std::ios_base::~ios_base()@@GLIBCXX_3.4
                0x0000000000005f90                pthread_cond_signal@@GLIBC_2.3.2
                0x0000000000005fa0                std::chrono::_V2::system_clock::now()@@GLIBCXX_3.4.19
                0x0000000000005fb0                MD5_Init@@OPENSSL_3.0.0
                0x0000000000005fc0                time@@GLIBC_2.2.5
                0x0000000000005fd0                std::__cxx11::basic_string<char, std::char_traits<char>, std::allocator<char> >::_M_append(char const*, unsigned long)@@GLIBCXX_3.4.21
                0x0000000000005fe0                mosqpp::mosquittopp::loop_start()
                0x0000000000005ff0                readdir@@GLIBC_2.2.5
                0x0000000000006000                std::thread::_M_start_thread(std::unique_ptr<std::thread::_State, std::default_delete<std::thread::_State> >, void (*)())@@GLIBCXX_3.4.22
                0x0000000000006010                __strcat_chk@@GLIBC_2.3.4
                0x0000000000006020                strtoll@@GLIBC_2.2.5
                0x0000000000006030                __cxa_end_catch@@CXXABI_1.3
                0x0000000000006040                std::locale::locale()@@GLIBCXX_3.4
                0x0000000000006050                gmtime_r@@GLIBC_2.2.5
                0x0000000000006060                strtoull@@GLIBC_2.2.5
                0x0000000000006070                __strcpy_chk@@GLIBC_2.3.4
                0x0000000000006080                __cxa_rethrow@@CXXABI_1.3
                0x0000000000006090                mosqpp::lib_init()
                0x00000000000060a0                std::__cxx11::basic_string<char, std::char_traits<char>, std::allocator<char> >::reserve(unsigned long)@@GLIBCXX_3.4.21
                0x00000000000060b0                mosqpp::mosquittopp::subscribe(int*, char const*, int)
                0x00000000000060c0                popen@@GLIBC_2.2.5
                0x00000000000060d0                fsync@@GLIBC_2.2.5
                0x00000000000060e0                strcmp@@GLIBC_2.2.5
                0x00000000000060f0                std::runtime_error::~runtime_error()@@GLIBCXX_3.4
                0x0000000000006100                std::basic_filebuf<char, std::char_traits<char> >::basic_filebuf()@@GLIBCXX_3.4
                0x0000000000006110                strtol@@GLIBC_2.2.5
                0x0000000000006120                std::condition_variable::condition_variable()@@GLIBCXX_3.4.11
                0x0000000000006130                timer_settime@@GLIBC_2.34
                0x0000000000006140                curl_easy_setopt@@CURL_OPENSSL_4
                0x0000000000006150                std::_Rb_tree_rebalance_for_erase(std::_Rb_tree_node_base*, std::_Rb_tree_node_base&)@@GLIBCXX_3.4
                0x0000000000006160                __cxa_atexit@@GLIBC_2.2.5
                0x0000000000006170                fstat@@GLIBC_2.33
                0x0000000000006180                __cxa_free_exception@@CXXABI_1.3
                0x0000000000006190                mosqpp::mosquittopp::publish(int*, char const*, int, void const*, int, bool)
                0x00000000000061a0                strftime@@GLIBC_2.2.5
                0x00000000000061b0                std::__cxx11::basic_ostringstream<char, std::char_traits<char>, std::allocator<char> >::~basic_ostringstream()@@GLIBCXX_3.4.21
                0x00000000000061c0                malloc@@GLIBC_2.2.5
                0x00000000000061d0                std::__cxx11::basic_string<char, std::char_traits<char>, std::allocator<char> >::compare(char const*) const@@GLIBCXX_3.4.21
                0x00000000000061e0                std::_Rb_tree_increment(std::_Rb_tree_node_base const*)@@GLIBCXX_3.4
                0x00000000000061f0                std::basic_filebuf<char, std::char_traits<char> >::~basic_filebuf()@@GLIBCXX_3.4
                0x0000000000006200                std::__cxx11::basic_string<char, std::char_traits<char>, std::allocator<char> >::_M_erase(unsigned long, unsigned long)@@GLIBCXX_3.4.21
                0x0000000000006210                mosqpp::mosquittopp::username_pw_set(char const*, char const*)
                0x0000000000006220                std::thread::detach()@@GLIBCXX_3.4.11
                0x0000000000006230                waitpid@@GLIBC_2.2.5
                0x0000000000006240                std::condition_variable::notify_all()@@GLIBCXX_3.4.11
                0x0000000000006250                std::chrono::_V2::steady_clock::now()@@GLIBCXX_3.4.19
                0x0000000000006260                mosqpp::lib_cleanup()
                0x0000000000006270                std::basic_filebuf<char, std::char_traits<char> >::open(char const*, std::_Ios_Openmode)@@GLIBCXX_3.4
                0x0000000000006280                OPENSSL_init_crypto@@OPENSSL_3.0.0
                0x0000000000006290                std::_Rb_tree_increment(std::_Rb_tree_node_base*)@@GLIBCXX_3.4
                0x00000000000062a0                curl_easy_getinfo@@CURL_OPENSSL_4
                0x00000000000062b0                std::basic_ostream<char, std::char_traits<char> >& std::__ostream_insert<char, std::char_traits<char> >(std::basic_ostream<char, std::char_traits<char> >&, char const*, long)@@GLIBCXX_3.4.9
                0x00000000000062c0                std::ios_base::ios_base()@@GLIBCXX_3.4
                0x00000000000062d0                curl_easy_init@@CURL_OPENSSL_4
                0x00000000000062e0                fork@@GLIBC_2.2.5
                0x00000000000062f0                std::locale::~locale()@@GLIBCXX_3.4
                0x0000000000006300                mosqpp::mosquittopp::connect_async(char const*, int, int)
                0x0000000000006310                std::ios_base::Init::Init()@@GLIBCXX_3.4
                0x0000000000006320                __errno_location@@GLIBC_2.2.5
                0x0000000000006330                __printf_chk@@GLIBC_2.3.4
                0x0000000000006340                std::__basic_file<char>::is_open() const@@GLIBCXX_3.4
                0x0000000000006350                execve@@GLIBC_2.2.5
                0x0000000000006360                mosqpp::mosquittopp::loop_stop(bool)
                0x0000000000006370                __pread_chk@@GLIBC_2.4
                0x0000000000006380                timer_create@@GLIBC_2.34
                0x0000000000006390                nanosleep@@GLIBC_2.2.5
                0x00000000000063a0                usleep@@GLIBC_2.2.5
                0x00000000000063b0                std::_Rb_tree_insert_and_rebalance(bool, std::_Rb_tree_node_base*, std::_Rb_tree_node_base*, std::_Rb_tree_node_base&)@@GLIBCXX_3.4
                0x00000000000063c0                std::__cxx11::basic_string<char, std::char_traits<char>, std::allocator<char> >::find(char, unsigned long) const@@GLIBCXX_3.4.21
                0x00000000000063d0                fwrite@@GLIBC_2.2.5
                0x00000000000063e0                memcmp@@GLIBC_2.2.5
                0x00000000000063f0                OPENSSL_config@@OPENSSL_3.0.0
                0x0000000000006400                std::__throw_bad_function_call()@@GLIBCXX_3.4.14
                0x0000000000006410                std::basic_ios<char, std::char_traits<char> >::clear(std::_Ios_Iostate)@@GLIBCXX_3.4
                0x0000000000006420                sleep@@GLIBC_2.2.5
                0x0000000000006430                std::runtime_error::runtime_error(std::runtime_error const&)@@GLIBCXX_3.4.21
                0x0000000000006440                pthread_create@@GLIBC_2.34
                0x0000000000006450                std::terminate()@@GLIBCXX_3.4
                0x0000000000006460                std::__cxx11::basic_string<char, std::char_traits<char>, std::allocator<char> >::_M_assign(std::__cxx11::basic_string<char, std::char_traits<char>, std::allocator<char> > const&)@@GLIBCXX_3.4.21
                0x0000000000006470                pthread_cond_clockwait@@GLIBC_2.34
                0x0000000000006480                fileno@@GLIBC_2.2.5
                0x0000000000006490                std::__cxx11::basic_string<char, std::char_traits<char>, std::allocator<char> >::push_back(char)@@GLIBCXX_3.4.21
                0x00000000000064a0                pread@@GLIBC_2.2.5
                0x00000000000064b0                __sprintf_chk@@GLIBC_2.3.4
                0x00000000000064c0                fopen@@GLIBC_2.2.5
                0x00000000000064d0                __snprintf_chk@@GLIBC_2.3.4
                0x00000000000064e0                pthread_attr_setschedpolicy@@GLIBC_2.2.5
                0x00000000000064f0                strtod@@GLIBC_2.2.5

.text           0x0000000000006500    0x2b49b
 *(.text.unlikely .text.*_unlikely .text.unlikely.*)
 .text.unlikely
                0x0000000000006500       0x75 _build/task_webrtc.o
 *fill*         0x0000000000006575        0x1 
 .text.unlikely
                0x0000000000006576      0xf24 _build/mqtt.o
 .text.unlikely
                0x000000000000749a      0x1ea _build/firmware.o
 .text.unlikely
                0x0000000000007684      0xa13 _build/utils.o
 *(.text.exit .text.exit.*)
 *(.text.startup .text.startup.*)
 *fill*         0x0000000000008097        0x9 
 .text.startup  0x00000000000080a0      0x140 _build/ak.o
                0x00000000000080a0                main
 .text.startup  0x00000000000081e0       0x5b _build/app.o
 *fill*         0x000000000000823b        0x5 
 .text.startup  0x0000000000008240       0x50 _build/task_webrtc.o
 .text.startup  0x0000000000008290       0x2b _build/app_config.o
 *fill*         0x00000000000082bb        0x5 
 .text.startup  0x00000000000082c0       0x2b _build/app_data.o
 *fill*         0x00000000000082eb        0x5 
 .text.startup  0x00000000000082f0       0x2b _build/mqtt.o
 *fill*         0x000000000000831b        0x5 
 .text.startup  0x0000000000008320       0x2b _build/firmware.o
 *fill*         0x000000000000834b        0x5 
 .text.startup  0x0000000000008350       0x2b _build/utils.o
 *(.text.hot .text.hot.*)
 *(SORT_BY_NAME(.text.sorted.*))
 *(.text .stub .text.* .gnu.linkonce.t.*)
 *fill*         0x000000000000837b        0x5 
 .text          0x0000000000008380       0x26 /usr/lib/gcc/x86_64-linux-gnu/11/../../../x86_64-linux-gnu/Scrt1.o
                0x0000000000008380                _start
 .text          0x00000000000083a6        0x0 /usr/lib/gcc/x86_64-linux-gnu/11/../../../x86_64-linux-gnu/crti.o
 *fill*         0x00000000000083a6        0xa 
 .text          0x00000000000083b0       0xb9 /usr/lib/gcc/x86_64-linux-gnu/11/crtbeginS.o
 *fill*         0x0000000000008469        0x7 
 .text          0x0000000000008470     0x1eb7 _build/ak.o
                0x0000000000008470                wait_all_tasks_started()
                0x00000000000084d0                get_pure_msg()
                0x0000000000008560                get_dynamic_msg()
                0x00000000000085f0                get_common_msg()
                0x0000000000008680                ak_memcpy_msg(ak_msg_t*)
                0x0000000000008a20                ak_msg_free(ak_msg_t*)
                0x0000000000008a50                set_msg_sig(ak_msg_t*, unsigned int)
                0x0000000000008a80                set_msg_root_task_id(ak_msg_t*, unsigned int)
                0x0000000000008ab0                set_msg_des_task_id(ak_msg_t*, unsigned int)
                0x0000000000008ae0                set_msg_src_task_id(ak_msg_t*, unsigned int)
                0x0000000000008b10                set_if_des_task_id(ak_msg_t*, unsigned int)
                0x0000000000008b40                set_if_src_task_id(ak_msg_t*, unsigned int)
                0x0000000000008b70                set_if_des_type(ak_msg_t*, unsigned int)
                0x0000000000008ba0                set_if_src_type(ak_msg_t*, unsigned int)
                0x0000000000008bd0                set_if_sig(ak_msg_t*, unsigned int)
                0x0000000000008c00                set_if_data_common_msg(ak_msg_t*, unsigned char*, unsigned int)
                0x0000000000008cb0                set_if_data_dynamic_msg(ak_msg_t*, unsigned char*, unsigned int)
                0x0000000000008d40                set_data_common_msg(ak_msg_t*, unsigned char*, unsigned int)
                0x0000000000008df0                get_data_common_msg(ak_msg_t*, unsigned char*, unsigned int)
                0x0000000000008e70                get_data_common_msg(ak_msg_t*)
                0x0000000000008f00                get_data_len_common_msg(ak_msg_t*)
                0x0000000000008f60                set_data_dynamic_msg(ak_msg_t*, unsigned char*, unsigned int)
                0x0000000000008ff0                get_data_dynamic_msg(ak_msg_t*, unsigned char*, unsigned int)
                0x0000000000009070                get_data_len_dynamic_msg(ak_msg_t*)
                0x00000000000090d0                task_post(unsigned int, ak_msg_t*)
                0x0000000000009170                task_post_pure_msg(unsigned int, unsigned int, unsigned int)
                0x0000000000009280                task_post_pure_msg(unsigned int, unsigned int)
                0x0000000000009390                task_post_common_msg(unsigned int, unsigned int, unsigned int, unsigned char*, unsigned int)
                0x0000000000009520                task_post_common_msg(unsigned int, unsigned int, unsigned char*, unsigned int)
                0x00000000000096b0                task_post_dynamic_msg(unsigned int, unsigned int, unsigned int, unsigned char*, unsigned int)
                0x0000000000009820                task_post_dynamic_msg(unsigned int, unsigned int, unsigned char*, unsigned int)
                0x0000000000009980                task_root_post_pure_msg(unsigned int, unsigned int, unsigned int, unsigned int)
                0x0000000000009aa0                task_root_post_pure_msg(unsigned int, unsigned int, unsigned int)
                0x0000000000009bc0                task_root_post_common_msg(unsigned int, unsigned int, unsigned int, unsigned int, unsigned char*, unsigned int)
                0x0000000000009d70                task_root_post_common_msg(unsigned int, unsigned int, unsigned int, unsigned char*, unsigned int)
                0x0000000000009f20                task_root_post_dynamic_msg(unsigned int, unsigned int, unsigned int, unsigned int, unsigned char*, unsigned int)
                0x000000000000a0a0                task_root_post_dynamic_msg(unsigned int, unsigned int, unsigned int, unsigned char*, unsigned int)
                0x000000000000a220                ak_msg_rev(unsigned int)
                0x000000000000a2c0                get_msg_type(ak_msg_t*)
                0x000000000000a2d0                get_task_id()
 *fill*         0x000000000000a327        0x9 
 .text          0x000000000000a330      0x1b9 _build/message.o
                0x000000000000a330                q_msg_init(q_msg_t*)
                0x000000000000a350                q_msg_put(q_msg_t*, ak_msg_t*)
                0x000000000000a3b0                q_msg_get(q_msg_t*)
                0x000000000000a420                q_msg_free(ak_msg_t*)
                0x000000000000a470                q_msg_len(q_msg_t*)
                0x000000000000a4b0                q_msg_available(q_msg_t*)
 *fill*         0x000000000000a4e9        0x7 
 .text          0x000000000000a4f0      0x5cb _build/timer.o
                0x000000000000a590                timer_handler(sigval)
                0x000000000000a640                timer_entry(void*)
                0x000000000000a6f0                timer_set(unsigned int, unsigned int, unsigned int, unsigned int, timer_type_t)
                0x000000000000a8b0                timer_set(unsigned int, unsigned int, unsigned int, timer_type_t)
                0x000000000000aa70                timer_remove_attr(unsigned int, unsigned int)
                0x000000000000aab0                timer_stick_get()
 *fill*         0x000000000000aabb        0x5 
 .text          0x000000000000aac0        0xd _build/fsm.o
                0x000000000000aac0                fsm_dispatch(fsm_t*, ak_msg_t*)
 *fill*         0x000000000000aacd        0x3 
 .text          0x000000000000aad0       0xf1 _build/tsm.o
                0x000000000000aad0                tsm_init(tsm_tbl_t*, tsm_t**, unsigned char)
                0x000000000000ab20                tsm_dispatch(tsm_tbl_t*, ak_msg_t*)
                0x000000000000aba0                tsm_tran(tsm_tbl_t*, unsigned char)
 *fill*         0x000000000000abc1        0xf 
 .text          0x000000000000abd0      0x106 _build/sys_dbg.o
                0x000000000000abd0                sys_dbg_fatal(char const*, unsigned char)
                0x000000000000ac00                sys_dbg_get_time()
 *fill*         0x000000000000acd6        0xa 
 .text          0x000000000000ace0      0x260 _build/app.o
                0x000000000000aeb0                task_init()
 .text._ZNKSt5ctypeIcE8do_widenEc
                0x000000000000af40        0x7 _build/app.o
                0x000000000000af40                std::ctype<char>::do_widen(char) const
 *fill*         0x000000000000af47        0x9 
 .text._ZNSt6thread11_State_implINS_8_InvokerISt5tupleIJZN7CppTime5TimerC4EvEUlvE_EEEEED2Ev
                0x000000000000af50       0x13 _build/app.o
                0x000000000000af50                std::thread::_State_impl<std::thread::_Invoker<std::tuple<CppTime::Timer::Timer()::{lambda()#1}> > >::~_State_impl()
                0x000000000000af50                std::thread::_State_impl<std::thread::_Invoker<std::tuple<CppTime::Timer::Timer()::{lambda()#1}> > >::~_State_impl()
 *fill*         0x000000000000af63        0xd 
 .text._ZNSt6thread11_State_implINS_8_InvokerISt5tupleIJZN7CppTime5TimerC4EvEUlvE_EEEEED0Ev
                0x000000000000af70       0x25 _build/app.o
                0x000000000000af70                std::thread::_State_impl<std::thread::_Invoker<std::tuple<CppTime::Timer::Timer()::{lambda()#1}> > >::~_State_impl()
 *fill*         0x000000000000af95        0xb 
 .text._ZN7CppTime5TimerD2Ev
                0x000000000000afa0      0x28f _build/app.o
                0x000000000000afa0                CppTime::Timer::~Timer()
                0x000000000000afa0                CppTime::Timer::~Timer()
 *fill*         0x000000000000b22f        0x1 
 .text._ZN7CppTime5TimerC2Ev
                0x000000000000b230      0x34e _build/app.o
                0x000000000000b230                CppTime::Timer::Timer()
                0x000000000000b230                CppTime::Timer::Timer()
 *fill*         0x000000000000b57e        0x2 
 .text._ZN7CppTime5Timer3runEv
                0x000000000000b580      0x5b1 _build/app.o
                0x000000000000b580                CppTime::Timer::run()
 *fill*         0x000000000000bb31        0xf 
 .text._ZNSt6thread11_State_implINS_8_InvokerISt5tupleIJZN7CppTime5TimerC4EvEUlvE_EEEEE6_M_runEv
                0x000000000000bb40        0xd _build/app.o
                0x000000000000bb40                std::thread::_State_impl<std::thread::_Invoker<std::tuple<CppTime::Timer::Timer()::{lambda()#1}> > >::_M_run()
 .text          0x000000000000bb4d        0x0 _build/task_list.o
 *fill*         0x000000000000bb4d        0x3 
 .text          0x000000000000bb50      0x6e7 _build/task_webrtc.o
                0x000000000000bb50                printMQTTTopicConfig(mqttTopicCfg_t const*)
                0x000000000000bbc0                printMQTTConfig(mtce_netMQTT_t const*)
                0x000000000000bc60                safe_ak_msg_free(ak_msg_t*)
                0x000000000000bc80                initializeMQTTTopicConfig(mqttTopicCfg_t*)
                0x000000000000bcd0                initializeMQTTConfig(mtce_netMQTT_t*)
                0x000000000000be90                gw_task_webrtc_entry(void*)
 *fill*         0x000000000000c237        0x9 
 .text._ZNSt6thread11_State_implINS_8_InvokerISt5tupleIJM4mqttFvvEPS3_EEEEE6_M_runEv
                0x000000000000c240       0x22 _build/task_webrtc.o
                0x000000000000c240                std::thread::_State_impl<std::thread::_Invoker<std::tuple<void (mqtt::*)(), mqtt*> > >::_M_run()
 *fill*         0x000000000000c262        0xe 
 .text._ZNSt6thread11_State_implINS_8_InvokerISt5tupleIJM4mqttFvvEPS3_EEEEED2Ev
                0x000000000000c270       0x13 _build/task_webrtc.o
                0x000000000000c270                std::thread::_State_impl<std::thread::_Invoker<std::tuple<void (mqtt::*)(), mqtt*> > >::~_State_impl()
                0x000000000000c270                std::thread::_State_impl<std::thread::_Invoker<std::tuple<void (mqtt::*)(), mqtt*> > >::~_State_impl()
 *fill*         0x000000000000c283        0xd 
 .text._ZNSt6thread11_State_implINS_8_InvokerISt5tupleIJM4mqttFvvEPS3_EEEEED0Ev
                0x000000000000c290       0x25 _build/task_webrtc.o
                0x000000000000c290                std::thread::_State_impl<std::thread::_Invoker<std::tuple<void (mqtt::*)(), mqtt*> > >::~_State_impl()
 *fill*         0x000000000000c2b5        0xb 
 .text._ZN4mqttD0Ev
                0x000000000000c2c0       0x91 _build/task_webrtc.o
                0x000000000000c2c0                mqtt::~mqtt()
 *fill*         0x000000000000c351        0xf 
 .text._ZNSt10unique_ptrI4mqttSt14default_deleteIS0_EED2Ev
                0x000000000000c360       0xce _build/task_webrtc.o
                0x000000000000c360                std::unique_ptr<mqtt, std::default_delete<mqtt> >::~unique_ptr()
                0x000000000000c360                std::unique_ptr<mqtt, std::default_delete<mqtt> >::~unique_ptr()
 *fill*         0x000000000000c42e        0x2 
 .text._ZN4mqttD2Ev
                0x000000000000c430       0x84 _build/task_webrtc.o
                0x000000000000c430                mqtt::~mqtt()
                0x000000000000c430                mqtt::~mqtt()
 .text          0x000000000000c4b4        0x0 _build/app_config.o
 *fill*         0x000000000000c4b4        0xc 
 .text          0x000000000000c4c0      0x13a _build/app_data.o
                0x000000000000c4c0                mtce_getSerial[abi:cxx11]()
 *fill*         0x000000000000c5fa        0x6 
 .text          0x000000000000c600     0x3683 _build/mqtt.o
                0x000000000000c600                mqtt::on_publish(int)
                0x000000000000c610                mqtt::on_subscribe(int, int, int const*)
                0x000000000000c620                mqtt::on_disconnect(int)
                0x000000000000c6f0                mqtt::on_log(int, char const*)
                0x000000000000cd60                mqtt::mqtt(mqttTopicCfg_t*, mtce_netMQTT_t*)
                0x000000000000cd60                mqtt::mqtt(mqttTopicCfg_t*, mtce_netMQTT_t*)
                0x000000000000cf00                mqtt::connectBroker()
                0x000000000000d060                mqtt::setConnected(bool)
                0x000000000000d070                mqtt::isConnected()
                0x000000000000d090                mqtt::genMsgId()
                0x000000000000d0b0                mqtt::subcribePerform(std::__cxx11::basic_string<char, std::char_traits<char>, std::allocator<char> > const&)
                0x000000000000d0f0                mqtt::getClientIdFromPayload(std::__cxx11::basic_string<char, std::char_traits<char>, std::allocator<char> > const&)
                0x000000000000d3d0                mqtt::extractClientID(std::__cxx11::basic_string<char, std::char_traits<char>, std::allocator<char> > const&)
                0x000000000000d610                mqtt::getCurrentTimestamp[abi:cxx11]()
                0x000000000000e190                mqtt::on_connect(int)
                0x000000000000e9c0                mqtt::publishMessage(std::__cxx11::basic_string<char, std::char_traits<char>, std::allocator<char> > const&, std::__cxx11::basic_string<char, std::char_traits<char>, std::allocator<char> > const&)
                0x000000000000eda0                mqtt::interactiveChat()
                0x000000000000ef90                mqtt::startClient()
                0x000000000000f000                mqtt::on_message(mosquitto_message const*)
                0x000000000000f5a0                mqtt::displayChatMessage(std::__cxx11::basic_string<char, std::char_traits<char>, std::allocator<char> > const&)
 *fill*         0x000000000000fc83        0xd 
 .text._ZN6mosqpp11mosquittopp21on_connect_with_flagsEii
                0x000000000000fc90        0x5 _build/mqtt.o
                0x000000000000fc90                mosqpp::mosquittopp::on_connect_with_flags(int, int)
 *fill*         0x000000000000fc95        0xb 
 .text._ZN6mosqpp11mosquittopp14on_unsubscribeEi
                0x000000000000fca0        0x5 _build/mqtt.o
                0x000000000000fca0                mosqpp::mosquittopp::on_unsubscribe(int)
 *fill*         0x000000000000fca5        0xb 
 .text._ZN6mosqpp11mosquittopp8on_errorEv
                0x000000000000fcb0        0x5 _build/mqtt.o
                0x000000000000fcb0                mosqpp::mosquittopp::on_error()
 *fill*         0x000000000000fcb5        0xb 
 .text._ZN8nlohmann6detail21output_string_adapterIcNSt7__cxx1112basic_stringIcSt11char_traitsIcESaIcEEEED2Ev
                0x000000000000fcc0        0x5 _build/mqtt.o
                0x000000000000fcc0                nlohmann::detail::output_string_adapter<char, std::__cxx11::basic_string<char, std::char_traits<char>, std::allocator<char> > >::~output_string_adapter()
                0x000000000000fcc0                nlohmann::detail::output_string_adapter<char, std::__cxx11::basic_string<char, std::char_traits<char>, std::allocator<char> > >::~output_string_adapter()
 *fill*         0x000000000000fcc5        0xb 
 .text._ZNSt23_Sp_counted_ptr_inplaceIN8nlohmann6detail21output_string_adapterIcNSt7__cxx1112basic_stringIcSt11char_traitsIcESaIcEEEEESaIS9_ELN9__gnu_cxx12_Lock_policyE2EED2Ev
                0x000000000000fcd0        0x5 _build/mqtt.o
                0x000000000000fcd0                std::_Sp_counted_ptr_inplace<nlohmann::detail::output_string_adapter<char, std::__cxx11::basic_string<char, std::char_traits<char>, std::allocator<char> > >, std::allocator<nlohmann::detail::output_string_adapter<char, std::__cxx11::basic_string<char, std::char_traits<char>, std::allocator<char> > > >, (__gnu_cxx::_Lock_policy)2>::~_Sp_counted_ptr_inplace()
                0x000000000000fcd0                std::_Sp_counted_ptr_inplace<nlohmann::detail::output_string_adapter<char, std::__cxx11::basic_string<char, std::char_traits<char>, std::allocator<char> > >, std::allocator<nlohmann::detail::output_string_adapter<char, std::__cxx11::basic_string<char, std::char_traits<char>, std::allocator<char> > > >, (__gnu_cxx::_Lock_policy)2>::~_Sp_counted_ptr_inplace()
 *fill*         0x000000000000fcd5        0xb 
 .text._ZNSt23_Sp_counted_ptr_inplaceIN8nlohmann6detail21output_string_adapterIcNSt7__cxx1112basic_stringIcSt11char_traitsIcESaIcEEEEESaIS9_ELN9__gnu_cxx12_Lock_policyE2EE10_M_disposeEv
                0x000000000000fce0       0x15 _build/mqtt.o
                0x000000000000fce0                std::_Sp_counted_ptr_inplace<nlohmann::detail::output_string_adapter<char, std::__cxx11::basic_string<char, std::char_traits<char>, std::allocator<char> > >, std::allocator<nlohmann::detail::output_string_adapter<char, std::__cxx11::basic_string<char, std::char_traits<char>, std::allocator<char> > > >, (__gnu_cxx::_Lock_policy)2>::_M_dispose()
 *fill*         0x000000000000fcf5        0xb 
 .text._ZNSt23_Sp_counted_ptr_inplaceIN8nlohmann6detail21output_string_adapterIcNSt7__cxx1112basic_stringIcSt11char_traitsIcESaIcEEEEESaIS9_ELN9__gnu_cxx12_Lock_policyE2EED0Ev
                0x000000000000fd00        0xe _build/mqtt.o
                0x000000000000fd00                std::_Sp_counted_ptr_inplace<nlohmann::detail::output_string_adapter<char, std::__cxx11::basic_string<char, std::char_traits<char>, std::allocator<char> > >, std::allocator<nlohmann::detail::output_string_adapter<char, std::__cxx11::basic_string<char, std::char_traits<char>, std::allocator<char> > > >, (__gnu_cxx::_Lock_policy)2>::~_Sp_counted_ptr_inplace()
 *fill*         0x000000000000fd0e        0x2 
 .text._ZN8nlohmann6detail21output_string_adapterIcNSt7__cxx1112basic_stringIcSt11char_traitsIcESaIcEEEED0Ev
                0x000000000000fd10        0xe _build/mqtt.o
                0x000000000000fd10                nlohmann::detail::output_string_adapter<char, std::__cxx11::basic_string<char, std::char_traits<char>, std::allocator<char> > >::~output_string_adapter()
 *fill*         0x000000000000fd1e        0x2 
 .text._ZNSt23_Sp_counted_ptr_inplaceIN8nlohmann6detail21output_string_adapterIcNSt7__cxx1112basic_stringIcSt11char_traitsIcESaIcEEEEESaIS9_ELN9__gnu_cxx12_Lock_policyE2EE10_M_destroyEv
                0x000000000000fd20        0xe _build/mqtt.o
                0x000000000000fd20                std::_Sp_counted_ptr_inplace<nlohmann::detail::output_string_adapter<char, std::__cxx11::basic_string<char, std::char_traits<char>, std::allocator<char> > >, std::allocator<nlohmann::detail::output_string_adapter<char, std::__cxx11::basic_string<char, std::char_traits<char>, std::allocator<char> > > >, (__gnu_cxx::_Lock_policy)2>::_M_destroy()
 *fill*         0x000000000000fd2e        0x2 
 .text._ZNSt23_Sp_counted_ptr_inplaceIN8nlohmann6detail21output_string_adapterIcNSt7__cxx1112basic_stringIcSt11char_traitsIcESaIcEEEEESaIS9_ELN9__gnu_cxx12_Lock_policyE2EE14_M_get_deleterERKSt9type_info
                0x000000000000fd30       0x51 _build/mqtt.o
                0x000000000000fd30                std::_Sp_counted_ptr_inplace<nlohmann::detail::output_string_adapter<char, std::__cxx11::basic_string<char, std::char_traits<char>, std::allocator<char> > >, std::allocator<nlohmann::detail::output_string_adapter<char, std::__cxx11::basic_string<char, std::char_traits<char>, std::allocator<char> > > >, (__gnu_cxx::_Lock_policy)2>::_M_get_deleter(std::type_info const&)
 *fill*         0x000000000000fd81        0xf 
 .text._ZN8nlohmann6detail21output_string_adapterIcNSt7__cxx1112basic_stringIcSt11char_traitsIcESaIcEEEE16write_charactersEPKcm
                0x000000000000fd90       0x2d _build/mqtt.o
                0x000000000000fd90                nlohmann::detail::output_string_adapter<char, std::__cxx11::basic_string<char, std::char_traits<char>, std::allocator<char> > >::write_characters(char const*, unsigned long)
 *fill*         0x000000000000fdbd        0x3 
 .text._ZN8nlohmann6detail21output_string_adapterIcNSt7__cxx1112basic_stringIcSt11char_traitsIcESaIcEEEE15write_characterEc
                0x000000000000fdc0       0x77 _build/mqtt.o
                0x000000000000fdc0                nlohmann::detail::output_string_adapter<char, std::__cxx11::basic_string<char, std::char_traits<char>, std::allocator<char> > >::write_character(char)
 *fill*         0x000000000000fe37        0x9 
 .text._ZN8nlohmann10basic_jsonISt3mapSt6vectorNSt7__cxx1112basic_stringIcSt11char_traitsIcESaIcEEEblmdSaNS_14adl_serializerES2_IhSaIhEEEC2EDn.constprop.1
                0x000000000000fe40        0xc _build/mqtt.o
 *fill*         0x000000000000fe4c        0x4 
 .text._ZNSt7__cxx119to_stringEm
                0x000000000000fe50      0x1e7 _build/mqtt.o
                0x000000000000fe50                std::__cxx11::to_string(unsigned long)
 *fill*         0x0000000000010037        0x9 
 .text._ZStplIcSt11char_traitsIcESaIcEENSt7__cxx1112basic_stringIT_T0_T1_EEOS8_S9_
                0x0000000000010040       0xfb _build/mqtt.o
                0x0000000000010040                std::__cxx11::basic_string<char, std::char_traits<char>, std::allocator<char> > std::operator+<char, std::char_traits<char>, std::allocator<char> >(std::__cxx11::basic_string<char, std::char_traits<char>, std::allocator<char> >&&, std::__cxx11::basic_string<char, std::char_traits<char>, std::allocator<char> >&&)
 *fill*         0x000000000001013b        0x5 
 .text._ZStplIcSt11char_traitsIcESaIcEENSt7__cxx1112basic_stringIT_T0_T1_EEPKS5_OS8_
                0x0000000000010140       0x7d _build/mqtt.o
                0x0000000000010140                std::__cxx11::basic_string<char, std::char_traits<char>, std::allocator<char> > std::operator+<char, std::char_traits<char>, std::allocator<char> >(char const*, std::__cxx11::basic_string<char, std::char_traits<char>, std::allocator<char> >&&)
 *fill*         0x00000000000101bd        0x3 
 .text._ZStplIcSt11char_traitsIcESaIcEENSt7__cxx1112basic_stringIT_T0_T1_EEPKS5_RKS8_
                0x00000000000101c0       0xb6 _build/mqtt.o
                0x00000000000101c0                std::__cxx11::basic_string<char, std::char_traits<char>, std::allocator<char> > std::operator+<char, std::char_traits<char>, std::allocator<char> >(char const*, std::__cxx11::basic_string<char, std::char_traits<char>, std::allocator<char> > const&)
 *fill*         0x0000000000010276        0xa 
 .text._ZN8nlohmann6detail9exception4nameERKNSt7__cxx1112basic_stringIcSt11char_traitsIcESaIcEEEi
                0x0000000000010280      0x5ba _build/mqtt.o
                0x0000000000010280                nlohmann::detail::exception::name(std::__cxx11::basic_string<char, std::char_traits<char>, std::allocator<char> > const&, int)
 *fill*         0x000000000001083a        0x6 
 .text._ZStplIcSt11char_traitsIcESaIcEENSt7__cxx1112basic_stringIT_T0_T1_EEOS8_PKS5_
                0x0000000000010840       0x99 _build/mqtt.o
                0x0000000000010840                std::__cxx11::basic_string<char, std::char_traits<char>, std::allocator<char> > std::operator+<char, std::char_traits<char>, std::allocator<char> >(std::__cxx11::basic_string<char, std::char_traits<char>, std::allocator<char> >&&, char const*)
 *fill*         0x00000000000108d9        0x7 
 .text._ZN8nlohmann10basic_jsonISt3mapSt6vectorNSt7__cxx1112basic_stringIcSt11char_traitsIcESaIcEEEblmdSaNS_14adl_serializerES2_IhSaIhEEEaSESC_
                0x00000000000108e0      0x158 _build/mqtt.o
                0x00000000000108e0                nlohmann::basic_json<std::map, std::vector, std::__cxx11::basic_string<char, std::char_traits<char>, std::allocator<char> >, bool, long, unsigned long, double, std::allocator, nlohmann::adl_serializer, std::vector<unsigned char, std::allocator<unsigned char> > >::operator=(nlohmann::basic_json<std::map, std::vector, std::__cxx11::basic_string<char, std::char_traits<char>, std::allocator<char> >, bool, long, unsigned long, double, std::allocator, nlohmann::adl_serializer, std::vector<unsigned char, std::allocator<unsigned char> > >)
 *fill*         0x0000000000010a38        0x8 
 .text._ZN8nlohmann6detail10serializerINS_10basic_jsonISt3mapSt6vectorNSt7__cxx1112basic_stringIcSt11char_traitsIcESaIcEEEblmdSaNS_14adl_serializerES4_IhSaIhEEEEED2Ev
                0x0000000000010a40       0xb4 _build/mqtt.o
                0x0000000000010a40                nlohmann::detail::serializer<nlohmann::basic_json<std::map, std::vector, std::__cxx11::basic_string<char, std::char_traits<char>, std::allocator<char> >, bool, long, unsigned long, double, std::allocator, nlohmann::adl_serializer, std::vector<unsigned char, std::allocator<unsigned char> > > >::~serializer()
                0x0000000000010a40                nlohmann::detail::serializer<nlohmann::basic_json<std::map, std::vector, std::__cxx11::basic_string<char, std::char_traits<char>, std::allocator<char> >, bool, long, unsigned long, double, std::allocator, nlohmann::adl_serializer, std::vector<unsigned char, std::allocator<unsigned char> > > >::~serializer()
 *fill*         0x0000000000010af4        0xc 
 .text._ZN8nlohmann6detail5lexerINS_10basic_jsonISt3mapSt6vectorNSt7__cxx1112basic_stringIcSt11char_traitsIcESaIcEEEblmdSaNS_14adl_serializerES4_IhSaIhEEEENS0_22iterator_input_adapterIN9__gnu_cxx17__normal_iteratorIPKcSA_EEEEED2Ev
                0x0000000000010b00       0x42 _build/mqtt.o
                0x0000000000010b00                nlohmann::detail::lexer<nlohmann::basic_json<std::map, std::vector, std::__cxx11::basic_string<char, std::char_traits<char>, std::allocator<char> >, bool, long, unsigned long, double, std::allocator, nlohmann::adl_serializer, std::vector<unsigned char, std::allocator<unsigned char> > >, nlohmann::detail::iterator_input_adapter<__gnu_cxx::__normal_iterator<char const*, std::__cxx11::basic_string<char, std::char_traits<char>, std::allocator<char> > > > >::~lexer()
                0x0000000000010b00                nlohmann::detail::lexer<nlohmann::basic_json<std::map, std::vector, std::__cxx11::basic_string<char, std::char_traits<char>, std::allocator<char> >, bool, long, unsigned long, double, std::allocator, nlohmann::adl_serializer, std::vector<unsigned char, std::allocator<unsigned char> > >, nlohmann::detail::iterator_input_adapter<__gnu_cxx::__normal_iterator<char const*, std::__cxx11::basic_string<char, std::char_traits<char>, std::allocator<char> > > > >::~lexer()
 *fill*         0x0000000000010b42        0xe 
 .text._ZN8nlohmann6detail6parserINS_10basic_jsonISt3mapSt6vectorNSt7__cxx1112basic_stringIcSt11char_traitsIcESaIcEEEblmdSaNS_14adl_serializerES4_IhSaIhEEEENS0_22iterator_input_adapterIN9__gnu_cxx17__normal_iteratorIPKcSA_EEEEED2Ev
                0x0000000000010b50       0x55 _build/mqtt.o
                0x0000000000010b50                nlohmann::detail::parser<nlohmann::basic_json<std::map, std::vector, std::__cxx11::basic_string<char, std::char_traits<char>, std::allocator<char> >, bool, long, unsigned long, double, std::allocator, nlohmann::adl_serializer, std::vector<unsigned char, std::allocator<unsigned char> > >, nlohmann::detail::iterator_input_adapter<__gnu_cxx::__normal_iterator<char const*, std::__cxx11::basic_string<char, std::char_traits<char>, std::allocator<char> > > > >::~parser()
                0x0000000000010b50                nlohmann::detail::parser<nlohmann::basic_json<std::map, std::vector, std::__cxx11::basic_string<char, std::char_traits<char>, std::allocator<char> >, bool, long, unsigned long, double, std::allocator, nlohmann::adl_serializer, std::vector<unsigned char, std::allocator<unsigned char> > >, nlohmann::detail::iterator_input_adapter<__gnu_cxx::__normal_iterator<char const*, std::__cxx11::basic_string<char, std::char_traits<char>, std::allocator<char> > > > >::~parser()
 *fill*         0x0000000000010ba5        0xb 
 .text._ZNSt16_Sp_counted_baseILN9__gnu_cxx12_Lock_policyE2EE10_M_releaseEv
                0x0000000000010bb0       0x7c _build/mqtt.o
                0x0000000000010bb0                std::_Sp_counted_base<(__gnu_cxx::_Lock_policy)2>::_M_release()
 *fill*         0x0000000000010c2c        0x4 
 .text._ZN8nlohmann10basic_jsonISt3mapSt6vectorNSt7__cxx1112basic_stringIcSt11char_traitsIcESaIcEEEblmdSaNS_14adl_serializerES2_IhSaIhEEEC2EOSC_
                0x0000000000010c30      0x128 _build/mqtt.o
                0x0000000000010c30                nlohmann::basic_json<std::map, std::vector, std::__cxx11::basic_string<char, std::char_traits<char>, std::allocator<char> >, bool, long, unsigned long, double, std::allocator, nlohmann::adl_serializer, std::vector<unsigned char, std::allocator<unsigned char> > >::basic_json(nlohmann::basic_json<std::map, std::vector, std::__cxx11::basic_string<char, std::char_traits<char>, std::allocator<char> >, bool, long, unsigned long, double, std::allocator, nlohmann::adl_serializer, std::vector<unsigned char, std::allocator<unsigned char> > >&&)
                0x0000000000010c30                nlohmann::basic_json<std::map, std::vector, std::__cxx11::basic_string<char, std::char_traits<char>, std::allocator<char> >, bool, long, unsigned long, double, std::allocator, nlohmann::adl_serializer, std::vector<unsigned char, std::allocator<unsigned char> > >::basic_json(nlohmann::basic_json<std::map, std::vector, std::__cxx11::basic_string<char, std::char_traits<char>, std::allocator<char> >, bool, long, unsigned long, double, std::allocator, nlohmann::adl_serializer, std::vector<unsigned char, std::allocator<unsigned char> > >&&)
 *fill*         0x0000000000010d58        0x8 
 .text._ZN8nlohmann6detail10type_error6createINS_10basic_jsonISt3mapSt6vectorNSt7__cxx1112basic_stringIcSt11char_traitsIcESaIcEEEblmdSaNS_14adl_serializerES5_IhSaIhEEEEEES1_iRKSB_RKT_
                0x0000000000010d60      0x3a9 _build/mqtt.o
                0x0000000000010d60                nlohmann::detail::type_error nlohmann::detail::type_error::create<nlohmann::basic_json<std::map, std::vector, std::__cxx11::basic_string<char, std::char_traits<char>, std::allocator<char> >, bool, long, unsigned long, double, std::allocator, nlohmann::adl_serializer, std::vector<unsigned char, std::allocator<unsigned char> > > >(int, std::__cxx11::basic_string<char, std::char_traits<char>, std::allocator<char> > const&, nlohmann::basic_json<std::map, std::vector, std::__cxx11::basic_string<char, std::char_traits<char>, std::allocator<char> >, bool, long, unsigned long, double, std::allocator, nlohmann::adl_serializer, std::vector<unsigned char, std::allocator<unsigned char> > > const&)
 *fill*         0x0000000000011109        0x7 
 .text._ZN8nlohmann6detail11parse_error6createINS_10basic_jsonISt3mapSt6vectorNSt7__cxx1112basic_stringIcSt11char_traitsIcESaIcEEEblmdSaNS_14adl_serializerES5_IhSaIhEEEEEES1_iRKNS0_10position_tERKSB_RKT_
                0x0000000000011110      0xb9e _build/mqtt.o
                0x0000000000011110                nlohmann::detail::parse_error nlohmann::detail::parse_error::create<nlohmann::basic_json<std::map, std::vector, std::__cxx11::basic_string<char, std::char_traits<char>, std::allocator<char> >, bool, long, unsigned long, double, std::allocator, nlohmann::adl_serializer, std::vector<unsigned char, std::allocator<unsigned char> > > >(int, nlohmann::detail::position_t const&, std::__cxx11::basic_string<char, std::char_traits<char>, std::allocator<char> > const&, nlohmann::basic_json<std::map, std::vector, std::__cxx11::basic_string<char, std::char_traits<char>, std::allocator<char> >, bool, long, unsigned long, double, std::allocator, nlohmann::adl_serializer, std::vector<unsigned char, std::allocator<unsigned char> > > const&)
 *fill*         0x0000000000011cae        0x2 
 .text._ZNSt6vectorIN8nlohmann10basic_jsonISt3mapS_NSt7__cxx1112basic_stringIcSt11char_traitsIcESaIcEEEblmdSaNS0_14adl_serializerES_IhSaIhEEEESaISC_EE7reserveEm
                0x0000000000011cb0      0x231 _build/mqtt.o
                0x0000000000011cb0                std::vector<nlohmann::basic_json<std::map, std::vector, std::__cxx11::basic_string<char, std::char_traits<char>, std::allocator<char> >, bool, long, unsigned long, double, std::allocator, nlohmann::adl_serializer, std::vector<unsigned char, std::allocator<unsigned char> > >, std::allocator<nlohmann::basic_json<std::map, std::vector, std::__cxx11::basic_string<char, std::char_traits<char>, std::allocator<char> >, bool, long, unsigned long, double, std::allocator, nlohmann::adl_serializer, std::vector<unsigned char, std::allocator<unsigned char> > > > >::reserve(unsigned long)
 *fill*         0x0000000000011ee1        0xf 
 .text._ZN8nlohmann10basic_jsonISt3mapSt6vectorNSt7__cxx1112basic_stringIcSt11char_traitsIcESaIcEEEblmdSaNS_14adl_serializerES2_IhSaIhEEE10json_value7destroyENS_6detail7value_tE
                0x0000000000011ef0      0x547 _build/mqtt.o
                0x0000000000011ef0                nlohmann::basic_json<std::map, std::vector, std::__cxx11::basic_string<char, std::char_traits<char>, std::allocator<char> >, bool, long, unsigned long, double, std::allocator, nlohmann::adl_serializer, std::vector<unsigned char, std::allocator<unsigned char> > >::json_value::destroy(nlohmann::detail::value_t)
 *fill*         0x0000000000012437        0x9 
 .text._ZN8nlohmann10basic_jsonISt3mapSt6vectorNSt7__cxx1112basic_stringIcSt11char_traitsIcESaIcEEEblmdSaNS_14adl_serializerES2_IhSaIhEEED2Ev
                0x0000000000012440       0xd5 _build/mqtt.o
                0x0000000000012440                nlohmann::basic_json<std::map, std::vector, std::__cxx11::basic_string<char, std::char_traits<char>, std::allocator<char> >, bool, long, unsigned long, double, std::allocator, nlohmann::adl_serializer, std::vector<unsigned char, std::allocator<unsigned char> > >::~basic_json()
                0x0000000000012440                nlohmann::basic_json<std::map, std::vector, std::__cxx11::basic_string<char, std::char_traits<char>, std::allocator<char> >, bool, long, unsigned long, double, std::allocator, nlohmann::adl_serializer, std::vector<unsigned char, std::allocator<unsigned char> > >::~basic_json()
 *fill*         0x0000000000012515        0xb 
 .text._ZN8nlohmann6detail28json_sax_dom_callback_parserINS_10basic_jsonISt3mapSt6vectorNSt7__cxx1112basic_stringIcSt11char_traitsIcESaIcEEEblmdSaNS_14adl_serializerES4_IhSaIhEEEEED2Ev
                0x0000000000012520       0x7a _build/mqtt.o
                0x0000000000012520                nlohmann::detail::json_sax_dom_callback_parser<nlohmann::basic_json<std::map, std::vector, std::__cxx11::basic_string<char, std::char_traits<char>, std::allocator<char> >, bool, long, unsigned long, double, std::allocator, nlohmann::adl_serializer, std::vector<unsigned char, std::allocator<unsigned char> > > >::~json_sax_dom_callback_parser()
                0x0000000000012520                nlohmann::detail::json_sax_dom_callback_parser<nlohmann::basic_json<std::map, std::vector, std::__cxx11::basic_string<char, std::char_traits<char>, std::allocator<char> >, bool, long, unsigned long, double, std::allocator, nlohmann::adl_serializer, std::vector<unsigned char, std::allocator<unsigned char> > > >::~json_sax_dom_callback_parser()
 *fill*         0x000000000001259a        0x6 
 .text._ZN8nlohmann10basic_jsonISt3mapSt6vectorNSt7__cxx1112basic_stringIcSt11char_traitsIcESaIcEEEblmdSaNS_14adl_serializerES2_IhSaIhEEE10json_valueC2ENS_6detail7value_tE
                0x00000000000125a0      0x130 _build/mqtt.o
                0x00000000000125a0                nlohmann::basic_json<std::map, std::vector, std::__cxx11::basic_string<char, std::char_traits<char>, std::allocator<char> >, bool, long, unsigned long, double, std::allocator, nlohmann::adl_serializer, std::vector<unsigned char, std::allocator<unsigned char> > >::json_value::json_value(nlohmann::detail::value_t)
                0x00000000000125a0                nlohmann::basic_json<std::map, std::vector, std::__cxx11::basic_string<char, std::char_traits<char>, std::allocator<char> >, bool, long, unsigned long, double, std::allocator, nlohmann::adl_serializer, std::vector<unsigned char, std::allocator<unsigned char> > >::json_value::json_value(nlohmann::detail::value_t)
 .text._ZNSt6vectorIN8nlohmann10basic_jsonISt3mapS_NSt7__cxx1112basic_stringIcSt11char_traitsIcESaIcEEEblmdSaNS0_14adl_serializerES_IhSaIhEEEESaISC_EED2Ev
                0x00000000000126d0      0x12c _build/mqtt.o
                0x00000000000126d0                std::vector<nlohmann::basic_json<std::map, std::vector, std::__cxx11::basic_string<char, std::char_traits<char>, std::allocator<char> >, bool, long, unsigned long, double, std::allocator, nlohmann::adl_serializer, std::vector<unsigned char, std::allocator<unsigned char> > >, std::allocator<nlohmann::basic_json<std::map, std::vector, std::__cxx11::basic_string<char, std::char_traits<char>, std::allocator<char> >, bool, long, unsigned long, double, std::allocator, nlohmann::adl_serializer, std::vector<unsigned char, std::allocator<unsigned char> > > > >::~vector()
                0x00000000000126d0                std::vector<nlohmann::basic_json<std::map, std::vector, std::__cxx11::basic_string<char, std::char_traits<char>, std::allocator<char> >, bool, long, unsigned long, double, std::allocator, nlohmann::adl_serializer, std::vector<unsigned char, std::allocator<unsigned char> > >, std::allocator<nlohmann::basic_json<std::map, std::vector, std::__cxx11::basic_string<char, std::char_traits<char>, std::allocator<char> >, bool, long, unsigned long, double, std::allocator, nlohmann::adl_serializer, std::vector<unsigned char, std::allocator<unsigned char> > > > >::~vector()
 *fill*         0x00000000000127fc        0x4 
 .text._ZN8nlohmann6detail10serializerINS_10basic_jsonISt3mapSt6vectorNSt7__cxx1112basic_stringIcSt11char_traitsIcESaIcEEEblmdSaNS_14adl_serializerES4_IhSaIhEEEEE12dump_escapedERKSA_b
                0x0000000000012800      0xbc5 _build/mqtt.o
                0x0000000000012800                nlohmann::detail::serializer<nlohmann::basic_json<std::map, std::vector, std::__cxx11::basic_string<char, std::char_traits<char>, std::allocator<char> >, bool, long, unsigned long, double, std::allocator, nlohmann::adl_serializer, std::vector<unsigned char, std::allocator<unsigned char> > > >::dump_escaped(std::__cxx11::basic_string<char, std::char_traits<char>, std::allocator<char> > const&, bool)
 *fill*         0x00000000000133c5        0xb 
 .text._ZN8nlohmann6detail10serializerINS_10basic_jsonISt3mapSt6vectorNSt7__cxx1112basic_stringIcSt11char_traitsIcESaIcEEEblmdSaNS_14adl_serializerES4_IhSaIhEEEEE12dump_integerIhLi0EEEvT_
                0x00000000000133d0      0x1d3 _build/mqtt.o
                0x00000000000133d0                void nlohmann::detail::serializer<nlohmann::basic_json<std::map, std::vector, std::__cxx11::basic_string<char, std::char_traits<char>, std::allocator<char> >, bool, long, unsigned long, double, std::allocator, nlohmann::adl_serializer, std::vector<unsigned char, std::allocator<unsigned char> > > >::dump_integer<unsigned char, 0>(unsigned char)
 *fill*         0x00000000000135a3        0xd 
 .text._ZN8nlohmann6detail10serializerINS_10basic_jsonISt3mapSt6vectorNSt7__cxx1112basic_stringIcSt11char_traitsIcESaIcEEEblmdSaNS_14adl_serializerES4_IhSaIhEEEEE12dump_integerImLi0EEEvT_
                0x00000000000135b0      0x2a6 _build/mqtt.o
                0x00000000000135b0                void nlohmann::detail::serializer<nlohmann::basic_json<std::map, std::vector, std::__cxx11::basic_string<char, std::char_traits<char>, std::allocator<char> >, bool, long, unsigned long, double, std::allocator, nlohmann::adl_serializer, std::vector<unsigned char, std::allocator<unsigned char> > > >::dump_integer<unsigned long, 0>(unsigned long)
 *fill*         0x0000000000013856        0xa 
 .text._ZNK8nlohmann6detail5lexerINS_10basic_jsonISt3mapSt6vectorNSt7__cxx1112basic_stringIcSt11char_traitsIcESaIcEEEblmdSaNS_14adl_serializerES4_IhSaIhEEEENS0_22iterator_input_adapterIN9__gnu_cxx17__normal_iteratorIPKcSA_EEEEE16get_token_stringEv
                0x0000000000013860      0x188 _build/mqtt.o
                0x0000000000013860                nlohmann::detail::lexer<nlohmann::basic_json<std::map, std::vector, std::__cxx11::basic_string<char, std::char_traits<char>, std::allocator<char> >, bool, long, unsigned long, double, std::allocator, nlohmann::adl_serializer, std::vector<unsigned char, std::allocator<unsigned char> > >, nlohmann::detail::iterator_input_adapter<__gnu_cxx::__normal_iterator<char const*, std::__cxx11::basic_string<char, std::char_traits<char>, std::allocator<char> > > > >::get_token_string() const
 *fill*         0x00000000000139e8        0x8 
 .text._ZN8nlohmann6detail6parserINS_10basic_jsonISt3mapSt6vectorNSt7__cxx1112basic_stringIcSt11char_traitsIcESaIcEEEblmdSaNS_14adl_serializerES4_IhSaIhEEEENS0_22iterator_input_adapterIN9__gnu_cxx17__normal_iteratorIPKcSA_EEEEE17exception_messageENS0_10lexer_baseISE_E10token_typeERKSA_
                0x00000000000139f0      0x9ad _build/mqtt.o
                0x00000000000139f0                nlohmann::detail::parser<nlohmann::basic_json<std::map, std::vector, std::__cxx11::basic_string<char, std::char_traits<char>, std::allocator<char> >, bool, long, unsigned long, double, std::allocator, nlohmann::adl_serializer, std::vector<unsigned char, std::allocator<unsigned char> > >, nlohmann::detail::iterator_input_adapter<__gnu_cxx::__normal_iterator<char const*, std::__cxx11::basic_string<char, std::char_traits<char>, std::allocator<char> > > > >::exception_message(nlohmann::detail::lexer_base<nlohmann::basic_json<std::map, std::vector, std::__cxx11::basic_string<char, std::char_traits<char>, std::allocator<char> >, bool, long, unsigned long, double, std::allocator, nlohmann::adl_serializer, std::vector<unsigned char, std::allocator<unsigned char> > > >::token_type, std::__cxx11::basic_string<char, std::char_traits<char>, std::allocator<char> > const&)
 *fill*         0x000000000001439d        0x3 
 .text._ZNSt7__cxx1112basic_stringIcSt11char_traitsIcESaIcEE12_M_constructIPcEEvT_S7_St20forward_iterator_tag
                0x00000000000143a0       0xd0 _build/mqtt.o
                0x00000000000143a0                void std::__cxx11::basic_string<char, std::char_traits<char>, std::allocator<char> >::_M_construct<char*>(char*, char*, std::forward_iterator_tag)
 .text._ZNSt6vectorIbSaIbEE9push_backEb
                0x0000000000014470       0x64 _build/mqtt.o
                0x0000000000014470                std::vector<bool, std::allocator<bool> >::push_back(bool)
 *fill*         0x00000000000144d4        0xc 
 .text._ZN8nlohmann6detail12out_of_range6createINS_10basic_jsonISt3mapSt6vectorNSt7__cxx1112basic_stringIcSt11char_traitsIcESaIcEEEblmdSaNS_14adl_serializerES5_IhSaIhEEEEEES1_iRKSB_RKT_
                0x00000000000144e0      0x3a9 _build/mqtt.o
                0x00000000000144e0                nlohmann::detail::out_of_range nlohmann::detail::out_of_range::create<nlohmann::basic_json<std::map, std::vector, std::__cxx11::basic_string<char, std::char_traits<char>, std::allocator<char> >, bool, long, unsigned long, double, std::allocator, nlohmann::adl_serializer, std::vector<unsigned char, std::allocator<unsigned char> > > >(int, std::__cxx11::basic_string<char, std::char_traits<char>, std::allocator<char> > const&, nlohmann::basic_json<std::map, std::vector, std::__cxx11::basic_string<char, std::char_traits<char>, std::allocator<char> >, bool, long, unsigned long, double, std::allocator, nlohmann::adl_serializer, std::vector<unsigned char, std::allocator<unsigned char> > > const&)
 *fill*         0x0000000000014889        0x7 
 .text._ZNSt13_Bvector_baseISaIbEE13_M_deallocateEv
                0x0000000000014890       0x43 _build/mqtt.o
                0x0000000000014890                std::_Bvector_base<std::allocator<bool> >::_M_deallocate()
 *fill*         0x00000000000148d3        0xd 
 .text._ZN8nlohmann6detail28json_sax_dom_callback_parserINS_10basic_jsonISt3mapSt6vectorNSt7__cxx1112basic_stringIcSt11char_traitsIcESaIcEEEblmdSaNS_14adl_serializerES4_IhSaIhEEEEE12handle_valueINS0_7value_tEEESt4pairIbPSE_EOT_b
                0x00000000000148e0      0x331 _build/mqtt.o
                0x00000000000148e0                std::pair<bool, nlohmann::basic_json<std::map, std::vector, std::__cxx11::basic_string<char, std::char_traits<char>, std::allocator<char> >, bool, long, unsigned long, double, std::allocator, nlohmann::adl_serializer, std::vector<unsigned char, std::allocator<unsigned char> > >*> nlohmann::detail::json_sax_dom_callback_parser<nlohmann::basic_json<std::map, std::vector, std::__cxx11::basic_string<char, std::char_traits<char>, std::allocator<char> >, bool, long, unsigned long, double, std::allocator, nlohmann::adl_serializer, std::vector<unsigned char, std::allocator<unsigned char> > > >::handle_value<nlohmann::detail::value_t>(nlohmann::detail::value_t&&, bool)
 *fill*         0x0000000000014c11        0xf 
 .text._ZN8nlohmann10basic_jsonISt3mapSt6vectorNSt7__cxx1112basic_stringIcSt11char_traitsIcESaIcEEEblmdSaNS_14adl_serializerES2_IhSaIhEEEC2ERKSC_
                0x0000000000014c20      0x478 _build/mqtt.o
                0x0000000000014c20                nlohmann::basic_json<std::map, std::vector, std::__cxx11::basic_string<char, std::char_traits<char>, std::allocator<char> >, bool, long, unsigned long, double, std::allocator, nlohmann::adl_serializer, std::vector<unsigned char, std::allocator<unsigned char> > >::basic_json(nlohmann::basic_json<std::map, std::vector, std::__cxx11::basic_string<char, std::char_traits<char>, std::allocator<char> >, bool, long, unsigned long, double, std::allocator, nlohmann::adl_serializer, std::vector<unsigned char, std::allocator<unsigned char> > > const&)
                0x0000000000014c20                nlohmann::basic_json<std::map, std::vector, std::__cxx11::basic_string<char, std::char_traits<char>, std::allocator<char> >, bool, long, unsigned long, double, std::allocator, nlohmann::adl_serializer, std::vector<unsigned char, std::allocator<unsigned char> > >::basic_json(nlohmann::basic_json<std::map, std::vector, std::__cxx11::basic_string<char, std::char_traits<char>, std::allocator<char> >, bool, long, unsigned long, double, std::allocator, nlohmann::adl_serializer, std::vector<unsigned char, std::allocator<unsigned char> > > const&)
 *fill*         0x0000000000015098        0x8 
 .text._ZN8nlohmann6detail28json_sax_dom_callback_parserINS_10basic_jsonISt3mapSt6vectorNSt7__cxx1112basic_stringIcSt11char_traitsIcESaIcEEEblmdSaNS_14adl_serializerES4_IhSaIhEEEEE9end_arrayEv
                0x00000000000150a0      0x1c3 _build/mqtt.o
                0x00000000000150a0                nlohmann::detail::json_sax_dom_callback_parser<nlohmann::basic_json<std::map, std::vector, std::__cxx11::basic_string<char, std::char_traits<char>, std::allocator<char> >, bool, long, unsigned long, double, std::allocator, nlohmann::adl_serializer, std::vector<unsigned char, std::allocator<unsigned char> > > >::end_array()
 *fill*         0x0000000000015263        0xd 
 .text._ZNSt8_Rb_treeINSt7__cxx1112basic_stringIcSt11char_traitsIcESaIcEEESt4pairIKS5_N8nlohmann10basic_jsonISt3mapSt6vectorS5_blmdSaNS8_14adl_serializerESB_IhSaIhEEEEESt10_Select1stISG_ESt4lessIvESaISG_EE7_M_copyILb0ENSM_11_Alloc_nodeEEEPSt13_Rb_tree_nodeISG_ESR_PSt18_Rb_tree_node_baseRT0_.isra.0
                0x0000000000015270      0x367 _build/mqtt.o
 *fill*         0x00000000000155d7        0x9 
 .text._ZN8nlohmann10basic_jsonISt3mapSt6vectorNSt7__cxx1112basic_stringIcSt11char_traitsIcESaIcEEEblmdSaNS_14adl_serializerES2_IhSaIhEEE5eraseINS_6detail9iter_implISC_EELi0EEET_SH_
                0x00000000000155e0      0x5fb _build/mqtt.o
                0x00000000000155e0                nlohmann::detail::iter_impl<nlohmann::basic_json<std::map, std::vector, std::__cxx11::basic_string<char, std::char_traits<char>, std::allocator<char> >, bool, long, unsigned long, double, std::allocator, nlohmann::adl_serializer, std::vector<unsigned char, std::allocator<unsigned char> > > > nlohmann::basic_json<std::map, std::vector, std::__cxx11::basic_string<char, std::char_traits<char>, std::allocator<char> >, bool, long, unsigned long, double, std::allocator, nlohmann::adl_serializer, std::vector<unsigned char, std::allocator<unsigned char> > >::erase<nlohmann::detail::iter_impl<nlohmann::basic_json<std::map, std::vector, std::__cxx11::basic_string<char, std::char_traits<char>, std::allocator<char> >, bool, long, unsigned long, double, std::allocator, nlohmann::adl_serializer, std::vector<unsigned char, std::allocator<unsigned char> > > >, 0>(nlohmann::detail::iter_impl<nlohmann::basic_json<std::map, std::vector, std::__cxx11::basic_string<char, std::char_traits<char>, std::allocator<char> >, bool, long, unsigned long, double, std::allocator, nlohmann::adl_serializer, std::vector<unsigned char, std::allocator<unsigned char> > > >)
 *fill*         0x0000000000015bdb        0x5 
 .text._ZN8nlohmann6detail28json_sax_dom_callback_parserINS_10basic_jsonISt3mapSt6vectorNSt7__cxx1112basic_stringIcSt11char_traitsIcESaIcEEEblmdSaNS_14adl_serializerES4_IhSaIhEEEEE10end_objectEv
                0x0000000000015be0      0x425 _build/mqtt.o
                0x0000000000015be0                nlohmann::detail::json_sax_dom_callback_parser<nlohmann::basic_json<std::map, std::vector, std::__cxx11::basic_string<char, std::char_traits<char>, std::allocator<char> >, bool, long, unsigned long, double, std::allocator, nlohmann::adl_serializer, std::vector<unsigned char, std::allocator<unsigned char> > > >::end_object()
 *fill*         0x0000000000016005        0xb 
 .text._ZN8nlohmann6detail28json_sax_dom_callback_parserINS_10basic_jsonISt3mapSt6vectorNSt7__cxx1112basic_stringIcSt11char_traitsIcESaIcEEEblmdSaNS_14adl_serializerES4_IhSaIhEEEEE12handle_valueIRbEESt4pairIbPSE_EOT_b
                0x0000000000016010      0x361 _build/mqtt.o
                0x0000000000016010                std::pair<bool, nlohmann::basic_json<std::map, std::vector, std::__cxx11::basic_string<char, std::char_traits<char>, std::allocator<char> >, bool, long, unsigned long, double, std::allocator, nlohmann::adl_serializer, std::vector<unsigned char, std::allocator<unsigned char> > >*> nlohmann::detail::json_sax_dom_callback_parser<nlohmann::basic_json<std::map, std::vector, std::__cxx11::basic_string<char, std::char_traits<char>, std::allocator<char> >, bool, long, unsigned long, double, std::allocator, nlohmann::adl_serializer, std::vector<unsigned char, std::allocator<unsigned char> > > >::handle_value<bool&>(bool&, bool)
 *fill*         0x0000000000016371        0xf 
 .text._ZNSt8_Rb_treeINSt7__cxx1112basic_stringIcSt11char_traitsIcESaIcEEESt4pairIKS5_N8nlohmann10basic_jsonISt3mapSt6vectorS5_blmdSaNS8_14adl_serializerESB_IhSaIhEEEEESt10_Select1stISG_ESt4lessIvESaISG_EE24_M_get_insert_unique_posERS7_
                0x0000000000016380      0x170 _build/mqtt.o